Component: ARM Compiler 5.06 update 7 (build 960) Tool: armlink [4d3601]

==============================================================================

Section Cross References

    startup_stm32f407xx.o(RESET) refers to startup_stm32f407xx.o(STACK) for __initial_sp
    startup_stm32f407xx.o(RESET) refers to startup_stm32f407xx.o(.text) for Reset_Handler
    startup_stm32f407xx.o(RESET) refers to stm32f4xx_it.o(i.NMI_Handler) for NMI_Handler
    startup_stm32f407xx.o(RESET) refers to stm32f4xx_it.o(i.HardFault_Handler) for HardFault_Handler
    startup_stm32f407xx.o(RESET) refers to stm32f4xx_it.o(i.MemManage_Handler) for MemManage_Handler
    startup_stm32f407xx.o(RESET) refers to stm32f4xx_it.o(i.BusFault_Handler) for BusFault_Handler
    startup_stm32f407xx.o(RESET) refers to stm32f4xx_it.o(i.UsageFault_Handler) for UsageFault_Handler
    startup_stm32f407xx.o(RESET) refers to port.o(.emb_text) for SVC_Handler
    startup_stm32f407xx.o(RESET) refers to stm32f4xx_it.o(i.DebugMon_Handler) for DebugMon_Handler
    startup_stm32f407xx.o(RESET) refers to port.o(i.SysTick_Handler) for SysTick_Handler
    startup_stm32f407xx.o(RESET) refers to stm32f4xx_it.o(i.TIM2_IRQHandler) for TIM2_IRQHandler
    startup_stm32f407xx.o(RESET) refers to stm32f4xx_it.o(i.TIM3_IRQHandler) for TIM3_IRQHandler
    startup_stm32f407xx.o(RESET) refers to stm32f4xx_it.o(i.USART1_IRQHandler) for USART1_IRQHandler
    startup_stm32f407xx.o(RESET) refers to stm32f4xx_it.o(i.TIM7_IRQHandler) for TIM7_IRQHandler
    startup_stm32f407xx.o(RESET) refers to stm32f4xx_it.o(i.USART6_IRQHandler) for USART6_IRQHandler
    startup_stm32f407xx.o(.text) refers to system_stm32f4xx.o(i.SystemInit) for SystemInit
    startup_stm32f407xx.o(.text) refers to entry.o(.ARM.Collect$$$$00000000) for __main
    main.o(i.HAL_TIM_PeriodElapsedCallback) refers to stm32f4xx_hal.o(i.HAL_IncTick) for HAL_IncTick
    main.o(i.HAL_TIM_PeriodElapsedCallback) refers to modbus.o(.bss) for modbus
    main.o(i.SystemClock_Config) refers to memseta.o(.text) for __aeabi_memclr4
    main.o(i.SystemClock_Config) refers to stm32f4xx_hal_rcc.o(i.HAL_RCC_OscConfig) for HAL_RCC_OscConfig
    main.o(i.SystemClock_Config) refers to stm32f4xx_hal_rcc.o(i.HAL_RCC_ClockConfig) for HAL_RCC_ClockConfig
    main.o(i.main) refers to stm32f4xx_hal.o(i.HAL_Init) for HAL_Init
    main.o(i.main) refers to main.o(i.SystemClock_Config) for SystemClock_Config
    main.o(i.main) refers to gpio.o(i.MX_GPIO_Init) for MX_GPIO_Init
    main.o(i.main) refers to usart.o(i.MX_USART6_UART_Init) for MX_USART6_UART_Init
    main.o(i.main) refers to tim.o(i.MX_TIM2_Init) for MX_TIM2_Init
    main.o(i.main) refers to rtc.o(i.MX_RTC_Init) for MX_RTC_Init
    main.o(i.main) refers to tim.o(i.MX_TIM3_Init) for MX_TIM3_Init
    main.o(i.main) refers to usart.o(i.MX_USART1_UART_Init) for MX_USART1_UART_Init
    main.o(i.main) refers to adc.o(i.MX_ADC1_Init) for MX_ADC1_Init
    main.o(i.main) refers to stm32f4xx_hal_gpio.o(i.HAL_GPIO_WritePin) for HAL_GPIO_WritePin
    main.o(i.main) refers to modbus.o(i.Modbus_Init) for Modbus_Init
    main.o(i.main) refers to freertos.o(i.MX_FREERTOS_Init) for MX_FREERTOS_Init
    main.o(i.main) refers to cmsis_os.o(i.osKernelStart) for osKernelStart
    gpio.o(i.MX_GPIO_Init) refers to memseta.o(.text) for __aeabi_memclr4
    gpio.o(i.MX_GPIO_Init) refers to stm32f4xx_hal_gpio.o(i.HAL_GPIO_WritePin) for HAL_GPIO_WritePin
    gpio.o(i.MX_GPIO_Init) refers to stm32f4xx_hal_gpio.o(i.HAL_GPIO_Init) for HAL_GPIO_Init
    freertos.o(i.MX_FREERTOS_Init) refers to memcpya.o(.text) for __aeabi_memcpy4
    freertos.o(i.MX_FREERTOS_Init) refers to cmsis_os.o(i.osThreadCreate) for osThreadCreate
    freertos.o(i.MX_FREERTOS_Init) refers to freertos.o(.constdata) for .constdata
    freertos.o(i.MX_FREERTOS_Init) refers to freertos.o(.data) for .data
    freertos.o(i.Start_BOOT_Task) refers to cmsis_os.o(i.osDelay) for osDelay
    freertos.o(i.Start_FAN_Task) refers to stm32f4xx_hal_gpio.o(i.HAL_GPIO_WritePin) for HAL_GPIO_WritePin
    freertos.o(i.Start_FAN_Task) refers to cmsis_os.o(i.osDelay) for osDelay
    freertos.o(i.Start_FAN_Task) refers to modbus.o(.data) for Reg
    freertos.o(i.Start_Float_To_U32_Task) refers to float_to_u32.o(i.Float_To_U32) for Float_To_U32
    freertos.o(i.Start_Float_To_U32_Task) refers to cmsis_os.o(i.osDelay) for osDelay
    freertos.o(i.Start_LED_Task) refers to stm32f4xx_hal_gpio.o(i.HAL_GPIO_TogglePin) for HAL_GPIO_TogglePin
    freertos.o(i.Start_LED_Task) refers to cmsis_os.o(i.osDelay) for osDelay
    freertos.o(i.Start_Modbus_Task) refers to modbus.o(i.Modbus_Event) for Modbus_Event
    freertos.o(i.Start_Modbus_Task) refers to modbus.o(.bss) for modbus
    freertos.o(i.Start_PWR_Task) refers to cmsis_os.o(i.osDelay) for osDelay
    freertos.o(i.Start_PWR_Task) refers to pwr_on_off.o(i.PWR_ON_OFF) for PWR_ON_OFF
    freertos.o(i.Start_liquid) refers to flash_write_read.o(i.STMFLASH_Read) for STMFLASH_Read
[...]
    .ARM.Collect$$$$00002712                 0x0800019c   Section        4  entry2.o(.ARM.Collect$$$$00002712)
    __lit__00000000                          0x0800019c   Data           4  entry2.o(.ARM.Collect$$$$00002712)
    .emb_text                                0x080001a0   Section      190  port.o(.emb_text)
    $v0                                      0x080001a0   Number         0  port.o(.emb_text)
    .text                                    0x08000260   Section       36  startup_stm32f407xx.o(.text)
    $v0                                      0x08000260   Number         0  startup_stm32f407xx.o(.text)
    .text                                    0x08000284   Section        0  uldiv.o(.text)
    .text                                    0x080002e6   Section        0  memcpya.o(.text)
    .text                                    0x0800030a   Section        0  memseta.o(.text)
    .text                                    0x0800032e   Section        0  llshl.o(.text)
    .text                                    0x0800034c   Section        0  llushr.o(.text)
    .text                                    0x0800036c   Section       36  init.o(.text)
    i.ADC_Init                               0x08000390   Section        0  stm32f4xx_hal_adc.o(i.ADC_Init)
    ADC_Init                                 0x08000391   Thumb Code   284  stm32f4xx_hal_adc.o(i.ADC_Init)
    i.BusFault_Handler                       0x080004b8   Section        0  stm32f4xx_it.o(i.BusFault_Handler)
    i.DebugMon_Handler                       0x080004ba   Section        0  stm32f4xx_it.o(i.DebugMon_Handler)
    i.Error_Handler                          0x080004bc   Section        0  main.o(i.Error_Handler)
    i.FLASH_Erase_Sector                     0x080004c0   Section        0  stm32f4xx_hal_flash_ex.o(i.FLASH_Erase_Sector)
    i.FLASH_FlushCaches                      0x08000510   Section        0  stm32f4xx_hal_flash_ex.o(i.FLASH_FlushCaches)
    i.FLASH_MassErase                        0x08000564   Section        0  stm32f4xx_hal_flash_ex.o(i.FLASH_MassErase)
    FLASH_MassErase                          0x08000565   Thumb Code    34  stm32f4xx_hal_flash_ex.o(i.FLASH_MassErase)
    i.FLASH_Program_Byte                     0x0800058c   Section        0  stm32f4xx_hal_flash.o(i.FLASH_Program_Byte)
    FLASH_Program_Byte                       0x0800058d   Thumb Code    26  stm32f4xx_hal_flash.o(i.FLASH_Program_Byte)
    i.FLASH_Program_DoubleWord               0x080005ac   Section        0  stm32f4xx_hal_flash.o(i.FLASH_Program_DoubleWord)
    FLASH_Program_DoubleWord                 0x080005ad   Thumb Code    38  stm32f4xx_hal_flash.o(i.FLASH_Program_DoubleWord)
    i.FLASH_Program_HalfWord                 0x080005d8   Section        0  stm32f4xx_hal_flash.o(i.FLASH_Program_HalfWord)
    FLASH_Program_HalfWord                   0x080005d9   Thumb Code    30  stm32f4xx_hal_flash.o(i.FLASH_Program_HalfWord)
    i.FLASH_Program_Word                     0x080005fc   Section        0  stm32f4xx_hal_flash.o(i.FLASH_Program_Word)
    FLASH_Program_Word                       0x080005fd   Thumb Code    30  stm32f4xx_hal_flash.o(i.FLASH_Program_Word)
    i.FLASH_SetErrorCode                     0x08000620   Section        0  stm32f4xx_hal_flash.o(i.FLASH_SetErrorCode)
    FLASH_SetErrorCode                       0x08000621   Thumb Code    96  stm32f4xx_hal_flash.o(i.FLASH_SetErrorCode)
    i.FLASH_WaitForLastOperation             0x08000688   Section        0  stm32f4xx_hal_flash.o(i.FLASH_WaitForLastOperation)
    i.Float_To_U32                           0x080006d8   Section        0  float_to_u32.o(i.Float_To_U32)
    i.HAL_ADC_ConfigChannel                  0x08000728   Section        0  stm32f4xx_hal_adc.o(i.HAL_ADC_ConfigChannel)
    i.HAL_ADC_Init                           0x08000874   Section        0  stm32f4xx_hal_adc.o(i.HAL_ADC_Init)
    i.HAL_ADC_MspInit                        0x080008c8   Section        0  adc.o(i.HAL_ADC_MspInit)
    i.HAL_DMA_Abort                          0x08000928   Section        0  stm32f4xx_hal_dma.o(i.HAL_DMA_Abort)
    i.HAL_DMA_Abort_IT                       0x080009ba   Section        0  stm32f4xx_hal_dma.o(i.HAL_DMA_Abort_IT)
    i.HAL_Delay                              0x080009e0   Section        0  stm32f4xx_hal.o(i.HAL_Delay)
    i.HAL_FLASHEx_Erase                      0x08000a04   Section        0  stm32f4xx_hal_flash_ex.o(i.HAL_FLASHEx_Erase)
    i.HAL_FLASH_Lock                         0x08000a9c   Section        0  stm32f4xx_hal_flash.o(i.HAL_FLASH_Lock)
    i.HAL_FLASH_Program                      0x08000ab0   Section        0  stm32f4xx_hal_flash.o(i.HAL_FLASH_Program)
    i.HAL_FLASH_Unlock                       0x08000b2c   Section        0  stm32f4xx_hal_flash.o(i.HAL_FLASH_Unlock)
    i.HAL_GPIO_Init                          0x08000b58   Section        0  stm32f4xx_hal_gpio.o(i.HAL_GPIO_Init)
    i.HAL_GPIO_ReadPin                       0x08000d48   Section        0  stm32f4xx_hal_gpio.o(i.HAL_GPIO_ReadPin)
    i.HAL_GPIO_TogglePin                     0x08000d52   Section        0  stm32f4xx_hal_gpio.o(i.HAL_GPIO_TogglePin)
    i.HAL_GPIO_WritePin                      0x08000d62   Section        0  stm32f4xx_hal_gpio.o(i.HAL_GPIO_WritePin)
    i.HAL_GetTick                            0x08000d6c   Section        0  stm32f4xx_hal.o(i.HAL_GetTick)
    i.HAL_IncTick                            0x08000d78   Section        0  stm32f4xx_hal.o(i.HAL_IncTick)
    i.HAL_Init                               0x08000d88   Section        0  stm32f4xx_hal.o(i.HAL_Init)
    i.HAL_InitTick                           0x08000dbc   Section        0  stm32f4xx_hal_timebase_tim.o(i.HAL_InitTick)
    i.HAL_MspInit                            0x08000e54   Section        0  stm32f4xx_hal_msp.o(i.HAL_MspInit)
    i.HAL_NVIC_EnableIRQ                     0x08000e8c   Section        0  stm32f4xx_hal_cortex.o(i.HAL_NVIC_EnableIRQ)
    i.HAL_NVIC_SetPriority                   0x08000ea8   Section        0  stm32f4xx_hal_cortex.o(i.HAL_NVIC_SetPriority)
    i.HAL_NVIC_SetPriorityGrouping           0x08000ee8   Section        0  stm32f4xx_hal_cortex.o(i.HAL_NVIC_SetPriorityGrouping)
    i.HAL_NVIC_SystemReset                   0x08000f0c   Section        0  stm32f4xx_hal_cortex.o(i.HAL_NVIC_SystemReset)
    i.HAL_RCCEx_PeriphCLKConfig              0x08000f30   Section        0  stm32f4xx_hal_rcc_ex.o(i.HAL_RCCEx_PeriphCLKConfig)
    i.HAL_RCC_ClockConfig                    0x0800106c   Section        0  stm32f4xx_hal_rcc.o(i.HAL_RCC_ClockConfig)
    i.HAL_RCC_GetClockConfig                 0x080011a0   Section        0  stm32f4xx_hal_rcc.o(i.HAL_RCC_GetClockConfig)
    i.HAL_RCC_GetPCLK1Freq                   0x080011e0   Section        0  stm32f4xx_hal_rcc.o(i.HAL_RCC_GetPCLK1Freq)
    i.HAL_RCC_GetPCLK2Freq                   0x08001200   Section        0  stm32f4xx_hal_rcc.o(i.HAL_RCC_GetPCLK2Freq)
    i.HAL_RCC_GetSysClockFreq                0x08001220   Section        0  stm32f4xx_hal_rcc.o(i.HAL_RCC_GetSysClockFreq)
    i.HAL_RCC_OscConfig                      0x08001280   Section        0  stm32f4xx_hal_rcc.o(i.HAL_RCC_OscConfig)
    i.HAL_RTCEx_SetWakeUpTimer               0x080015ec   Section        0  stm32f4xx_hal_rtc_ex.o(i.HAL_RTCEx_SetWakeUpTimer)
    i.HAL_RTC_Init                           0x080016c0   Section        0  stm32f4xx_hal_rtc.o(i.HAL_RTC_Init)
    i.HAL_RTC_MspInit                        0x0800175c   Section        0  rtc.o(i.HAL_RTC_MspInit)
    i.HAL_RTC_SetDate                        0x08001794   Section        0  stm32f4xx_hal_rtc.o(i.HAL_RTC_SetDate)
    i.HAL_RTC_SetTime                        0x0800182c   Section        0  stm32f4xx_hal_rtc.o(i.HAL_RTC_SetTime)
    i.HAL_RTC_WaitForSynchro                 0x080018ec   Section        0  stm32f4xx_hal_rtc.o(i.HAL_RTC_WaitForSynchro)
    i.HAL_TIMEx_BreakCallback                0x08001924   Section        0  stm32f4xx_hal_tim_ex.o(i.HAL_TIMEx_BreakCallback)
    i.HAL_TIMEx_CommutCallback               0x08001926   Section        0  stm32f4xx_hal_tim_ex.o(i.HAL_TIMEx_CommutCallback)
    i.HAL_TIMEx_MasterConfigSynchronization  0x08001928   Section        0  stm32f4xx_hal_tim_ex.o(i.HAL_TIMEx_MasterConfigSynchronization)
    i.HAL_TIM_Base_Init                      0x080019b8   Section        0  stm32f4xx_hal_tim.o(i.HAL_TIM_Base_Init)
    i.HAL_TIM_Base_MspInit                   0x08001a14   Section        0  tim.o(i.HAL_TIM_Base_MspInit)
    i.HAL_TIM_Base_Start_IT                  0x08001a74   Section        0  stm32f4xx_hal_tim.o(i.HAL_TIM_Base_Start_IT)
    i.HAL_TIM_ConfigClockSource              0x08001af4   Section        0  stm32f4xx_hal_tim.o(i.HAL_TIM_ConfigClockSource)
    i.HAL_TIM_IC_CaptureCallback             0x08001bd0   Section        0  stm32f4xx_hal_tim.o(i.HAL_TIM_IC_CaptureCallback)
    i.HAL_TIM_IRQHandler                     0x08001bd2   Section        0  stm32f4xx_hal_tim.o(i.HAL_TIM_IRQHandler)
    i.HAL_TIM_OC_DelayElapsedCallback        0x08001d02   Section        0  stm32f4xx_hal_tim.o(i.HAL_TIM_OC_DelayElapsedCallback)
    i.HAL_TIM_PWM_PulseFinishedCallback      0x08001d04   Section        0  stm32f4xx_hal_tim.o(i.HAL_TIM_PWM_PulseFinishedCallback)
    i.HAL_TIM_PeriodElapsedCallback          0x08001d08   Section        0  main.o(i.HAL_TIM_PeriodElapsedCallback)
    i.HAL_TIM_TriggerCallback                0x08001d68   Section        0  stm32f4xx_hal_tim.o(i.HAL_TIM_TriggerCallback)
    i.HAL_UARTEx_RxEventCallback             0x08001d6a   Section        0  stm32f4xx_hal_uart.o(i.HAL_UARTEx_RxEventCallback)
    i.HAL_UART_ErrorCallback                 0x08001d6c   Section        0  stm32f4xx_hal_uart.o(i.HAL_UART_ErrorCallback)
    i.HAL_UART_IRQHandler                    0x08001d70   Section        0  stm32f4xx_hal_uart.o(i.HAL_UART_IRQHandler)
    i.HAL_UART_Init                          0x08001fe0   Section        0  stm32f4xx_hal_uart.o(i.HAL_UART_Init)
    i.HAL_UART_MspInit                       0x08002044   Section        0  usart.o(i.HAL_UART_MspInit)
    i.HAL_UART_RxCpltCallback                0x0800210c   Section        0  stm32f4xx_hal_uart.o(i.HAL_UART_RxCpltCallback)
    i.HAL_UART_Transmit                      0x0800210e   Section        0  stm32f4xx_hal_uart.o(i.HAL_UART_Transmit)
    i.HAL_UART_TxCpltCallback                0x080021ae   Section        0  stm32f4xx_hal_uart.o(i.HAL_UART_TxCpltCallback)
    i.HardFault_Handler                      0x080021b0   Section        0  stm32f4xx_it.o(i.HardFault_Handler)
    i.MX_ADC1_Init                           0x080021b4   Section        0  adc.o(i.MX_ADC1_Init)
    i.MX_FREERTOS_Init                       0x08002218   Section        0  freertos.o(i.MX_FREERTOS_Init)
    i.MX_GPIO_Init                           0x080022c4   Section        0  gpio.o(i.MX_GPIO_Init)
    i.MX_RTC_Init                            0x080023f0   Section        0  rtc.o(i.MX_RTC_Init)
    i.MX_TIM2_Init                           0x08002484   Section        0  tim.o(i.MX_TIM2_Init)
    i.MX_TIM3_Init                           0x080024e8   Section        0  tim.o(i.MX_TIM3_Init)
    i.MX_USART1_UART_Init                    0x08002554   Section        0  usart.o(i.MX_USART1_UART_Init)
    i.MX_USART6_UART_Init                    0x08002594   Section        0  usart.o(i.MX_USART6_UART_Init)
    i.MemManage_Handler                      0x080025cc   Section        0  stm32f4xx_it.o(i.MemManage_Handler)
    i.Modbus_CRC16                           0x080025d0   Section        0  modbus_crc.o(i.Modbus_CRC16)
    i.Modbus_Event                           0x080025fc   Section        0  modbus.o(i.Modbus_Event)
    i.Modbus_Func16                          0x0800266c   Section        0  modbus.o(i.Modbus_Func16)
    i.Modbus_Func3                           0x08002704   Section        0  modbus.o(i.Modbus_Func3)
    i.Modbus_Func6                           0x080027a4   Section        0  modbus.o(i.Modbus_Func6)
    i.Modbus_Init                            0x08002820   Section        0  modbus.o(i.Modbus_Init)
    i.Modbus_Send_Byte                       0x08002838   Section        0  usart.o(i.Modbus_Send_Byte)
    i.NMI_Handler                            0x0800284c   Section        0  stm32f4xx_it.o(i.NMI_Handler)
    i.PWR_ON_OFF                             0x08002850   Section        0  pwr_on_off.o(i.PWR_ON_OFF)
    i.RTC_ByteToBcd2                         0x0800288c   Section        0  stm32f4xx_hal_rtc.o(i.RTC_ByteToBcd2)
    i.RTC_EnterInitMode                      0x080028a4   Section        0  stm32f4xx_hal_rtc.o(i.RTC_EnterInitMode)
    i.RTC_ExitInitMode                       0x080028ec   Section        0  stm32f4xx_hal_rtc.o(i.RTC_ExitInitMode)
    i.STMFLASH_GetFlashSector                0x08002918   Section        0  flash_write_read.o(i.STMFLASH_GetFlashSector)
    i.STMFLASH_Read                          0x080029b8   Section        0  flash_write_read.o(i.STMFLASH_Read)
    i.STMFLASH_Write                         0x080029cc   Section        0  flash_write_read.o(i.STMFLASH_Write)
    i.Start_BOOT_Task                        0x08002a64   Section        0  freertos.o(i.Start_BOOT_Task)
    i.Start_FAN_Task                         0x08002a6c   Section        0  freertos.o(i.Start_FAN_Task)
    i.Start_Float_To_U32_Task                0x08002ac8   Section        0  freertos.o(i.Start_Float_To_U32_Task)
    i.Start_LED_Task                         0x08002af8   Section        0  freertos.o(i.Start_LED_Task)
    i.Start_Modbus_Task                      0x08002b14   Section        0  freertos.o(i.Start_Modbus_Task)
    i.Start_PWR_Task                         0x08002b2c   Section        0  freertos.o(i.Start_PWR_Task)
    i.Start_liquid                           0x08002b3c   Section        0  freertos.o(i.Start_liquid)
    i.SysTick_Handler                        0x08002c28   Section        0  port.o(i.SysTick_Handler)
    i.SystemClock_Config                     0x08002c54   Section        0  main.o(i.SystemClock_Config)
    i.SystemInit                             0x08002ce8   Section        0  system_stm32f4xx.o(i.SystemInit)
    i.TIM2_IRQHandler                        0x08002cf8   Section        0  stm32f4xx_it.o(i.TIM2_IRQHandler)
    i.TIM3_IRQHandler                        0x08002d04   Section        0  stm32f4xx_it.o(i.TIM3_IRQHandler)
    i.TIM7_IRQHandler                        0x08002d10   Section        0  stm32f4xx_it.o(i.TIM7_IRQHandler)
    i.TIM_Base_SetConfig                     0x08002d1c   Section        0  stm32f4xx_hal_tim.o(i.TIM_Base_SetConfig)
    i.TIM_ETR_SetConfig                      0x08002df4   Section        0  stm32f4xx_hal_tim.o(i.TIM_ETR_SetConfig)
    i.TIM_ITRx_SetConfig                     0x08002e08   Section        0  stm32f4xx_hal_tim.o(i.TIM_ITRx_SetConfig)
    TIM_ITRx_SetConfig                       0x08002e09   Thumb Code    16  stm32f4xx_hal_tim.o(i.TIM_ITRx_SetConfig)
    i.TIM_TI1_ConfigInputStage               0x08002e18   Section        0  stm32f4xx_hal_tim.o(i.TIM_TI1_ConfigInputStage)
    TIM_TI1_ConfigInputStage                 0x08002e19   Thumb Code    34  stm32f4xx_hal_tim.o(i.TIM_TI1_ConfigInputStage)
    i.TIM_TI2_ConfigInputStage               0x08002e3a   Section        0  stm32f4xx_hal_tim.o(i.TIM_TI2_ConfigInputStage)
    TIM_TI2_ConfigInputStage                 0x08002e3b   Thumb Code    36  stm32f4xx_hal_tim.o(i.TIM_TI2_ConfigInputStage)
    i.UART_DMAAbortOnError                   0x08002e5e   Section        0  stm32f4xx_hal_uart.o(i.UART_DMAAbortOnError)
    UART_DMAAbortOnError                     0x08002e5f   Thumb Code    16  stm32f4xx_hal_uart.o(i.UART_DMAAbortOnError)
    i.UART_EndRxTransfer                     0x08002e6e   Section        0  stm32f4xx_hal_uart.o(i.UART_EndRxTransfer)
    UART_EndRxTransfer                       0x08002e6f   Thumb Code    78  stm32f4xx_hal_uart.o(i.UART_EndRxTransfer)
    i.UART_Receive_IT                        0x08002ebc   Section        0  stm32f4xx_hal_uart.o(i.UART_Receive_IT)
    UART_Receive_IT                          0x08002ebd   Thumb Code   194  stm32f4xx_hal_uart.o(i.UART_Receive_IT)
    i.UART_SetConfig                         0x08002f80   Section        0  stm32f4xx_hal_uart.o(i.UART_SetConfig)
    UART_SetConfig                           0x08002f81   Thumb Code   258  stm32f4xx_hal_uart.o(i.UART_SetConfig)
    i.UART_WaitOnFlagUntilTimeout            0x0800308c   Section        0  stm32f4xx_hal_uart.o(i.UART_WaitOnFlagUntilTimeout)
    UART_WaitOnFlagUntilTimeout              0x0800308d   Thumb Code   114  stm32f4xx_hal_uart.o(i.UART_WaitOnFlagUntilTimeout)
    i.USART1_IRQHandler                      0x08003100   Section        0  stm32f4xx_it.o(i.USART1_IRQHandler)
    i.USART6_IRQHandler                      0x08003158   Section        0  stm32f4xx_it.o(i.USART6_IRQHandler)
    i.UsageFault_Handler                     0x08003164   Section        0  stm32f4xx_it.o(i.UsageFault_Handler)
    i.Water_tank_liquid_high                 0x08003168   Section        0  water_tank_liquid.o(i.Water_tank_liquid_high)
    i.Water_tank_liquid_low                  0x08003194   Section        0  water_tank_liquid.o(i.Water_tank_liquid_low)
    i.__0printf$5                            0x080031c0   Section        0  printf5.o(i.__0printf$5)
    i.__NVIC_SetPriority                     0x080031e0   Section        0  stm32f4xx_hal_cortex.o(i.__NVIC_SetPriority)
    __NVIC_SetPriority                       0x080031e1   Thumb Code    32  stm32f4xx_hal_cortex.o(i.__NVIC_SetPriority)
    i.__scatterload_copy                     0x08003200   Section       14  handlers.o(i.__scatterload_copy)
    i.__scatterload_null                     0x0800320e   Section        2  handlers.o(i.__scatterload_null)
    i.__scatterload_zeroinit                 0x08003210   Section       14  handlers.o(i.__scatterload_zeroinit)
    i._printf_core                           0x08003220   Section        0  printf5.o(i._printf_core)
    _printf_core                             0x08003221   Thumb Code   660  printf5.o(i._printf_core)
    i.fputc                                  0x080034e0   Section        0  usart.o(i.fputc)
    i.main                                   0x080034f8   Section        0  main.o(i.main)
    i.makeFreeRtosPriority                   0x08003538   Section        0  cmsis_os.o(i.makeFreeRtosPriority)
    makeFreeRtosPriority                     0x08003539   Thumb Code    12  cmsis_os.o(i.makeFreeRtosPriority)
    i.osDelay                                0x08003544   Section        0  cmsis_os.o(i.osDelay)
    i.osKernelStart                          0x08003552   Section        0  cmsis_os.o(i.osKernelStart)
    i.osThreadCreate                         0x0800355c   Section        0  cmsis_os.o(i.osThreadCreate)
    i.prvAddCurrentTaskToDelayedList         0x080035b0   Section        0  tasks.o(i.prvAddCurrentTaskToDelayedList)
    prvAddCurrentTaskToDelayedList           0x080035b1   Thumb Code   102  tasks.o(i.prvAddCurrentTaskToDelayedList)
    i.prvAddNewTaskToReadyList               0x08003620   Section        0  tasks.o(i.prvAddNewTaskToReadyList)
    prvAddNewTaskToReadyList                 0x08003621   Thumb Code   194  tasks.o(i.prvAddNewTaskToReadyList)
    i.prvDeleteTCB                           0x080036f0   Section        0  tasks.o(i.prvDeleteTCB)
    prvDeleteTCB                             0x080036f1   Thumb Code    52  tasks.o(i.prvDeleteTCB)
    i.prvHeapInit                            0x08003724   Section        0  heap_4.o(i.prvHeapInit)
    prvHeapInit                              0x08003725   Thumb Code    66  heap_4.o(i.prvHeapInit)
    i.prvIdleTask                            0x08003770   Section        0  tasks.o(i.prvIdleTask)
    prvIdleTask                              0x08003771   Thumb Code    82  tasks.o(i.prvIdleTask)
    i.prvInitialiseNewTask                   0x080037d0   Section        0  tasks.o(i.prvInitialiseNewTask)
    prvInitialiseNewTask                     0x080037d1   Thumb Code   152  tasks.o(i.prvInitialiseNewTask)
    i.prvInsertBlockIntoFreeList             0x08003868   Section        0  heap_4.o(i.prvInsertBlockIntoFreeList)
    prvInsertBlockIntoFreeList               0x08003869   Thumb Code    72  heap_4.o(i.prvInsertBlockIntoFreeList)
    i.prvResetNextTaskUnblockTime            0x080038b4   Section        0  tasks.o(i.prvResetNextTaskUnblockTime)
    prvResetNextTaskUnblockTime              0x080038b5   Thumb Code    26  tasks.o(i.prvResetNextTaskUnblockTime)
    i.prvTaskExitError                       0x080038d4   Section        0  port.o(i.prvTaskExitError)
    prvTaskExitError                         0x080038d5   Thumb Code    36  port.o(i.prvTaskExitError)
    i.pvPortMalloc                           0x080038fc   Section        0  heap_4.o(i.pvPortMalloc)
    i.pxPortInitialiseStack                  0x080039d8   Section        0  port.o(i.pxPortInitialiseStack)
    i.uxListRemove                           0x08003a04   Section        0  list.o(i.uxListRemove)
    i.vApplicationGetIdleTaskMemory          0x08003a2c   Section        0  freertos.o(i.vApplicationGetIdleTaskMemory)
    i.vListInitialise                        0x08003a40   Section        0  list.o(i.vListInitialise)
    i.vListInitialiseItem                    0x08003a56   Section        0  list.o(i.vListInitialiseItem)
    i.vListInsert                            0x08003a5c   Section        0  list.o(i.vListInsert)
    i.vListInsertEnd                         0x08003a8c   Section        0  list.o(i.vListInsertEnd)
    i.vPortEnterCritical                     0x08003aa4   Section        0  port.o(i.vPortEnterCritical)
    i.vPortExitCritical                      0x08003ae4   Section        0  port.o(i.vPortExitCritical)
    i.vPortFree                              0x08003b0c   Section        0  heap_4.o(i.vPortFree)
    i.vPortSetupTimerInterrupt               0x08003b70   Section        0  port.o(i.vPortSetupTimerInterrupt)
    i.vTaskDelay                             0x08003b94   Section        0  tasks.o(i.vTaskDelay)
    i.vTaskStartScheduler                    0x08003be0   Section        0  tasks.o(i.vTaskStartScheduler)
    i.vTaskSuspendAll                        0x08003c4c   Section        0  tasks.o(i.vTaskSuspendAll)
    i.vTaskSwitchContext                     0x08003c5c   Section        0  tasks.o(i.vTaskSwitchContext)
    i.xPortStartScheduler                    0x08003cb8   Section        0  port.o(i.xPortStartScheduler)
    i.xTaskCreate                            0x08003dac   Section        0  tasks.o(i.xTaskCreate)
    i.xTaskCreateStatic                      0x08003e06   Section        0  tasks.o(i.xTaskCreateStatic)
    i.xTaskIncrementTick                     0x08003e5c   Section        0  tasks.o(i.xTaskIncrementTick)
    i.xTaskResumeAll                         0x08003f28   Section        0  tasks.o(i.xTaskResumeAll)
    .constdata                               0x08003fec   Section      196  freertos.o(.constdata)
    .constdata                               0x080040b0   Section       16  system_stm32f4xx.o(.constdata)
    .constdata                               0x080040c0   Section        8  system_stm32f4xx.o(.constdata)
    .constdata                               0x080040c8   Section      512  modbus_crc.o(.constdata)
    .conststring                             0x080042c8   Section       84  freertos.o(.conststring)
    .data                                    0x20000000   Section       28  freertos.o(.data)
    .data                                    0x2000001c   Section       12  stm32f4xx_hal.o(.data)
    .data                                    0x20000028   Section        4  system_stm32f4xx.o(.data)
    .data                                    0x2000002c   Section       60  tasks.o(.data)
    uxDeletedTasksWaitingCleanUp             0x20000030   Data           4  tasks.o(.data)
    uxCurrentNumberOfTasks                   0x20000034   Data           4  tasks.o(.data)
    xTickCount                               0x20000038   Data           4  tasks.o(.data)
    uxTopReadyPriority                       0x2000003c   Data           4  tasks.o(.data)
    xSchedulerRunning                        0x20000040   Data           4  tasks.o(.data)
    xPendedTicks                             0x20000044   Data           4  tasks.o(.data)
    xYieldPending                            0x20000048   Data           4  tasks.o(.data)
    xNumOfOverflows                          0x2000004c   Data           4  tasks.o(.data)
    uxTaskNumber                             0x20000050   Data           4  tasks.o(.data)
    xNextTaskUnblockTime                     0x20000054   Data           4  tasks.o(.data)
    xIdleTaskHandle                          0x20000058   Data           4  tasks.o(.data)
    uxSchedulerSuspended                     0x2000005c   Data           4  tasks.o(.data)
    pxDelayedTaskList                        0x20000060   Data           4  tasks.o(.data)
    pxOverflowDelayedTaskList                0x20000064   Data           4  tasks.o(.data)
    .data                                    0x20000068   Section       32  heap_4.o(.data)
    pxEnd                                    0x20000068   Data           4  heap_4.o(.data)
    xFreeBytesRemaining                      0x2000006c   Data           4  heap_4.o(.data)
    xMinimumEverFreeBytesRemaining           0x20000070   Data           4  heap_4.o(.data)
    xNumberOfSuccessfulAllocations           0x20000074   Data           4  heap_4.o(.data)
    xNumberOfSuccessfulFrees                 0x20000078   Data           4  heap_4.o(.data)
    xBlockAllocatedBit                       0x2000007c   Data           4  heap_4.o(.data)
    xStart                                   0x20000080   Data           8  heap_4.o(.data)
    .data                                    0x20000088   Section       12  port.o(.data)
    ucMaxSysCallPriority                     0x20000088   Data           1  port.o(.data)
    uxCriticalNesting                        0x2000008c   Data           4  port.o(.data)
    ulMaxPRIGROUPValue                       0x20000090   Data           4  port.o(.data)
    .data                                    0x20000094   Section       16  modbus.o(.data)
    .data                                    0x200000a4   Section        1  modbus.o(.data)
    .data                                    0x200000a6   Section        2  flash_write_read.o(.data)
    .data                                    0x200000a8   Section        4  stdout.o(.data)
    .bss                                     0x200000ac   Section      596  freertos.o(.bss)
    xIdleTaskTCBBuffer                       0x200000ac   Data          84  freertos.o(.bss)
    xIdleStack                               0x20000100   Data         512  freertos.o(.bss)
    .bss                                     0x20000300   Section       72  adc.o(.bss)
    .bss                                     0x20000348   Section       32  rtc.o(.bss)
    .bss                                     0x20000368   Section      144  tim.o(.bss)
    .bss                                     0x200003f8   Section      144  usart.o(.bss)
    .bss                                     0x20000488   Section       72  stm32f4xx_hal_timebase_tim.o(.bss)
    .bss                                     0x200004d0   Section       32  stm32f4xx_hal_flash.o(.bss)
    .bss                                     0x200004f0   Section      240  tasks.o(.bss)
    pxReadyTasksLists                        0x200004f0   Data         140  tasks.o(.bss)
    xDelayedTaskList1                        0x2000057c   Data          20  tasks.o(.bss)
    xDelayedTaskList2                        0x20000590   Data          20  tasks.o(.bss)
    xPendingReadyList                        0x200005a4   Data          20  tasks.o(.bss)
    xTasksWaitingTermination                 0x200005b8   Data          20  tasks.o(.bss)
    xSuspendedTaskList                       0x200005cc   Data          20  tasks.o(.bss)
    .bss                                     0x200005e0   Section    15360  heap_4.o(.bss)
    ucHeap                                   0x200005e0   Data       15360  heap_4.o(.bss)
    .bss                                     0x200041e0   Section      236  modbus.o(.bss)
    .bss                                     0x200042cc   Section     1000  float_to_u32.o(.bss)
    STACK                                    0x200046b8   Section     1024  startup_stm32f407xx.o(STACK)

    Global Symbols

    Symbol Name                              Value     Ov Type        Size  Object(Section)

    BuildAttributes$$THM_ISAv4$E$P$D$K$B$S$7EM$VFPi3$EXTD16$VFPS$VFMA$PE$A:L22UL41UL21$X:L11$S22US41US21$IEEE1$IW$USESV6$~STKCKD$USESV7$~SHL$OSPACE$ROPI$EBA8$MICROLIB$REQ8$PRES8$EABIv2 0x00000000   Number         0  anon$$obj.o ABSOLUTE
    __ARM_use_no_argv                        0x00000000   Number         0  main.o ABSOLUTE
    _printf_a                                0x00000000   Number         0  stubs.o ABSOLUTE
    _printf_c                                0x00000000   Number         0  stubs.o ABSOLUTE
    _printf_charcount                        0x00000000   Number         0  stubs.o ABSOLUTE
    _printf_d                                0x00000000   Number         0  stubs.o ABSOLUTE
    _printf_e                                0x00000000   Number         0  stubs.o ABSOLUTE
    _printf_f                                0x00000000   Number         0  stubs.o ABSOLUTE
    _printf_flags                            0x00000000   Number         0  stubs.o ABSOLUTE
    _printf_fp_dec                           0x00000000   Number         0  stubs.o ABSOLUTE
    _printf_fp_hex                           0x00000000   Number         0  stubs.o ABSOLUTE
    _printf_g                                0x00000000   Number         0  stubs.o ABSOLUTE
    _printf_i                                0x00000000   Number         0  stubs.o ABSOLUTE
    _printf_int_dec                          0x00000000   Number         0  stubs.o ABSOLUTE
    _printf_l                                0x00000000   Number         0  stubs.o ABSOLUTE
    _printf_lc                               0x00000000   Number         0  stubs.o ABSOLUTE
    _printf_ll                               0x00000000   Number         0  stubs.o ABSOLUTE
    _printf_lld                              0x00000000   Number         0  stubs.o ABSOLUTE
    _printf_lli                              0x00000000   Number         0  stubs.o ABSOLUTE
    _printf_llo                              0x00000000   Number         0  stubs.o ABSOLUTE
    _printf_llu                              0x00000000   Number         0  stubs.o ABSOLUTE
    _printf_llx                              0x00000000   Number         0  stubs.o ABSOLUTE
    _printf_longlong_dec                     0x00000000   Number         0  stubs.o ABSOLUTE
    _printf_longlong_hex                     0x00000000   Number         0  stubs.o ABSOLUTE
    _printf_longlong_oct                     0x00000000   Number         0  stubs.o ABSOLUTE
    _printf_ls                               0x00000000   Number         0  stubs.o ABSOLUTE
    _printf_mbtowc                           0x00000000   Number         0  stubs.o ABSOLUTE
    _printf_n                                0x00000000   Number         0  stubs.o ABSOLUTE
    _printf_o                                0x00000000   Number         0  stubs.o ABSOLUTE
    _printf_p                                0x00000000   Number         0  stubs.o ABSOLUTE
    _printf_percent                          0x00000000   Number         0  stubs.o ABSOLUTE
    _printf_pre_padding                      0x00000000   Number         0  stubs.o ABSOLUTE
    _printf_return_value                     0x00000000   Number         0  stubs.o ABSOLUTE
    _printf_s                                0x00000000   Number         0  stubs.o ABSOLUTE
    _printf_sizespec                         0x00000000   Number         0  stubs.o ABSOLUTE
    _printf_str                              0x00000000   Number         0  stubs.o ABSOLUTE
    _printf_truncate_signed                  0x00000000   Number         0  stubs.o ABSOLUTE
    _printf_truncate_unsigned                0x00000000   Number         0  stubs.o ABSOLUTE
    _printf_u                                0x00000000   Number         0  stubs.o ABSOLUTE
    _printf_wc                               0x00000000   Number         0  stubs.o ABSOLUTE
    _printf_wctomb                           0x00000000   Number         0  stubs.o ABSOLUTE
    _printf_widthprec                        0x00000000   Number         0  stubs.o ABSOLUTE
    _printf_x                                0x00000000   Number         0  stubs.o ABSOLUTE
    __arm_fini_                               - Undefined Weak Reference
    __cpp_initialize__aeabi_                  - Undefined Weak Reference
    __cxa_finalize                            - Undefined Weak Reference
    __decompress                              - Undefined Weak Reference
    _clock_init                               - Undefined Weak Reference
    _microlib_exit                            - Undefined Weak Reference
    __Vectors_Size                           0x00000188   Number         0  startup_stm32f407xx.o ABSOLUTE
    __Vectors                                0x08000000   Data           4  startup_stm32f407xx.o(RESET)
    __Vectors_End                            0x08000188   Data           0  startup_stm32f407xx.o(RESET)
    __main                                   0x08000189   Thumb Code     0  entry.o(.ARM.Collect$$$$00000000)
    _main_stk                                0x08000189   Thumb Code     0  entry2.o(.ARM.Collect$$$$00000001)
    _main_scatterload                        0x0800018d   Thumb Code     0  entry5.o(.ARM.Collect$$$$00000004)
    __main_after_scatterload                 0x08000191   Thumb Code     0  entry5.o(.ARM.Collect$$$$00000004)
    _main_clock                              0x08000191   Thumb Code     0  entry7b.o(.ARM.Collect$$$$00000008)
    _main_cpp_init                           0x08000191   Thumb Code     0  entry8b.o(.ARM.Collect$$$$0000000A)
    _main_init                               0x08000191   Thumb Code     0  entry9a.o(.ARM.Collect$$$$0000000B)
    __rt_lib_shutdown_fini                   0x08000199   Thumb Code     0  entry12b.o(.ARM.Collect$$$$0000000E)
    __rt_final_cpp                           0x0800019d   Thumb Code     0  entry10a.o(.ARM.Collect$$$$0000000F)
    __rt_final_exit                          0x0800019d   Thumb Code     0  entry11a.o(.ARM.Collect$$$$00000011)
    SVC_Handler                              0x080001a1   Thumb Code    28  port.o(.emb_text)
    __asm___6_port_c_39a90d8d__prvStartFirstTask 0x080001c1   Thumb Code    36  port.o(.emb_text)
    __asm___6_port_c_39a90d8d__prvEnableVFP  0x080001e9   Thumb Code    16  port.o(.emb_text)
    PendSV_Handler                           0x080001fd   Thumb Code    88  port.o(.emb_text)
    vPortGetIPSR                             0x08000259   Thumb Code     6  port.o(.emb_text)
    Reset_Handler                            0x08000261   Thumb Code     8  startup_stm32f407xx.o(.text)
    ADC_IRQHandler                           0x0800027b   Thumb Code     0  startup_stm32f407xx.o(.text)
    CAN1_RX0_IRQHandler                      0x0800027b   Thumb Code     0  startup_stm32f407xx.o(.text)
    CAN1_RX1_IRQHandler                      0x0800027b   Thumb Code     0  startup_stm32f407xx.o(.text)
    CAN1_SCE_IRQHandler                      0x0800027b   Thumb Code     0  startup_stm32f407xx.o(.text)
    CAN1_TX_IRQHandler                       0x0800027b   Thumb Code     0  startup_stm32f407xx.o(.text)
    CAN2_RX0_IRQHandler                      0x0800027b   Thumb Code     0  startup_stm32f407xx.o(.text)
    CAN2_RX1_IRQHandler                      0x0800027b   Thumb Code     0  startup_stm32f407xx.o(.text)
    CAN2_SCE_IRQHandler                      0x0800027b   Thumb Code     0  startup_stm32f407xx.o(.text)
    CAN2_TX_IRQHandler                       0x0800027b   Thumb Code     0  startup_stm32f407xx.o(.text)
    DCMI_IRQHandler                          0x0800027b   Thumb Code     0  startup_stm32f407xx.o(.text)
    DMA1_Stream0_IRQHandler                  0x0800027b   Thumb Code     0  startup_stm32f407xx.o(.text)
    DMA1_Stream1_IRQHandler                  0x0800027b   Thumb Code     0  startup_stm32f407xx.o(.text)
    DMA1_Stream2_IRQHandler                  0x0800027b   Thumb Code     0  startup_stm32f407xx.o(.text)
    DMA1_Stream3_IRQHandler                  0x0800027b   Thumb Code     0  startup_stm32f407xx.o(.text)
    DMA1_Stream4_IRQHandler                  0x0800027b   Thumb Code     0  startup_stm32f407xx.o(.text)
    DMA1_Stream5_IRQHandler                  0x0800027b   Thumb Code     0  startup_stm32f407xx.o(.text)
    DMA1_Stream6_IRQHandler                  0x0800027b   Thumb Code     0  startup_stm32f407xx.o(.text)
    DMA1_Stream7_IRQHandler                  0x0800027b   Thumb Code     0  startup_stm32f407xx.o(.text)
    DMA2_Stream0_IRQHandler                  0x0800027b   Thumb Code     0  startup_stm32f407xx.o(.text)
    DMA2_Stream1_IRQHandler                  0x0800027b   Thumb Code     0  startup_stm32f407xx.o(.text)
    DMA2_Stream2_IRQHandler                  0x0800027b   Thumb Code     0  startup_stm32f407xx.o(.text)
    DMA2_Stream3_IRQHandler                  0x0800027b   Thumb Code     0  startup_stm32f407xx.o(.text)
    DMA2_Stream4_IRQHandler                  0x0800027b   Thumb Code     0  startup_stm32f407xx.o(.text)
    DMA2_Stream5_IRQHandler                  0x0800027b   Thumb Code     0  startup_stm32f407xx.o(.text)
    DMA2_Stream6_IRQHandler                  0x0800027b   Thumb Code     0  startup_stm32f407xx.o(.text)
    DMA2_Stream7_IRQHandler                  0x0800027b   Thumb Code     0  startup_stm32f407xx.o(.text)
    ETH_IRQHandler                           0x0800027b   Thumb Code     0  startup_stm32f407xx.o(.text)
    ETH_WKUP_IRQHandler                      0x0800027b   Thumb Code     0  startup_stm32f407xx.o(.text)
    EXTI0_IRQHandler                         0x0800027b   Thumb Code     0  startup_stm32f407xx.o(.text)
    EXTI15_10_IRQHandler                     0x0800027b   Thumb Code     0  startup_stm32f407xx.o(.text)
    EXTI1_IRQHandler                         0x0800027b   Thumb Code     0  startup_stm32f407xx.o(.text)
    EXTI2_IRQHandler                         0x0800027b   Thumb Code     0  startup_stm32f407xx.o(.text)
    EXTI3_IRQHandler                         0x0800027b   Thumb Code     0  startup_stm32f407xx.o(.text)
    EXTI4_IRQHandler                         0x0800027b   Thumb Code     0  startup_stm32f407xx.o(.text)
    EXTI9_5_IRQHandler                       0x0800027b   Thumb Code     0  startup_stm32f407xx.o(.text)
    FLASH_IRQHandler                         0x0800027b   Thumb Code     0  startup_stm32f407xx.o(.text)
    FMC_IRQHandler                           0x0800027b   Thumb Code     0  startup_stm32f407xx.o(.text)
    FPU_IRQHandler                           0x0800027b   Thumb Code     0  startup_stm32f407xx.o(.text)
    HASH_RNG_IRQHandler                      0x0800027b   Thumb Code     0  startup_stm32f407xx.o(.text)
    I2C1_ER_IRQHandler                       0x0800027b   Thumb Code     0  startup_stm32f407xx.o(.text)
    I2C1_EV_IRQHandler                       0x0800027b   Thumb Code     0  startup_stm32f407xx.o(.text)
    I2C2_ER_IRQHandler                       0x0800027b   Thumb Code     0  startup_stm32f407xx.o(.text)
    I2C2_EV_IRQHandler                       0x0800027b   Thumb Code     0  startup_stm32f407xx.o(.text)
    I2C3_ER_IRQHandler                       0x0800027b   Thumb Code     0  startup_stm32f407xx.o(.text)
    I2C3_EV_IRQHandler                       0x0800027b   Thumb Code     0  startup_stm32f407xx.o(.text)
    OTG_FS_IRQHandler                        0x0800027b   Thumb Code     0  startup_stm32f407xx.o(.text)
    OTG_FS_WKUP_IRQHandler                   0x0800027b   Thumb Code     0  startup_stm32f407xx.o(.text)
    OTG_HS_EP1_IN_IRQHandler                 0x0800027b   Thumb Code     0  startup_stm32f407xx.o(.text)
    OTG_HS_EP1_OUT_IRQHandler                0x0800027b   Thumb Code     0  startup_stm32f407xx.o(.text)
    OTG_HS_IRQHandler                        0x0800027b   Thumb Code     0  startup_stm32f407xx.o(.text)
    OTG_HS_WKUP_IRQHandler                   0x0800027b   Thumb Code     0  startup_stm32f407xx.o(.text)
    PVD_IRQHandler                           0x0800027b   Thumb Code     0  startup_stm32f407xx.o(.text)
    RCC_IRQHandler                           0x0800027b   Thumb Code     0  startup_stm32f407xx.o(.text)
    RTC_Alarm_IRQHandler                     0x0800027b   Thumb Code     0  startup_stm32f407xx.o(.text)
    RTC_WKUP_IRQHandler                      0x0800027b   Thumb Code     0  startup_stm32f407xx.o(.text)
    SDIO_IRQHandler                          0x0800027b   Thumb Code     0  startup_stm32f407xx.o(.text)
    SPI1_IRQHandler                          0x0800027b   Thumb Code     0  startup_stm32f407xx.o(.text)
    SPI2_IRQHandler                          0x0800027b   Thumb Code     0  startup_stm32f407xx.o(.text)
    SPI3_IRQHandler                          0x0800027b   Thumb Code     0  startup_stm32f407xx.o(.text)
    TAMP_STAMP_IRQHandler                    0x0800027b   Thumb Code     0  startup_stm32f407xx.o(.text)
    TIM1_BRK_TIM9_IRQHandler                 0x0800027b   Thumb Code     0  startup_stm32f407xx.o(.text)
    TIM1_CC_IRQHandler                       0x0800027b   Thumb Code     0  startup_stm32f407xx.o(.text)
    TIM1_TRG_COM_TIM11_IRQHandler            0x0800027b   Thumb Code     0  startup_stm32f407xx.o(.text)
    TIM1_UP_TIM10_IRQHandler                 0x0800027b   Thumb Code     0  startup_stm32f407xx.o(.text)
    TIM4_IRQHandler                          0x0800027b   Thumb Code     0  startup_stm32f407xx.o(.text)
    TIM5_IRQHandler                          0x0800027b   Thumb Code     0  startup_stm32f407xx.o(.text)
    TIM6_DAC_IRQHandler                      0x0800027b   Thumb Code     0  startup_stm32f407xx.o(.text)
    TIM8_BRK_TIM12_IRQHandler                0x0800027b   Thumb Code     0  startup_stm32f407xx.o(.text)
    TIM8_CC_IRQHandler                       0x0800027b   Thumb Code     0  startup_stm32f407xx.o(.text)
    TIM8_TRG_COM_TIM14_IRQHandler            0x0800027b   Thumb Code     0  startup_stm32f407xx.o(.text)
    TIM8_UP_TIM13_IRQHandler                 0x0800027b   Thumb Code     0  startup_stm32f407xx.o(.text)
    UART4_IRQHandler                         0x0800027b   Thumb Code     0  startup_stm32f407xx.o(.text)
    UART5_IRQHandler                         0x0800027b   Thumb Code     0  startup_stm32f407xx.o(.text)
    USART2_IRQHandler                        0x0800027b   Thumb Code     0  startup_stm32f407xx.o(.text)
    USART3_IRQHandler                        0x0800027b   Thumb Code     0  startup_stm32f407xx.o(.text)
    WWDG_IRQHandler                          0x0800027b   Thumb Code     0  startup_stm32f407xx.o(.text)
    __aeabi_uldivmod                         0x08000285   Thumb Code    98  uldiv.o(.text)
    __aeabi_memcpy                           0x080002e7   Thumb Code    36  memcpya.o(.text)
    __aeabi_memcpy4                          0x080002e7   Thumb Code     0  memcpya.o(.text)
    __aeabi_memcpy8                          0x080002e7   Thumb Code     0  memcpya.o(.text)
    __aeabi_memset                           0x0800030b   Thumb Code    14  memseta.o(.text)
    __aeabi_memset4                          0x0800030b   Thumb Code     0  memseta.o(.text)
    __aeabi_memset8                          0x0800030b   Thumb Code     0  memseta.o(.text)
    __aeabi_memclr                           0x08000319   Thumb Code     4  memseta.o(.text)
    __aeabi_memclr4                          0x08000319   Thumb Code     0  memseta.o(.text)
    __aeabi_memclr8                          0x08000319   Thumb Code     0  memseta.o(.text)
    memset                                   0x0800031d   Thumb Code    18  memseta.o(.text)
    __aeabi_llsl                             0x0800032f   Thumb Code    30  llshl.o(.text)
    _ll_shift_l                              0x0800032f   Thumb Code     0  llshl.o(.text)
    __aeabi_llsr                             0x0800034d   Thumb Code    32  llushr.o(.text)
    _ll_ushift_r                             0x0800034d   Thumb Code     0  llushr.o(.text)
    __scatterload                            0x0800036d   Thumb Code    28  init.o(.text)
    __scatterload_rt2                        0x0800036d   Thumb Code     0  init.o(.text)
    BusFault_Handler                         0x080004b9   Thumb Code     2  stm32f4xx_it.o(i.BusFault_Handler)
    DebugMon_Handler                         0x080004bb   Thumb Code     2  stm32f4xx_it.o(i.DebugMon_Handler)
    Error_Handler                            0x080004bd   Thumb Code     4  main.o(i.Error_Handler)
    FLASH_Erase_Sector                       0x080004c1   Thumb Code    74  stm32f4xx_hal_flash_ex.o(i.FLASH_Erase_Sector)
    FLASH_FlushCaches                        0x08000511   Thumb Code    80  stm32f4xx_hal_flash_ex.o(i.FLASH_FlushCaches)
    FLASH_WaitForLastOperation               0x08000689   Thumb Code    72  stm32f4xx_hal_flash.o(i.FLASH_WaitForLastOperation)
    Float_To_U32                             0x080006d9   Thumb Code    66  float_to_u32.o(i.Float_To_U32)
    HAL_ADC_ConfigChannel                    0x08000729   Thumb Code   316  stm32f4xx_hal_adc.o(i.HAL_ADC_ConfigChannel)
    HAL_ADC_Init                             0x08000875   Thumb Code    84  stm32f4xx_hal_adc.o(i.HAL_ADC_Init)
    HAL_ADC_MspInit                          0x080008c9   Thumb Code    84  adc.o(i.HAL_ADC_MspInit)
    HAL_DMA_Abort                            0x08000929   Thumb Code   146  stm32f4xx_hal_dma.o(i.HAL_DMA_Abort)
    HAL_DMA_Abort_IT                         0x080009bb   Thumb Code    36  stm32f4xx_hal_dma.o(i.HAL_DMA_Abort_IT)
    HAL_Delay                                0x080009e1   Thumb Code    32  stm32f4xx_hal.o(i.HAL_Delay)
    HAL_FLASHEx_Erase                        0x08000a05   Thumb Code   144  stm32f4xx_hal_flash_ex.o(i.HAL_FLASHEx_Erase)
    HAL_FLASH_Lock                           0x08000a9d   Thumb Code    14  stm32f4xx_hal_flash.o(i.HAL_FLASH_Lock)
    HAL_FLASH_Program                        0x08000ab1   Thumb Code   116  stm32f4xx_hal_flash.o(i.HAL_FLASH_Program)
    HAL_FLASH_Unlock                         0x08000b2d   Thumb Code    32  stm32f4xx_hal_flash.o(i.HAL_FLASH_Unlock)
    HAL_GPIO_Init                            0x08000b59   Thumb Code   450  stm32f4xx_hal_gpio.o(i.HAL_GPIO_Init)
    HAL_GPIO_ReadPin                         0x08000d49   Thumb Code    10  stm32f4xx_hal_gpio.o(i.HAL_GPIO_ReadPin)
    HAL_GPIO_TogglePin                       0x08000d53   Thumb Code    16  stm32f4xx_hal_gpio.o(i.HAL_GPIO_TogglePin)
    HAL_GPIO_WritePin                        0x08000d63   Thumb Code    10  stm32f4xx_hal_gpio.o(i.HAL_GPIO_WritePin)
    HAL_GetTick                              0x08000d6d   Thumb Code     6  stm32f4xx_hal.o(i.HAL_GetTick)
    HAL_IncTick                              0x08000d79   Thumb Code    12  stm32f4xx_hal.o(i.HAL_IncTick)
    HAL_Init                                 0x08000d89   Thumb Code    48  stm32f4xx_hal.o(i.HAL_Init)
    HAL_InitTick                             0x08000dbd   Thumb Code   132  stm32f4xx_hal_timebase_tim.o(i.HAL_InitTick)
    HAL_MspInit                              0x08000e55   Thumb Code    52  stm32f4xx_hal_msp.o(i.HAL_MspInit)
    HAL_NVIC_EnableIRQ                       0x08000e8d   Thumb Code    26  stm32f4xx_hal_cortex.o(i.HAL_NVIC_EnableIRQ)
    HAL_NVIC_SetPriority                     0x08000ea9   Thumb Code    60  stm32f4xx_hal_cortex.o(i.HAL_NVIC_SetPriority)
    HAL_NVIC_SetPriorityGrouping             0x08000ee9   Thumb Code    26  stm32f4xx_hal_cortex.o(i.HAL_NVIC_SetPriorityGrouping)
    HAL_NVIC_SystemReset                     0x08000f0d   Thumb Code    26  stm32f4xx_hal_cortex.o(i.HAL_NVIC_SystemReset)
    HAL_RCCEx_PeriphCLKConfig                0x08000f31   Thumb Code   296  stm32f4xx_hal_rcc_ex.o(i.HAL_RCCEx_PeriphCLKConfig)
    HAL_RCC_ClockConfig                      0x0800106d   Thumb Code   288  stm32f4xx_hal_rcc.o(i.HAL_RCC_ClockConfig)
    HAL_RCC_GetClockConfig                   0x080011a1   Thumb Code    54  stm32f4xx_hal_rcc.o(i.HAL_RCC_GetClockConfig)
    HAL_RCC_GetPCLK1Freq                     0x080011e1   Thumb Code    20  stm32f4xx_hal_rcc.o(i.HAL_RCC_GetPCLK1Freq)
    HAL_RCC_GetPCLK2Freq                     0x08001201   Thumb Code    20  stm32f4xx_hal_rcc.o(i.HAL_RCC_GetPCLK2Freq)
    HAL_RCC_GetSysClockFreq                  0x08001221   Thumb Code    88  stm32f4xx_hal_rcc.o(i.HAL_RCC_GetSysClockFreq)
    HAL_RCC_OscConfig                        0x08001281   Thumb Code   856  stm32f4xx_hal_rcc.o(i.HAL_RCC_OscConfig)
    HAL_RTCEx_SetWakeUpTimer                 0x080015ed   Thumb Code   210  stm32f4xx_hal_rtc_ex.o(i.HAL_RTCEx_SetWakeUpTimer)
    HAL_RTC_Init                             0x080016c1   Thumb Code   150  stm32f4xx_hal_rtc.o(i.HAL_RTC_Init)
    HAL_RTC_MspInit                          0x0800175d   Thumb Code    48  rtc.o(i.HAL_RTC_MspInit)
    HAL_RTC_SetDate                          0x08001795   Thumb Code   146  stm32f4xx_hal_rtc.o(i.HAL_RTC_SetDate)
    HAL_RTC_SetTime                          0x0800182d   Thumb Code   186  stm32f4xx_hal_rtc.o(i.HAL_RTC_SetTime)
    HAL_RTC_WaitForSynchro                   0x080018ed   Thumb Code    50  stm32f4xx_hal_rtc.o(i.HAL_RTC_WaitForSynchro)
    HAL_TIMEx_BreakCallback                  0x08001925   Thumb Code     2  stm32f4xx_hal_tim_ex.o(i.HAL_TIMEx_BreakCallback)
    HAL_TIMEx_CommutCallback                 0x08001927   Thumb Code     2  stm32f4xx_hal_tim_ex.o(i.HAL_TIMEx_CommutCallback)
    HAL_TIMEx_MasterConfigSynchronization    0x08001929   Thumb Code   116  stm32f4xx_hal_tim_ex.o(i.HAL_TIMEx_MasterConfigSynchronization)
    HAL_TIM_Base_Init                        0x080019b9   Thumb Code    90  stm32f4xx_hal_tim.o(i.HAL_TIM_Base_Init)
    HAL_TIM_Base_MspInit                     0x08001a15   Thumb Code    86  tim.o(i.HAL_TIM_Base_MspInit)
    HAL_TIM_Base_Start_IT                    0x08001a75   Thumb Code   100  stm32f4xx_hal_tim.o(i.HAL_TIM_Base_Start_IT)
    HAL_TIM_ConfigClockSource                0x08001af5   Thumb Code   220  stm32f4xx_hal_tim.o(i.HAL_TIM_ConfigClockSource)
    HAL_TIM_IC_CaptureCallback               0x08001bd1   Thumb Code     2  stm32f4xx_hal_tim.o(i.HAL_TIM_IC_CaptureCallback)
    HAL_TIM_IRQHandler                       0x08001bd3   Thumb Code   304  stm32f4xx_hal_tim.o(i.HAL_TIM_IRQHandler)
    HAL_TIM_OC_DelayElapsedCallback          0x08001d03   Thumb Code     2  stm32f4xx_hal_tim.o(i.HAL_TIM_OC_DelayElapsedCallback)
    HAL_TIM_PWM_PulseFinishedCallback        0x08001d05   Thumb Code     2  stm32f4xx_hal_tim.o(i.HAL_TIM_PWM_PulseFinishedCallback)
    HAL_TIM_PeriodElapsedCallback            0x08001d09   Thumb Code    82  main.o(i.HAL_TIM_PeriodElapsedCallback)
    HAL_TIM_TriggerCallback                  0x08001d69   Thumb Code     2  stm32f4xx_hal_tim.o(i.HAL_TIM_TriggerCallback)
    HAL_UARTEx_RxEventCallback               0x08001d6b   Thumb Code     2  stm32f4xx_hal_uart.o(i.HAL_UARTEx_RxEventCallback)
    HAL_UART_ErrorCallback                   0x08001d6d   Thumb Code     2  stm32f4xx_hal_uart.o(i.HAL_UART_ErrorCallback)
    HAL_UART_IRQHandler                      0x08001d71   Thumb Code   618  stm32f4xx_hal_uart.o(i.HAL_UART_IRQHandler)
    HAL_UART_Init                            0x08001fe1   Thumb Code   100  stm32f4xx_hal_uart.o(i.HAL_UART_Init)
    HAL_UART_MspInit                         0x08002045   Thumb Code   178  usart.o(i.HAL_UART_MspInit)
    HAL_UART_RxCpltCallback                  0x0800210d   Thumb Code     2  stm32f4xx_hal_uart.o(i.HAL_UART_RxCpltCallback)
    HAL_UART_Transmit                        0x0800210f   Thumb Code   160  stm32f4xx_hal_uart.o(i.HAL_UART_Transmit)
    HAL_UART_TxCpltCallback                  0x080021af   Thumb Code     2  stm32f4xx_hal_uart.o(i.HAL_UART_TxCpltCallback)
    HardFault_Handler                        0x080021b1   Thumb Code     2  stm32f4xx_it.o(i.HardFault_Handler)
    MX_ADC1_Init                             0x080021b5   Thumb Code    88  adc.o(i.MX_ADC1_Init)
    MX_FREERTOS_Init                         0x08002219   Thumb Code   162  freertos.o(i.MX_FREERTOS_Init)
    MX_GPIO_Init                             0x080022c5   Thumb Code   284  gpio.o(i.MX_GPIO_Init)
    MX_RTC_Init                              0x080023f1   Thumb Code   138  rtc.o(i.MX_RTC_Init)
    MX_TIM2_Init                             0x08002485   Thumb Code    96  tim.o(i.MX_TIM2_Init)
    MX_TIM3_Init                             0x080024e9   Thumb Code   100  tim.o(i.MX_TIM3_Init)
    MX_USART1_UART_Init                      0x08002555   Thumb Code    54  usart.o(i.MX_USART1_UART_Init)
    MX_USART6_UART_Init                      0x08002595   Thumb Code    48  usart.o(i.MX_USART6_UART_Init)
    MemManage_Handler                        0x080025cd   Thumb Code     2  stm32f4xx_it.o(i.MemManage_Handler)
    Modbus_CRC16                             0x080025d1   Thumb Code    40  modbus_crc.o(i.Modbus_CRC16)
    Modbus_Event                             0x080025fd   Thumb Code   108  modbus.o(i.Modbus_Event)
    Modbus_Func16                            0x0800266d   Thumb Code   144  modbus.o(i.Modbus_Func16)
    Modbus_Func3                             0x08002705   Thumb Code   150  modbus.o(i.Modbus_Func3)
    Modbus_Func6                             0x080027a5   Thumb Code   114  modbus.o(i.Modbus_Func6)
    Modbus_Init                              0x08002821   Thumb Code    18  modbus.o(i.Modbus_Init)
    Modbus_Send_Byte                         0x08002839   Thumb Code    16  usart.o(i.Modbus_Send_Byte)
    NMI_Handler                              0x0800284d   Thumb Code     2  stm32f4xx_it.o(i.NMI_Handler)
    PWR_ON_OFF                               0x08002851   Thumb Code    56  pwr_on_off.o(i.PWR_ON_OFF)
    RTC_ByteToBcd2                           0x0800288d   Thumb Code    22  stm32f4xx_hal_rtc.o(i.RTC_ByteToBcd2)
    RTC_EnterInitMode                        0x080028a5   Thumb Code    72  stm32f4xx_hal_rtc.o(i.RTC_EnterInitMode)
    RTC_ExitInitMode                         0x080028ed   Thumb Code    42  stm32f4xx_hal_rtc.o(i.RTC_ExitInitMode)
    STMFLASH_GetFlashSector                  0x08002919   Thumb Code   114  flash_write_read.o(i.STMFLASH_GetFlashSector)
    STMFLASH_Read                            0x080029b9   Thumb Code    20  flash_write_read.o(i.STMFLASH_Read)
    STMFLASH_Write                           0x080029cd   Thumb Code   146  flash_write_read.o(i.STMFLASH_Write)
    Start_BOOT_Task                          0x08002a65   Thumb Code     8  freertos.o(i.Start_BOOT_Task)
    Start_FAN_Task                           0x08002a6d   Thumb Code    84  freertos.o(i.Start_FAN_Task)
    Start_Float_To_U32_Task                  0x08002ac9   Thumb Code    38  freertos.o(i.Start_Float_To_U32_Task)
    Start_LED_Task                           0x08002af9   Thumb Code    22  freertos.o(i.Start_LED_Task)
    Start_Modbus_Task                        0x08002b15   Thumb Code    18  freertos.o(i.Start_Modbus_Task)
    Start_PWR_Task                           0x08002b2d   Thumb Code    16  freertos.o(i.Start_PWR_Task)
    Start_liquid                             0x08002b3d   Thumb Code   216  freertos.o(i.Start_liquid)
    SysTick_Handler                          0x08002c29   Thumb Code    38  port.o(i.SysTick_Handler)
    SystemClock_Config                       0x08002c55   Thumb Code   140  main.o(i.SystemClock_Config)
    SystemInit                               0x08002ce9   Thumb Code    12  system_stm32f4xx.o(i.SystemInit)
    TIM2_IRQHandler                          0x08002cf9   Thumb Code     6  stm32f4xx_it.o(i.TIM2_IRQHandler)
    TIM3_IRQHandler                          0x08002d05   Thumb Code     6  stm32f4xx_it.o(i.TIM3_IRQHandler)
    TIM7_IRQHandler                          0x08002d11   Thumb Code     6  stm32f4xx_it.o(i.TIM7_IRQHandler)
    TIM_Base_SetConfig                       0x08002d1d   Thumb Code   170  stm32f4xx_hal_tim.o(i.TIM_Base_SetConfig)
    TIM_ETR_SetConfig                        0x08002df5   Thumb Code    20  stm32f4xx_hal_tim.o(i.TIM_ETR_SetConfig)
    USART1_IRQHandler                        0x08003101   Thumb Code    74  stm32f4xx_it.o(i.USART1_IRQHandler)
    USART6_IRQHandler                        0x08003159   Thumb Code     6  stm32f4xx_it.o(i.USART6_IRQHandler)
    UsageFault_Handler                       0x08003165   Thumb Code     2  stm32f4xx_it.o(i.UsageFault_Handler)
    Water_tank_liquid_high                   0x08003169   Thumb Code    38  water_tank_liquid.o(i.Water_tank_liquid_high)
    Water_tank_liquid_low                    0x08003195   Thumb Code    38  water_tank_liquid.o(i.Water_tank_liquid_low)
    __0printf$5                              0x080031c1   Thumb Code    22  printf5.o(i.__0printf$5)
    __1printf$5                              0x080031c1   Thumb Code     0  printf5.o(i.__0printf$5)
    __2printf                                0x080031c1   Thumb Code     0  printf5.o(i.__0printf$5)
    __scatterload_copy                       0x08003201   Thumb Code    14  handlers.o(i.__scatterload_copy)
    __scatterload_null                       0x0800320f   Thumb Code     2  handlers.o(i.__scatterload_null)
    __scatterload_zeroinit                   0x08003211   Thumb Code    14  handlers.o(i.__scatterload_zeroinit)
    fputc                                    0x080034e1   Thumb Code    20  usart.o(i.fputc)
    main                                     0x080034f9   Thumb Code    60  main.o(i.main)
    osDelay                                  0x08003545   Thumb Code    14  cmsis_os.o(i.osDelay)
    osKernelStart                            0x08003553   Thumb Code    10  cmsis_os.o(i.osKernelStart)
    osThreadCreate                           0x0800355d   Thumb Code    84  cmsis_os.o(i.osThreadCreate)
    pvPortMalloc                             0x080038fd   Thumb Code   216  heap_4.o(i.pvPortMalloc)
    pxPortInitialiseStack                    0x080039d9   Thumb Code    40  port.o(i.pxPortInitialiseStack)
    uxListRemove                             0x08003a05   Thumb Code    38  list.o(i.uxListRemove)
    vApplicationGetIdleTaskMemory            0x08003a2d   Thumb Code    16  freertos.o(i.vApplicationGetIdleTaskMemory)
    vListInitialise                          0x08003a41   Thumb Code    22  list.o(i.vListInitialise)
    vListInitialiseItem                      0x08003a57   Thumb Code     6  list.o(i.vListInitialiseItem)
    vListInsert                              0x08003a5d   Thumb Code    48  list.o(i.vListInsert)
    vListInsertEnd                           0x08003a8d   Thumb Code    24  list.o(i.vListInsertEnd)
    vPortEnterCritical                       0x08003aa5   Thumb Code    54  port.o(i.vPortEnterCritical)
    vPortExitCritical                        0x08003ae5   Thumb Code    34  port.o(i.vPortExitCritical)
    vPortFree                                0x08003b0d   Thumb Code    94  heap_4.o(i.vPortFree)
    vPortSetupTimerInterrupt                 0x08003b71   Thumb Code    32  port.o(i.vPortSetupTimerInterrupt)
    vTaskDelay                               0x08003b95   Thumb Code    66  tasks.o(i.vTaskDelay)
    vTaskStartScheduler                      0x08003be1   Thumb Code    90  tasks.o(i.vTaskStartScheduler)
    vTaskSuspendAll                          0x08003c4d   Thumb Code    10  tasks.o(i.vTaskSuspendAll)
    vTaskSwitchContext                       0x08003c5d   Thumb Code    82  tasks.o(i.vTaskSwitchContext)
    xPortStartScheduler                      0x08003cb9   Thumb Code   222  port.o(i.xPortStartScheduler)
    xTaskCreate                              0x08003dad   Thumb Code    90  tasks.o(i.xTaskCreate)
    xTaskCreateStatic                        0x08003e07   Thumb Code    86  tasks.o(i.xTaskCreateStatic)
    xTaskIncrementTick                       0x08003e5d   Thumb Code   194  tasks.o(i.xTaskIncrementTick)
    xTaskResumeAll                           0x08003f29   Thumb Code   182  tasks.o(i.xTaskResumeAll)
    AHBPrescTable                            0x080040b0   Data          16  system_stm32f4xx.o(.constdata)
    APBPrescTable                            0x080040c0   Data           8  system_stm32f4xx.o(.constdata)
    auchCRCHi                                0x080040c8   Data         256  modbus_crc.o(.constdata)
    auchCRCLo                                0x080041c8   Data         256  modbus_crc.o(.constdata)
    Region$$Table$$Base                      0x0800431c   Number         0  anon$$obj.o(Region$$Table)
    Region$$Table$$Limit                     0x0800433c   Number         0  anon$$obj.o(Region$$Table)
    LED_TaskHandle                           0x20000000   Data           4  freertos.o(.data)
    PWR_TaskHandle                           0x20000004   Data           4  freertos.o(.data)
    BOOT_TaskHandle                          0x20000008   Data           4  freertos.o(.data)
    Modbus_TaskHandle                        0x2000000c   Data           4  freertos.o(.data)
    FAN_TaskHandle                           0x20000010   Data           4  freertos.o(.data)
    liquidHandle                             0x20000014   Data           4  freertos.o(.data)
    Float_To_U32_TaHandle                    0x20000018   Data           4  freertos.o(.data)
    uwTickFreq                               0x2000001c   Data           1  stm32f4xx_hal.o(.data)
    uwTickPrio                               0x20000020   Data           4  stm32f4xx_hal.o(.data)
    uwTick                                   0x20000024   Data           4  stm32f4xx_hal.o(.data)
    SystemCoreClock                          0x20000028   Data           4  system_stm32f4xx.o(.data)
    pxCurrentTCB                             0x2000002c   Data           4  tasks.o(.data)
    Reg                                      0x20000094   Data          16  modbus.o(.data)
    RES                                      0x200000a4   Data           1  modbus.o(.data)
    water_flag_fill_flag                     0x200000a6   Data           2  flash_write_read.o(.data)
    __stdout                                 0x200000a8   Data           4  stdout.o(.data)
    hadc1                                    0x20000300   Data          72  adc.o(.bss)
    hrtc                                     0x20000348   Data          32  rtc.o(.bss)
    htim2                                    0x20000368   Data          72  tim.o(.bss)
    htim3                                    0x200003b0   Data          72  tim.o(.bss)
    huart1                                   0x200003f8   Data          72  usart.o(.bss)
    huart6                                   0x20000440   Data          72  usart.o(.bss)
    htim7                                    0x20000488   Data          72  stm32f4xx_hal_timebase_tim.o(.bss)
    pFlash                                   0x200004d0   Data          32  stm32f4xx_hal_flash.o(.bss)
    modbus                                   0x200041e0   Data         236  modbus.o(.bss)
    usSRegHoldBuf                            0x200042cc   Data        1000  float_to_u32.o(.bss)
    __initial_sp                             0x20004ab8   Data           0  startup_stm32f407xx.o(STACK)



==============================================================================

Memory Map of the image

  Image Entry point : 0x08000189

  Load Region LR_IROM1 (Base: 0x08000000, Size: 0x000043e8, Max: 0x00080000, ABSOLUTE)

    Execution Region ER_IROM1 (Exec base: 0x08000000, Load base: 0x08000000, Size: 0x0000433c, Max: 0x00080000, ABSOLUTE)

    Exec Addr    Load Addr    Size         Type   Attr      Idx    E Section Name        Object

    0x08000000   0x08000000   0x00000188   Data   RO            3    RESET               startup_stm32f407xx.o
    0x08000188   0x08000188   0x00000000   Code   RO         6030  * .ARM.Collect$$$$00000000  mc_w.l(entry.o)
    0x08000188   0x08000188   0x00000004   Code   RO         6307    .ARM.Collect$$$$00000001  mc_w.l(entry2.o)
    0x0800018c   0x0800018c   0x00000004   Code   RO         6310    .ARM.Collect$$$$00000004  mc_w.l(entry5.o)
    0x08000190   0x08000190   0x00000000   Code   RO         6312    .ARM.Collect$$$$00000008  mc_w.l(entry7b.o)
    0x08000190   0x08000190   0x00000000   Code   RO         6314    .ARM.Collect$$$$0000000A  mc_w.l(entry8b.o)
    0x08000190   0x08000190   0x00000008   Code   RO         6315    .ARM.Collect$$$$0000000B  mc_w.l(entry9a.o)
    0x08000198   0x08000198   0x00000004   Code   RO         6322    .ARM.Collect$$$$0000000E  mc_w.l(entry12b.o)
    0x0800019c   0x0800019c   0x00000000   Code   RO         6317    .ARM.Collect$$$$0000000F  mc_w.l(entry10a.o)
    0x0800019c   0x0800019c   0x00000000   Code   RO         6319    .ARM.Collect$$$$00000011  mc_w.l(entry11a.o)
    0x0800019c   0x0800019c   0x00000004   Code   RO         6308    .ARM.Collect$$$$00002712  mc_w.l(entry2.o)
    0x080001a0   0x080001a0   0x000000be   Code   RO         5126    .emb_text           port.o
    0x0800025e   0x0800025e   0x00000002   PAD
    0x08000260   0x08000260   0x00000024   Code   RO            4    .text               startup_stm32f407xx.o
    0x08000284   0x08000284   0x00000062   Code   RO         6033    .text               mc_w.l(uldiv.o)
    0x080002e6   0x080002e6   0x00000024   Code   RO         6038    .text               mc_w.l(memcpya.o)
    0x0800030a   0x0800030a   0x00000024   Code   RO         6042    .text               mc_w.l(memseta.o)
    0x0800032e   0x0800032e   0x0000001e   Code   RO         6326    .text               mc_w.l(llshl.o)
    0x0800034c   0x0800034c   0x00000020   Code   RO         6328    .text               mc_w.l(llushr.o)
    0x0800036c   0x0800036c   0x00000024   Code   RO         6341    .text               mc_w.l(init.o)
    0x08000390   0x08000390   0x00000128   Code   RO          722    i.ADC_Init          stm32f4xx_hal_adc.o
    0x080004b8   0x080004b8   0x00000002   Code   RO          568    i.BusFault_Handler  stm32f4xx_it.o
    0x080004ba   0x080004ba   0x00000002   Code   RO          569    i.DebugMon_Handler  stm32f4xx_it.o
    0x080004bc   0x080004bc   0x00000004   Code   RO           13    i.Error_Handler     main.o
    0x080004c0   0x080004c0   0x00000050   Code   RO         1271    i.FLASH_Erase_Sector  stm32f4xx_hal_flash_ex.o
    0x08000510   0x08000510   0x00000054   Code   RO         1272    i.FLASH_FlushCaches  stm32f4xx_hal_flash_ex.o
    0x08000564   0x08000564   0x00000028   Code   RO         1273    i.FLASH_MassErase   stm32f4xx_hal_flash_ex.o
    0x0800058c   0x0800058c   0x00000020   Code   RO         1153    i.FLASH_Program_Byte  stm32f4xx_hal_flash.o
    0x080005ac   0x080005ac   0x0000002c   Code   RO         1154    i.FLASH_Program_DoubleWord  stm32f4xx_hal_flash.o
    0x080005d8   0x080005d8   0x00000024   Code   RO         1155    i.FLASH_Program_HalfWord  stm32f4xx_hal_flash.o
    0x080005fc   0x080005fc   0x00000024   Code   RO         1156    i.FLASH_Program_Word  stm32f4xx_hal_flash.o
    0x08000620   0x08000620   0x00000068   Code   RO         1157    i.FLASH_SetErrorCode  stm32f4xx_hal_flash.o
    0x08000688   0x08000688   0x00000050   Code   RO         1158    i.FLASH_WaitForLastOperation  stm32f4xx_hal_flash.o
    0x080006d8   0x080006d8   0x00000050   Code   RO         5937    i.Float_To_U32      float_to_u32.o
    0x08000728   0x08000728   0x0000014c   Code   RO          724    i.HAL_ADC_ConfigChannel  stm32f4xx_hal_adc.o
    0x08000874   0x08000874   0x00000054   Code   RO          733    i.HAL_ADC_Init      stm32f4xx_hal_adc.o
    0x080008c8   0x080008c8   0x00000060   Code   RO          377    i.HAL_ADC_MspInit   adc.o
    0x08000928   0x08000928   0x00000092   Code   RO         1459    i.HAL_DMA_Abort     stm32f4xx_hal_dma.o
    0x080009ba   0x080009ba   0x00000024   Code   RO         1460    i.HAL_DMA_Abort_IT  stm32f4xx_hal_dma.o
    0x080009de   0x080009de   0x00000002   PAD
    0x080009e0   0x080009e0   0x00000024   Code   RO         1884    i.HAL_Delay         stm32f4xx_hal.o
    0x08000a04   0x08000a04   0x00000098   Code   RO         1274    i.HAL_FLASHEx_Erase  stm32f4xx_hal_flash_ex.o
    0x08000a9c   0x08000a9c   0x00000014   Code   RO         1162    i.HAL_FLASH_Lock    stm32f4xx_hal_flash.o
    0x08000ab0   0x08000ab0   0x0000007c   Code   RO         1167    i.HAL_FLASH_Program  stm32f4xx_hal_flash.o
    0x08000b2c   0x08000b2c   0x0000002c   Code   RO         1169    i.HAL_FLASH_Unlock  stm32f4xx_hal_flash.o
    0x08000b58   0x08000b58   0x000001f0   Code   RO         1352    i.HAL_GPIO_Init     stm32f4xx_hal_gpio.o
    0x08000d48   0x08000d48   0x0000000a   Code   RO         1354    i.HAL_GPIO_ReadPin  stm32f4xx_hal_gpio.o
    0x08000d52   0x08000d52   0x00000010   Code   RO         1355    i.HAL_GPIO_TogglePin  stm32f4xx_hal_gpio.o
    0x08000d62   0x08000d62   0x0000000a   Code   RO         1356    i.HAL_GPIO_WritePin  stm32f4xx_hal_gpio.o
    0x08000d6c   0x08000d6c   0x0000000c   Code   RO         1890    i.HAL_GetTick       stm32f4xx_hal.o
    0x08000d78   0x08000d78   0x00000010   Code   RO         1896    i.HAL_IncTick       stm32f4xx_hal.o
    0x08000d88   0x08000d88   0x00000034   Code   RO         1897    i.HAL_Init          stm32f4xx_hal.o
    0x08000dbc   0x08000dbc   0x00000098   Code   RO          680    i.HAL_InitTick      stm32f4xx_hal_timebase_tim.o
    0x08000e54   0x08000e54   0x00000038   Code   RO          656    i.HAL_MspInit       stm32f4xx_hal_msp.o
    0x08000e8c   0x08000e8c   0x0000001a   Code   RO         1742    i.HAL_NVIC_EnableIRQ  stm32f4xx_hal_cortex.o
    0x08000ea6   0x08000ea6   0x00000002   PAD
    0x08000ea8   0x08000ea8   0x00000040   Code   RO         1748    i.HAL_NVIC_SetPriority  stm32f4xx_hal_cortex.o
    0x08000ee8   0x08000ee8   0x00000024   Code   RO         1749    i.HAL_NVIC_SetPriorityGrouping  stm32f4xx_hal_cortex.o
    0x08000f0c   0x08000f0c   0x00000024   Code   RO         1750    i.HAL_NVIC_SystemReset  stm32f4xx_hal_cortex.o
    0x08000f30   0x08000f30   0x0000013c   Code   RO         1103    i.HAL_RCCEx_PeriphCLKConfig  stm32f4xx_hal_rcc_ex.o
    0x0800106c   0x0800106c   0x00000134   Code   RO          998    i.HAL_RCC_ClockConfig  stm32f4xx_hal_rcc.o
    0x080011a0   0x080011a0   0x00000040   Code   RO         1002    i.HAL_RCC_GetClockConfig  stm32f4xx_hal_rcc.o
    0x080011e0   0x080011e0   0x00000020   Code   RO         1005    i.HAL_RCC_GetPCLK1Freq  stm32f4xx_hal_rcc.o
    0x08001200   0x08001200   0x00000020   Code   RO         1006    i.HAL_RCC_GetPCLK2Freq  stm32f4xx_hal_rcc.o
    0x08001220   0x08001220   0x00000060   Code   RO         1007    i.HAL_RCC_GetSysClockFreq  stm32f4xx_hal_rcc.o
    0x08001280   0x08001280   0x0000036c   Code   RO         1010    i.HAL_RCC_OscConfig  stm32f4xx_hal_rcc.o
    0x080015ec   0x080015ec   0x000000d2   Code   RO         2334    i.HAL_RTCEx_SetWakeUpTimer  stm32f4xx_hal_rtc_ex.o
    0x080016be   0x080016be   0x00000002   PAD
    0x080016c0   0x080016c0   0x0000009c   Code   RO         2148    i.HAL_RTC_Init      stm32f4xx_hal_rtc.o
    0x0800175c   0x0800175c   0x00000038   Code   RO          419    i.HAL_RTC_MspInit   rtc.o
    0x08001794   0x08001794   0x00000098   Code   RO         2154    i.HAL_RTC_SetDate   stm32f4xx_hal_rtc.o
    0x0800182c   0x0800182c   0x000000c0   Code   RO         2155    i.HAL_RTC_SetTime   stm32f4xx_hal_rtc.o
    0x080018ec   0x080018ec   0x00000038   Code   RO         2156    i.HAL_RTC_WaitForSynchro  stm32f4xx_hal_rtc.o
    0x08001924   0x08001924   0x00000002   Code   RO         3241    i.HAL_TIMEx_BreakCallback  stm32f4xx_hal_tim_ex.o
    0x08001926   0x08001926   0x00000002   Code   RO         3242    i.HAL_TIMEx_CommutCallback  stm32f4xx_hal_tim_ex.o
    0x08001928   0x08001928   0x00000090   Code   RO         3260    i.HAL_TIMEx_MasterConfigSynchronization  stm32f4xx_hal_tim_ex.o
    0x080019b8   0x080019b8   0x0000005a   Code   RO         2537    i.HAL_TIM_Base_Init  stm32f4xx_hal_tim.o
    0x08001a12   0x08001a12   0x00000002   PAD
    0x08001a14   0x08001a14   0x00000060   Code   RO          461    i.HAL_TIM_Base_MspInit  tim.o
    0x08001a74   0x08001a74   0x00000080   Code   RO         2542    i.HAL_TIM_Base_Start_IT  stm32f4xx_hal_tim.o
    0x08001af4   0x08001af4   0x000000dc   Code   RO         2546    i.HAL_TIM_ConfigClockSource  stm32f4xx_hal_tim.o
    0x08001bd0   0x08001bd0   0x00000002   Code   RO         2571    i.HAL_TIM_IC_CaptureCallback  stm32f4xx_hal_tim.o
    0x08001bd2   0x08001bd2   0x00000130   Code   RO         2585    i.HAL_TIM_IRQHandler  stm32f4xx_hal_tim.o
    0x08001d02   0x08001d02   0x00000002   Code   RO         2588    i.HAL_TIM_OC_DelayElapsedCallback  stm32f4xx_hal_tim.o
    0x08001d04   0x08001d04   0x00000002   Code   RO         2615    i.HAL_TIM_PWM_PulseFinishedCallback  stm32f4xx_hal_tim.o
    0x08001d06   0x08001d06   0x00000002   PAD
    0x08001d08   0x08001d08   0x00000060   Code   RO           14    i.HAL_TIM_PeriodElapsedCallback  main.o
    0x08001d68   0x08001d68   0x00000002   Code   RO         2628    i.HAL_TIM_TriggerCallback  stm32f4xx_hal_tim.o
    0x08001d6a   0x08001d6a   0x00000002   Code   RO         3520    i.HAL_UARTEx_RxEventCallback  stm32f4xx_hal_uart.o
    0x08001d6c   0x08001d6c   0x00000002   Code   RO         3534    i.HAL_UART_ErrorCallback  stm32f4xx_hal_uart.o
    0x08001d6e   0x08001d6e   0x00000002   PAD
    0x08001d70   0x08001d70   0x00000270   Code   RO         3537    i.HAL_UART_IRQHandler  stm32f4xx_hal_uart.o
    0x08001fe0   0x08001fe0   0x00000064   Code   RO         3538    i.HAL_UART_Init     stm32f4xx_hal_uart.o
    0x08002044   0x08002044   0x000000c8   Code   RO          509    i.HAL_UART_MspInit  usart.o
    0x0800210c   0x0800210c   0x00000002   Code   RO         3544    i.HAL_UART_RxCpltCallback  stm32f4xx_hal_uart.o
    0x0800210e   0x0800210e   0x000000a0   Code   RO         3546    i.HAL_UART_Transmit  stm32f4xx_hal_uart.o
    0x080021ae   0x080021ae   0x00000002   Code   RO         3549    i.HAL_UART_TxCpltCallback  stm32f4xx_hal_uart.o
    0x080021b0   0x080021b0   0x00000002   Code   RO          570    i.HardFault_Handler  stm32f4xx_it.o
    0x080021b2   0x080021b2   0x00000002   PAD
    0x080021b4   0x080021b4   0x00000064   Code   RO          378    i.MX_ADC1_Init      adc.o
    0x08002218   0x08002218   0x000000ac   Code   RO          262    i.MX_FREERTOS_Init  freertos.o
    0x080022c4   0x080022c4   0x0000012c   Code   RO          238    i.MX_GPIO_Init      gpio.o
    0x080023f0   0x080023f0   0x00000094   Code   RO          420    i.MX_RTC_Init       rtc.o
    0x08002484   0x08002484   0x00000064   Code   RO          462    i.MX_TIM2_Init      tim.o
    0x080024e8   0x080024e8   0x0000006c   Code   RO          463    i.MX_TIM3_Init      tim.o
    0x08002554   0x08002554   0x00000040   Code   RO          510    i.MX_USART1_UART_Init  usart.o
    0x08002594   0x08002594   0x00000038   Code   RO          511    i.MX_USART6_UART_Init  usart.o
    0x080025cc   0x080025cc   0x00000002   Code   RO          571    i.MemManage_Handler  stm32f4xx_it.o
    0x080025ce   0x080025ce   0x00000002   PAD
    0x080025d0   0x080025d0   0x0000002c   Code   RO         5772    i.Modbus_CRC16      modbus_crc.o
    0x080025fc   0x080025fc   0x00000070   Code   RO         5675    i.Modbus_Event      modbus.o
    0x0800266c   0x0800266c   0x00000098   Code   RO         5676    i.Modbus_Func16     modbus.o
    0x08002704   0x08002704   0x000000a0   Code   RO         5677    i.Modbus_Func3      modbus.o
    0x080027a4   0x080027a4   0x0000007c   Code   RO         5678    i.Modbus_Func6      modbus.o
    0x08002820   0x08002820   0x00000018   Code   RO         5679    i.Modbus_Init       modbus.o
    0x08002838   0x08002838   0x00000014   Code   RO          512    i.Modbus_Send_Byte  usart.o
    0x0800284c   0x0800284c   0x00000002   Code   RO          572    i.NMI_Handler       stm32f4xx_it.o
    0x0800284e   0x0800284e   0x00000002   PAD
    0x08002850   0x08002850   0x0000003c   Code   RO         5799    i.PWR_ON_OFF        pwr_on_off.o
    0x0800288c   0x0800288c   0x00000016   Code   RO         2158    i.RTC_ByteToBcd2    stm32f4xx_hal_rtc.o
    0x080028a2   0x080028a2   0x00000002   PAD
    0x080028a4   0x080028a4   0x00000048   Code   RO         2159    i.RTC_EnterInitMode  stm32f4xx_hal_rtc.o
    0x080028ec   0x080028ec   0x0000002a   Code   RO         2160    i.RTC_ExitInitMode  stm32f4xx_hal_rtc.o
    0x08002916   0x08002916   0x00000002   PAD
    0x08002918   0x08002918   0x000000a0   Code   RO         5889    i.STMFLASH_GetFlashSector  flash_write_read.o
    0x080029b8   0x080029b8   0x00000014   Code   RO         5890    i.STMFLASH_Read     flash_write_read.o
    0x080029cc   0x080029cc   0x00000098   Code   RO         5892    i.STMFLASH_Write    flash_write_read.o
    0x08002a64   0x08002a64   0x00000008   Code   RO          263    i.Start_BOOT_Task   freertos.o
    0x08002a6c   0x08002a6c   0x0000005c   Code   RO          264    i.Start_FAN_Task    freertos.o
    0x08002ac8   0x08002ac8   0x00000030   Code   RO          265    i.Start_Float_To_U32_Task  freertos.o
    0x08002af8   0x08002af8   0x0000001c   Code   RO          266    i.Start_LED_Task    freertos.o
    0x08002b14   0x08002b14   0x00000018   Code   RO          267    i.Start_Modbus_Task  freertos.o
    0x08002b2c   0x08002b2c   0x00000010   Code   RO          268    i.Start_PWR_Task    freertos.o
    0x08002b3c   0x08002b3c   0x000000ec   Code   RO          269    i.Start_liquid      freertos.o
    0x08002c28   0x08002c28   0x0000002c   Code   RO         5127    i.SysTick_Handler   port.o
    0x08002c54   0x08002c54   0x00000094   Code   RO           15    i.SystemClock_Config  main.o
    0x08002ce8   0x08002ce8   0x00000010   Code   RO         3872    i.SystemInit        system_stm32f4xx.o
    0x08002cf8   0x08002cf8   0x0000000c   Code   RO          573    i.TIM2_IRQHandler   stm32f4xx_it.o
    0x08002d04   0x08002d04   0x0000000c   Code   RO          574    i.TIM3_IRQHandler   stm32f4xx_it.o
    0x08002d10   0x08002d10   0x0000000c   Code   RO          575    i.TIM7_IRQHandler   stm32f4xx_it.o
    0x08002d1c   0x08002d1c   0x000000d8   Code   RO         2630    i.TIM_Base_SetConfig  stm32f4xx_hal_tim.o
    0x08002df4   0x08002df4   0x00000014   Code   RO         2641    i.TIM_ETR_SetConfig  stm32f4xx_hal_tim.o
    0x08002e08   0x08002e08   0x00000010   Code   RO         2642    i.TIM_ITRx_SetConfig  stm32f4xx_hal_tim.o
    0x08002e18   0x08002e18   0x00000022   Code   RO         2648    i.TIM_TI1_ConfigInputStage  stm32f4xx_hal_tim.o
    0x08002e3a   0x08002e3a   0x00000024   Code   RO         2650    i.TIM_TI2_ConfigInputStage  stm32f4xx_hal_tim.o
    0x08002e5e   0x08002e5e   0x00000010   Code   RO         3551    i.UART_DMAAbortOnError  stm32f4xx_hal_uart.o
    0x08002e6e   0x08002e6e   0x0000004e   Code   RO         3561    i.UART_EndRxTransfer  stm32f4xx_hal_uart.o
    0x08002ebc   0x08002ebc   0x000000c2   Code   RO         3563    i.UART_Receive_IT   stm32f4xx_hal_uart.o
    0x08002f7e   0x08002f7e   0x00000002   PAD
    0x08002f80   0x08002f80   0x0000010c   Code   RO         3564    i.UART_SetConfig    stm32f4xx_hal_uart.o
    0x0800308c   0x0800308c   0x00000072   Code   RO         3567    i.UART_WaitOnFlagUntilTimeout  stm32f4xx_hal_uart.o
    0x080030fe   0x080030fe   0x00000002   PAD
    0x08003100   0x08003100   0x00000058   Code   RO          576    i.USART1_IRQHandler  stm32f4xx_it.o
    0x08003158   0x08003158   0x0000000c   Code   RO          577    i.USART6_IRQHandler  stm32f4xx_it.o
    0x08003164   0x08003164   0x00000002   Code   RO          578    i.UsageFault_Handler  stm32f4xx_it.o
    0x08003166   0x08003166   0x00000002   PAD
    0x08003168   0x08003168   0x0000002c   Code   RO         5856    i.Water_tank_liquid_high  water_tank_liquid.o
    0x08003194   0x08003194   0x0000002c   Code   RO         5857    i.Water_tank_liquid_low  water_tank_liquid.o
    0x080031c0   0x080031c0   0x00000020   Code   RO         6179    i.__0printf$5       mc_w.l(printf5.o)
    0x080031e0   0x080031e0   0x00000020   Code   RO         1755    i.__NVIC_SetPriority  stm32f4xx_hal_cortex.o
    0x08003200   0x08003200   0x0000000e   Code   RO         6349    i.__scatterload_copy  mc_w.l(handlers.o)
    0x0800320e   0x0800320e   0x00000002   Code   RO         6350    i.__scatterload_null  mc_w.l(handlers.o)
    0x08003210   0x08003210   0x0000000e   Code   RO         6351    i.__scatterload_zeroinit  mc_w.l(handlers.o)
    0x0800321e   0x0800321e   0x00000002   PAD
    0x08003220   0x08003220   0x000002c0   Code   RO         6186    i._printf_core      mc_w.l(printf5.o)
    0x080034e0   0x080034e0   0x00000018   Code   RO          513    i.fputc             usart.o
    0x080034f8   0x080034f8   0x00000040   Code   RO           16    i.main              main.o
    0x08003538   0x08003538   0x0000000c   Code   RO         4692    i.makeFreeRtosPriority  cmsis_os.o
    0x08003544   0x08003544   0x0000000e   Code   RO         4694    i.osDelay           cmsis_os.o
    0x08003552   0x08003552   0x0000000a   Code   RO         4697    i.osKernelStart     cmsis_os.o
    0x0800355c   0x0800355c   0x00000054   Code   RO         4731    i.osThreadCreate    cmsis_os.o
    0x080035b0   0x080035b0   0x00000070   Code   RO         4374    i.prvAddCurrentTaskToDelayedList  tasks.o
    0x08003620   0x08003620   0x000000d0   Code   RO         4375    i.prvAddNewTaskToReadyList  tasks.o
    0x080036f0   0x080036f0   0x00000034   Code   RO         4376    i.prvDeleteTCB      tasks.o
    0x08003724   0x08003724   0x0000004c   Code   RO         5059    i.prvHeapInit       heap_4.o
    0x08003770   0x08003770   0x00000060   Code   RO         4377    i.prvIdleTask       tasks.o
    0x080037d0   0x080037d0   0x00000098   Code   RO         4378    i.prvInitialiseNewTask  tasks.o
    0x08003868   0x08003868   0x0000004c   Code   RO         5060    i.prvInsertBlockIntoFreeList  heap_4.o
    0x080038b4   0x080038b4   0x00000020   Code   RO         4379    i.prvResetNextTaskUnblockTime  tasks.o
    0x080038d4   0x080038d4   0x00000028   Code   RO         5128    i.prvTaskExitError  port.o
    0x080038fc   0x080038fc   0x000000dc   Code   RO         5061    i.pvPortMalloc      heap_4.o
    0x080039d8   0x080039d8   0x0000002c   Code   RO         5129    i.pxPortInitialiseStack  port.o
    0x08003a04   0x08003a04   0x00000026   Code   RO         4010    i.uxListRemove      list.o
    0x08003a2a   0x08003a2a   0x00000002   PAD
    0x08003a2c   0x08003a2c   0x00000014   Code   RO          270    i.vApplicationGetIdleTaskMemory  freertos.o
    0x08003a40   0x08003a40   0x00000016   Code   RO         4011    i.vListInitialise   list.o
    0x08003a56   0x08003a56   0x00000006   Code   RO         4012    i.vListInitialiseItem  list.o
    0x08003a5c   0x08003a5c   0x00000030   Code   RO         4013    i.vListInsert       list.o
    0x08003a8c   0x08003a8c   0x00000018   Code   RO         4014    i.vListInsertEnd    list.o
    0x08003aa4   0x08003aa4   0x00000040   Code   RO         5131    i.vPortEnterCritical  port.o
    0x08003ae4   0x08003ae4   0x00000028   Code   RO         5132    i.vPortExitCritical  port.o
    0x08003b0c   0x08003b0c   0x00000064   Code   RO         5062    i.vPortFree         heap_4.o
    0x08003b70   0x08003b70   0x00000024   Code   RO         5133    i.vPortSetupTimerInterrupt  port.o
    0x08003b94   0x08003b94   0x0000004c   Code   RO         4388    i.vTaskDelay        tasks.o
    0x08003be0   0x08003be0   0x0000006c   Code   RO         4401    i.vTaskStartScheduler  tasks.o
    0x08003c4c   0x08003c4c   0x00000010   Code   RO         4403    i.vTaskSuspendAll   tasks.o
    0x08003c5c   0x08003c5c   0x0000005c   Code   RO         4404    i.vTaskSwitchContext  tasks.o
    0x08003cb8   0x08003cb8   0x000000f4   Code   RO         5135    i.xPortStartScheduler  port.o
    0x08003dac   0x08003dac   0x0000005a   Code   RO         4407    i.xTaskCreate       tasks.o
    0x08003e06   0x08003e06   0x00000056   Code   RO         4408    i.xTaskCreateStatic  tasks.o
    0x08003e5c   0x08003e5c   0x000000cc   Code   RO         4415    i.xTaskIncrementTick  tasks.o
    0x08003f28   0x08003f28   0x000000c4   Code   RO         4421    i.xTaskResumeAll    tasks.o
    0x08003fec   0x08003fec   0x000000c4   Data   RO          272    .constdata          freertos.o
    0x080040b0   0x080040b0   0x00000010   Data   RO         3873    .constdata          system_stm32f4xx.o
    0x080040c0   0x080040c0   0x00000008   Data   RO         3874    .constdata          system_stm32f4xx.o
    0x080040c8   0x080040c8   0x00000200   Data   RO         5773    .constdata          modbus_crc.o
    0x080042c8   0x080042c8   0x00000054   Data   RO          273    .conststring        freertos.o
    0x0800431c   0x0800431c   0x00000020   Data   RO         6347    Region$$Table       anon$$obj.o


    Execution Region RW_IRAM1 (Exec base: 0x20000000, Load base: 0x0800433c, Size: 0x00004ab8, Max: 0x0001c000, ABSOLUTE)

    Exec Addr    Load Addr    Size         Type   Attr      Idx    E Section Name        Object

    0x20000000   0x0800433c   0x0000001c   Data   RW          274    .data               freertos.o
    0x2000001c   0x08004358   0x0000000c   Data   RW         1904    .data               stm32f4xx_hal.o
    0x20000028   0x08004364   0x00000004   Data   RW         3875    .data               system_stm32f4xx.o
    0x2000002c   0x08004368   0x0000003c   Data   RW         4424    .data               tasks.o
    0x20000068   0x080043a4   0x00000020   Data   RW         5068    .data               heap_4.o
    0x20000088   0x080043c4   0x0000000c   Data   RW         5136    .data               port.o
    0x20000094   0x080043d0   0x00000010   Data   RW         5681    .data               modbus.o
    0x200000a4   0x080043e0   0x00000001   Data   RW         5682    .data               modbus.o
    0x200000a5   0x080043e1   0x00000001   PAD
    0x200000a6   0x080043e2   0x00000002   Data   RW         5893    .data               flash_write_read.o
    0x200000a8   0x080043e4   0x00000004   Data   RW         6323    .data               mc_w.l(stdout.o)
    0x200000ac        -       0x00000254   Zero   RW          271    .bss                freertos.o
    0x20000300        -       0x00000048   Zero   RW          379    .bss                adc.o
    0x20000348        -       0x00000020   Zero   RW          421    .bss                rtc.o
    0x20000368        -       0x00000090   Zero   RW          464    .bss                tim.o
    0x200003f8        -       0x00000090   Zero   RW          514    .bss                usart.o
    0x20000488        -       0x00000048   Zero   RW          683    .bss                stm32f4xx_hal_timebase_tim.o
    0x200004d0        -       0x00000020   Zero   RW         1170    .bss                stm32f4xx_hal_flash.o
    0x200004f0        -       0x000000f0   Zero   RW         4423    .bss                tasks.o
    0x200005e0        -       0x00003c00   Zero   RW         5067    .bss                heap_4.o
    0x200041e0        -       0x000000ec   Zero   RW         5680    .bss                modbus.o
    0x200042cc        -       0x000003e8   Zero   RW         5938    .bss                float_to_u32.o
    0x200046b4   0x080043e8   0x00000004   PAD
    0x200046b8        -       0x00000400   Zero   RW            1    STACK               startup_stm32f407xx.o


    Execution Region RW_IRAM2 (Exec base: 0x2001c000, Load base: 0x080043e8, Size: 0x00000000, Max: 0x00004000, ABSOLUTE)

    **** No section assigned to this execution region ****


==============================================================================

Image component sizes


      Code (inc. data)   RO Data    RW Data    ZI Data      Debug   Object Name

       196         24          0          0         72       2033   adc.o
       120          0          0          0          0      24049   cmsis_os.o
         0          0          0          0          0      17220   event_groups.o
       332         52          0          2          0       3818   flash_write_read.o
        80         14          0          0       1000       1903   float_to_u32.o
       644         64        280         28        596       8989   freertos.o
       300         16          0          0          0       1263   gpio.o
       472         24          0         32      15360       7999   heap_4.o
       138          0          0          0          0       4046   list.o
       312         26          0          0          0     778564   main.o
       572         56          0         17        236       5328   modbus.o
        44          4        512          0          0       1585   modbus_crc.o
       702         72          0         12          0      11916   port.o
        60          4          0          0          0        649   pwr_on_off.o
       204         18          0          0         32       1995   rtc.o
        36          8        392          0       1024        920   startup_stm32f407xx.o
       116         18          0         12          0       9306   stm32f4xx_hal.o
       712         28          0          0          0       3215   stm32f4xx_hal_adc.o
       194         24          0          0          0      34153   stm32f4xx_hal_cortex.o
       182          0          0          0          0       2351   stm32f4xx_hal_dma.o
       520         66          0          0         32       7518   stm32f4xx_hal_flash.o
       356         24          0          0          0       4418   stm32f4xx_hal_flash_ex.o
       532         46          0          0          0       3916   stm32f4xx_hal_gpio.o
        56          4          0          0          0       1034   stm32f4xx_hal_msp.o
      1408         82          0          0          0       6485   stm32f4xx_hal_rcc.o
       316         20          0          0          0       1560   stm32f4xx_hal_rcc_ex.o
       692         24          0          0          0       6793   stm32f4xx_hal_rtc.o
       210          0          0          0          0       1635   stm32f4xx_hal_rtc_ex.o
      1072         74          0          0          0      11493   stm32f4xx_hal_tim.o
       148         28          0          0          0       2821   stm32f4xx_hal_tim_ex.o
       152         20          0          0         72       1731   stm32f4xx_hal_timebase_tim.o
      1562         16          0          0          0      11640   stm32f4xx_hal_uart.o
       148         38          0          0          0       6111   stm32f4xx_it.o
         0          0          0          0          0        384   stream_buffer.o
        16          4         24          4          0       1379   system_stm32f4xx.o
      1520        112          0         60        240      20902   tasks.o
       304         22          0          0        144       2843   tim.o
       364         48          0          0        144       4050   usart.o
        88         12          0          0          0       1453   water_tank_liquid.o

    ----------------------------------------------------------------------
     14912       1092       1240        168      18956    1019468   Object Totals
         0          0         32          0          0          0   (incl. Generated)
        32          0          0          1          4          0   (incl. Padding)

    ----------------------------------------------------------------------

      Code (inc. data)   RO Data    RW Data    ZI Data      Debug   Library Member Name

         0          0          0          0          0          0   entry.o
         0          0          0          0          0          0   entry10a.o
         0          0          0          0          0          0   entry11a.o
         4          0          0          0          0          0   entry12b.o
         8          4          0          0          0          0   entry2.o
         4          0          0          0          0          0   entry5.o
         0          0          0          0          0          0   entry7b.o
         0          0          0          0          0          0   entry8b.o
         8          4          0          0          0          0   entry9a.o
        30          0          0          0          0          0   handlers.o
        36          8          0          0          0         68   init.o
        30          0          0          0          0         68   llshl.o
        32          0          0          0          0         68   llushr.o
        36          0          0          0          0         68   memcpya.o
        36          0          0          0          0        108   memseta.o
       736         54          0          0          0        184   printf5.o
         0          0          0          4          0          0   stdout.o
        98          0          0          0          0         92   uldiv.o

    ----------------------------------------------------------------------
      1060         70          0          4          0        656   Library Totals
         2          0          0          0          0          0   (incl. Padding)

    ----------------------------------------------------------------------

      Code (inc. data)   RO Data    RW Data    ZI Data      Debug   Library Name

      1058         70          0          4          0        656   mc_w.l

    ----------------------------------------------------------------------
      1060         70          0          4          0        656   Library Totals

    ----------------------------------------------------------------------

==============================================================================


      Code (inc. data)   RO Data    RW Data    ZI Data      Debug   

     15972       1162       1240        172      18956    1004468   Grand Totals
     15972       1162       1240        172      18956    1004468   ELF Image Totals
     15972       1162       1240        172          0          0   ROM Totals

==============================================================================

    Total RO  Size (Code + RO Data)                17212 (  16.81kB)
    Total RW  Size (RW Data + ZI Data)             19128 (  18.68kB)
    Total ROM Size (Code + RO Data + RW Data)      17384 (  16.98kB)

==============================================================================

