Component: ARM Compiler 5.06 update 7 (build 960) Tool: armlink [4d3601]

==============================================================================

Section Cross References

    startup_stm32f103xb.o(RESET) refers to startup_stm32f103xb.o(STACK) for __initial_sp
    startup_stm32f103xb.o(RESET) refers to startup_stm32f103xb.o(.text) for Reset_Handler
    startup_stm32f103xb.o(RESET) refers to stm32f1xx_it.o(i.NMI_Handler) for NMI_Handler
    startup_stm32f103xb.o(RESET) refers to stm32f1xx_it.o(i.HardFault_Handler) for HardFault_Handler
    startup_stm32f103xb.o(RESET) refers to stm32f1xx_it.o(i.MemManage_Handler) for MemManage_Handler
    startup_stm32f103xb.o(RESET) refers to stm32f1xx_it.o(i.BusFault_Handler) for BusFault_Handler
    startup_stm32f103xb.o(RESET) refers to stm32f1xx_it.o(i.UsageFault_Handler) for UsageFault_Handler
    startup_stm32f103xb.o(RESET) refers to port.o(.emb_text) for SVC_Handler
    startup_stm32f103xb.o(RESET) refers to stm32f1xx_it.o(i.DebugMon_Handler) for DebugMon_Handler
    startup_stm32f103xb.o(RESET) refers to port.o(i.SysTick_Handler) for SysTick_Handler
    startup_stm32f103xb.o(RESET) refers to stm32f1xx_it.o(i.TIM2_IRQHandler) for TIM2_IRQHandler
    startup_stm32f103xb.o(RESET) refers to stm32f1xx_it.o(i.TIM4_IRQHandler) for TIM4_IRQHandler
    startup_stm32f103xb.o(RESET) refers to stm32f1xx_it.o(i.USART1_IRQHandler) for USART1_IRQHandler
    startup_stm32f103xb.o(RESET) refers to stm32f1xx_it.o(i.USART2_IRQHandler) for USART2_IRQHandler
    startup_stm32f103xb.o(.text) refers to system_stm32f1xx.o(i.SystemInit) for SystemInit
    startup_stm32f103xb.o(.text) refers to entry.o(.ARM.Collect$$$$00000000) for __main
    main.o(i.HAL_TIM_PeriodElapsedCallback) refers to stm32f1xx_hal.o(i.HAL_IncTick) for HAL_IncTick
    main.o(i.HAL_TIM_PeriodElapsedCallback) refers to modbus.o(.bss) for modbus
    main.o(i.SystemClock_Config) refers to memseta.o(.text) for __aeabi_memclr4
    main.o(i.SystemClock_Config) refers to stm32f1xx_hal_rcc.o(i.HAL_RCC_OscConfig) for HAL_RCC_OscConfig
    main.o(i.SystemClock_Config) refers to stm32f1xx_hal_rcc.o(i.HAL_RCC_ClockConfig) for HAL_RCC_ClockConfig
    main.o(i.SystemClock_Config) refers to stm32f1xx_hal_rcc_ex.o(i.HAL_RCCEx_PeriphCLKConfig) for HAL_RCCEx_PeriphCLKConfig
    main.o(i.main) refers to stm32f1xx_hal.o(i.HAL_Init) for HAL_Init
    main.o(i.main) refers to main.o(i.SystemClock_Config) for SystemClock_Config
    main.o(i.main) refers to gpio.o(i.MX_GPIO_Init) for MX_GPIO_Init
    main.o(i.main) refers to usart.o(i.MX_USART2_UART_Init) for MX_USART2_UART_Init
    main.o(i.main) refers to rtc.o(i.MX_RTC_Init) for MX_RTC_Init
    main.o(i.main) refers to tim.o(i.MX_TIM3_Init) for MX_TIM3_Init
    main.o(i.main) refers to tim.o(i.MX_TIM2_Init) for MX_TIM2_Init
    main.o(i.main) refers to usart.o(i.MX_USART1_UART_Init) for MX_USART1_UART_Init
    main.o(i.main) refers to modbus.o(i.Modbus_Init) for Modbus_Init
    main.o(i.main) refers to oled.o(i.OLED_Init) for OLED_Init
    main.o(i.main) refers to oled.o(i.OLED_Clear) for OLED_Clear
    main.o(i.main) refers to freertos.o(i.MX_FREERTOS_Init) for MX_FREERTOS_Init
    main.o(i.main) refers to cmsis_os.o(i.osKernelStart) for osKernelStart
    gpio.o(i.MX_GPIO_Init) refers to stm32f1xx_hal_gpio.o(i.HAL_GPIO_WritePin) for HAL_GPIO_WritePin
    gpio.o(i.MX_GPIO_Init) refers to stm32f1xx_hal_gpio.o(i.HAL_GPIO_Init) for HAL_GPIO_Init
    freertos.o(i.MX_FREERTOS_Init) refers to memcpya.o(.text) for __aeabi_memcpy4
    freertos.o(i.MX_FREERTOS_Init) refers to cmsis_os.o(i.osThreadCreate) for osThreadCreate
    freertos.o(i.MX_FREERTOS_Init) refers to freertos.o(.constdata) for .constdata
    freertos.o(i.MX_FREERTOS_Init) refers to freertos.o(.data) for .data
    freertos.o(i.Start_ConvertFloat_Task) refers to float_to_u32.o(i.DataConvertFloat) for DataConvertFloat
    freertos.o(i.Start_ConvertFloat_Task) refers to cmsis_os.o(i.osDelay) for osDelay
    freertos.o(i.Start_LED_Task) refers to stm32f1xx_hal_gpio.o(i.HAL_GPIO_WritePin) for HAL_GPIO_WritePin
    freertos.o(i.Start_LED_Task) refers to modbus.o(.bss) for modbus
    freertos.o(i.Start_keyboard_scan) refers to matrix_key.o(i.keyboard_scan) for keyboard_scan
    freertos.o(i.Start_keyboard_scan) refers to modbus.o(i.Host_write06_slave) for Host_write06_slave
    freertos.o(i.Start_keyboard_scan) refers to modbus.o(i.Host_Func6) for Host_Func6
    freertos.o(i.Start_keyboard_scan) refers to cmsis_os.o(i.osDelay) for osDelay
    freertos.o(i.Start_menu_Task) refers to menu.o(i.Menu_key_set) for Menu_key_set
    freertos.o(i.Start_menu_Task) refers to cmsis_os.o(i.osDelay) for osDelay
    freertos.o(i.Start_modbus_Task) refers to modbus.o(i.Host_Read03_slave) for Host_Read03_slave
    freertos.o(i.Start_modbus_Task) refers to modbus.o(i.HOST_ModbusRX) for HOST_ModbusRX
    freertos.o(i.Start_modbus_Task) refers to modbus.o(.bss) for modbus
    freertos.o(i.Start_pump_Task) refers to cmsis_os.o(i.osDelay) for osDelay
[...]
    RTC_WeekDayNum                           0x08003555   Thumb Code    86  stm32f1xx_hal_rtc.o(i.RTC_WeekDayNum)
    i.RTC_WriteAlarmCounter                  0x080035aa   Section        0  stm32f1xx_hal_rtc.o(i.RTC_WriteAlarmCounter)
    RTC_WriteAlarmCounter                    0x080035ab   Thumb Code    40  stm32f1xx_hal_rtc.o(i.RTC_WriteAlarmCounter)
    i.RTC_WriteTimeCounter                   0x080035d2   Section        0  stm32f1xx_hal_rtc.o(i.RTC_WriteTimeCounter)
    RTC_WriteTimeCounter                     0x080035d3   Thumb Code    40  stm32f1xx_hal_rtc.o(i.RTC_WriteTimeCounter)
    i.RTC_display                            0x080035fc   Section        0  menu.o(i.RTC_display)
    i.Set                                    0x08003668   Section        0  menu.o(i.Set)
    i.Setting                                0x080036b0   Section        0  menu.o(i.Setting)
    i.Start_ConvertFloat_Task                0x08003758   Section        0  freertos.o(i.Start_ConvertFloat_Task)
    i.Start_LED_Task                         0x0800376c   Section        0  freertos.o(i.Start_LED_Task)
    i.Start_keyboard_scan                    0x080037a4   Section        0  freertos.o(i.Start_keyboard_scan)
    i.Start_menu_Task                        0x080037e8   Section        0  freertos.o(i.Start_menu_Task)
    i.Start_modbus_Task                      0x080037f4   Section        0  freertos.o(i.Start_modbus_Task)
    i.Start_pump_Task                        0x08003828   Section        0  freertos.o(i.Start_pump_Task)
    i.SysTick_Handler                        0x08003830   Section        0  port.o(i.SysTick_Handler)
    i.SystemClock_Config                     0x0800385c   Section        0  main.o(i.SystemClock_Config)
    i.SystemInit                             0x080038dc   Section        0  system_stm32f1xx.o(i.SystemInit)
    i.TIM2_IRQHandler                        0x080038e0   Section        0  stm32f1xx_it.o(i.TIM2_IRQHandler)
    i.TIM4_IRQHandler                        0x080038ec   Section        0  stm32f1xx_it.o(i.TIM4_IRQHandler)
    i.TIM_Base_SetConfig                     0x080038f8   Section        0  stm32f1xx_hal_tim.o(i.TIM_Base_SetConfig)
    i.TIM_ETR_SetConfig                      0x08003964   Section        0  stm32f1xx_hal_tim.o(i.TIM_ETR_SetConfig)
    i.TIM_ITRx_SetConfig                     0x08003978   Section        0  stm32f1xx_hal_tim.o(i.TIM_ITRx_SetConfig)
    TIM_ITRx_SetConfig                       0x08003979   Thumb Code    16  stm32f1xx_hal_tim.o(i.TIM_ITRx_SetConfig)
    i.TIM_TI1_ConfigInputStage               0x08003988   Section        0  stm32f1xx_hal_tim.o(i.TIM_TI1_ConfigInputStage)
    TIM_TI1_ConfigInputStage                 0x08003989   Thumb Code    34  stm32f1xx_hal_tim.o(i.TIM_TI1_ConfigInputStage)
    i.TIM_TI2_ConfigInputStage               0x080039aa   Section        0  stm32f1xx_hal_tim.o(i.TIM_TI2_ConfigInputStage)
    TIM_TI2_ConfigInputStage                 0x080039ab   Thumb Code    36  stm32f1xx_hal_tim.o(i.TIM_TI2_ConfigInputStage)
    i.Temperature                            0x080039d0   Section        0  menu.o(i.Temperature)
    i.TestTemperature                        0x08003a6c   Section        0  menu.o(i.TestTemperature)
    i.Tims_delay_us                          0x08003a9c   Section        0  dht11.o(i.Tims_delay_us)
    i.UART_DMAAbortOnError                   0x08003ad8   Section        0  stm32f1xx_hal_uart.o(i.UART_DMAAbortOnError)
    UART_DMAAbortOnError                     0x08003ad9   Thumb Code    16  stm32f1xx_hal_uart.o(i.UART_DMAAbortOnError)
    i.UART_EndRxTransfer                     0x08003ae8   Section        0  stm32f1xx_hal_uart.o(i.UART_EndRxTransfer)
    UART_EndRxTransfer                       0x08003ae9   Thumb Code    78  stm32f1xx_hal_uart.o(i.UART_EndRxTransfer)
    i.UART_Receive_IT                        0x08003b36   Section        0  stm32f1xx_hal_uart.o(i.UART_Receive_IT)
    UART_Receive_IT                          0x08003b37   Thumb Code   194  stm32f1xx_hal_uart.o(i.UART_Receive_IT)
    i.UART_SetConfig                         0x08003bf8   Section        0  stm32f1xx_hal_uart.o(i.UART_SetConfig)
    UART_SetConfig                           0x08003bf9   Thumb Code   178  stm32f1xx_hal_uart.o(i.UART_SetConfig)
    i.UART_WaitOnFlagUntilTimeout            0x08003cb0   Section        0  stm32f1xx_hal_uart.o(i.UART_WaitOnFlagUntilTimeout)
    UART_WaitOnFlagUntilTimeout              0x08003cb1   Thumb Code   120  stm32f1xx_hal_uart.o(i.UART_WaitOnFlagUntilTimeout)
    i.USART1_IRQHandler                      0x08003d28   Section        0  stm32f1xx_it.o(i.USART1_IRQHandler)
    i.USART2_IRQHandler                      0x08003d80   Section        0  stm32f1xx_it.o(i.USART2_IRQHandler)
    i.UsageFault_Handler                     0x08003d8c   Section        0  stm32f1xx_it.o(i.UsageFault_Handler)
    i.__0printf                              0x08003d90   Section        0  printfa.o(i.__0printf)
    i.__NVIC_SetPriority                     0x08003db0   Section        0  stm32f1xx_hal_cortex.o(i.__NVIC_SetPriority)
    __NVIC_SetPriority                       0x08003db1   Thumb Code    32  stm32f1xx_hal_cortex.o(i.__NVIC_SetPriority)
    i.__scatterload_copy                     0x08003dd0   Section       14  handlers.o(i.__scatterload_copy)
    i.__scatterload_null                     0x08003dde   Section        2  handlers.o(i.__scatterload_null)
    i.__scatterload_zeroinit                 0x08003de0   Section       14  handlers.o(i.__scatterload_zeroinit)
    i._fp_digits                             0x08003df0   Section        0  printfa.o(i._fp_digits)
    _fp_digits                               0x08003df1   Thumb Code   366  printfa.o(i._fp_digits)
    i._printf_core                           0x08003f74   Section        0  printfa.o(i._printf_core)
    _printf_core                             0x08003f75   Thumb Code  1704  printfa.o(i._printf_core)
    i._printf_post_padding                   0x08004628   Section        0  printfa.o(i._printf_post_padding)
    _printf_post_padding                     0x08004629   Thumb Code    36  printfa.o(i._printf_post_padding)
    i._printf_pre_padding                    0x0800464c   Section        0  printfa.o(i._printf_pre_padding)
    _printf_pre_padding                      0x0800464d   Thumb Code    46  printfa.o(i._printf_pre_padding)
    i.delay_ms                               0x0800467a   Section        0  delay.o(i.delay_ms)
    i.delay_us                               0x08004694   Section        0  delay.o(i.delay_us)
    i.fputc                                  0x080046c8   Section        0  usart.o(i.fputc)
    i.home                                   0x080046e0   Section        0  menu.o(i.home)
    i.keyboard_scan                          0x08004780   Section        0  matrix_key.o(i.keyboard_scan)
    i.main                                   0x0800490c   Section        0  main.o(i.main)
    i.makeFreeRtosPriority                   0x08004942   Section        0  cmsis_os.o(i.makeFreeRtosPriority)
    makeFreeRtosPriority                     0x08004943   Thumb Code    12  cmsis_os.o(i.makeFreeRtosPriority)
    i.oled_drawbmp_block_clear               0x0800494e   Section        0  dinogame.o(i.oled_drawbmp_block_clear)
    i.oled_pow                               0x08004996   Section        0  oled.o(i.oled_pow)
    i.osDelay                                0x080049a6   Section        0  cmsis_os.o(i.osDelay)
    i.osKernelStart                          0x080049b4   Section        0  cmsis_os.o(i.osKernelStart)
    i.osThreadCreate                         0x080049be   Section        0  cmsis_os.o(i.osThreadCreate)
    i.prvAddCurrentTaskToDelayedList         0x08004a14   Section        0  tasks.o(i.prvAddCurrentTaskToDelayedList)
    prvAddCurrentTaskToDelayedList           0x08004a15   Thumb Code   102  tasks.o(i.prvAddCurrentTaskToDelayedList)
    i.prvAddNewTaskToReadyList               0x08004a84   Section        0  tasks.o(i.prvAddNewTaskToReadyList)
    prvAddNewTaskToReadyList                 0x08004a85   Thumb Code   194  tasks.o(i.prvAddNewTaskToReadyList)
    i.prvDeleteTCB                           0x08004b54   Section        0  tasks.o(i.prvDeleteTCB)
    prvDeleteTCB                             0x08004b55   Thumb Code    52  tasks.o(i.prvDeleteTCB)
    i.prvHeapInit                            0x08004b88   Section        0  heap_4.o(i.prvHeapInit)
    prvHeapInit                              0x08004b89   Thumb Code    66  heap_4.o(i.prvHeapInit)
    i.prvIdleTask                            0x08004bd4   Section        0  tasks.o(i.prvIdleTask)
    prvIdleTask                              0x08004bd5   Thumb Code    82  tasks.o(i.prvIdleTask)
    i.prvInitialiseNewTask                   0x08004c34   Section        0  tasks.o(i.prvInitialiseNewTask)
    prvInitialiseNewTask                     0x08004c35   Thumb Code   142  tasks.o(i.prvInitialiseNewTask)
    i.prvInsertBlockIntoFreeList             0x08004cc4   Section        0  heap_4.o(i.prvInsertBlockIntoFreeList)
    prvInsertBlockIntoFreeList               0x08004cc5   Thumb Code    72  heap_4.o(i.prvInsertBlockIntoFreeList)
    i.prvResetNextTaskUnblockTime            0x08004d10   Section        0  tasks.o(i.prvResetNextTaskUnblockTime)
    prvResetNextTaskUnblockTime              0x08004d11   Thumb Code    26  tasks.o(i.prvResetNextTaskUnblockTime)
    i.prvTaskExitError                       0x08004d30   Section        0  port.o(i.prvTaskExitError)
    prvTaskExitError                         0x08004d31   Thumb Code    36  port.o(i.prvTaskExitError)
    i.pvPortMalloc                           0x08004d58   Section        0  heap_4.o(i.pvPortMalloc)
    i.pxPortInitialiseStack                  0x08004e30   Section        0  port.o(i.pxPortInitialiseStack)
    i.uxListRemove                           0x08004e54   Section        0  list.o(i.uxListRemove)
    i.vApplicationGetIdleTaskMemory          0x08004e7c   Section        0  freertos.o(i.vApplicationGetIdleTaskMemory)
    i.vListInitialise                        0x08004e90   Section        0  list.o(i.vListInitialise)
    i.vListInitialiseItem                    0x08004ea6   Section        0  list.o(i.vListInitialiseItem)
    i.vListInsert                            0x08004eac   Section        0  list.o(i.vListInsert)
    i.vListInsertEnd                         0x08004edc   Section        0  list.o(i.vListInsertEnd)
    i.vPortEnterCritical                     0x08004ef4   Section        0  port.o(i.vPortEnterCritical)
    i.vPortExitCritical                      0x08004f34   Section        0  port.o(i.vPortExitCritical)
    i.vPortFree                              0x08004f5c   Section        0  heap_4.o(i.vPortFree)
    i.vPortSetupTimerInterrupt               0x08004fb8   Section        0  port.o(i.vPortSetupTimerInterrupt)
    i.vTaskDelay                             0x08004fdc   Section        0  tasks.o(i.vTaskDelay)
    i.vTaskStartScheduler                    0x08005028   Section        0  tasks.o(i.vTaskStartScheduler)
    i.vTaskSuspendAll                        0x08005094   Section        0  tasks.o(i.vTaskSuspendAll)
    i.vTaskSwitchContext                     0x080050a4   Section        0  tasks.o(i.vTaskSwitchContext)
    i.xPortStartScheduler                    0x08005100   Section        0  port.o(i.xPortStartScheduler)
    i.xTaskCreate                            0x080051a8   Section        0  tasks.o(i.xTaskCreate)
    i.xTaskCreateStatic                      0x08005202   Section        0  tasks.o(i.xTaskCreateStatic)
    i.xTaskIncrementTick                     0x08005258   Section        0  tasks.o(i.xTaskIncrementTick)
    i.xTaskResumeAll                         0x08005320   Section        0  tasks.o(i.xTaskResumeAll)
    .constdata                               0x080053e4   Section      168  freertos.o(.constdata)
    .constdata                               0x0800548c   Section       18  stm32f1xx_hal_rcc.o(.constdata)
    aPredivFactorTable                       0x0800548c   Data           2  stm32f1xx_hal_rcc.o(.constdata)
    aPLLMULFactorTable                       0x0800548e   Data          16  stm32f1xx_hal_rcc.o(.constdata)
    .constdata                               0x0800549e   Section       18  stm32f1xx_hal_rcc_ex.o(.constdata)
    aPredivFactorTable                       0x0800549e   Data           2  stm32f1xx_hal_rcc_ex.o(.constdata)
    aPLLMULFactorTable                       0x080054a0   Data          16  stm32f1xx_hal_rcc_ex.o(.constdata)
    .constdata                               0x080054b0   Section       16  system_stm32f1xx.o(.constdata)
    .constdata                               0x080054c0   Section        8  system_stm32f1xx.o(.constdata)
    .constdata                               0x080054c8   Section     2072  oled.o(.constdata)
    .constdata                               0x08005ce0   Section     2309  dinogame.o(.constdata)
    .constdata                               0x080065e5   Section      512  modbus_crc.o(.constdata)
    .conststring                             0x080067e8   Section       78  freertos.o(.conststring)
    .data                                    0x20000000   Section       24  freertos.o(.data)
    .data                                    0x20000018   Section       12  stm32f1xx_hal.o(.data)
    .data                                    0x20000024   Section        4  system_stm32f1xx.o(.data)
    .data                                    0x20000028   Section       60  tasks.o(.data)
    pxDelayedTaskList                        0x2000002c   Data           4  tasks.o(.data)
    pxOverflowDelayedTaskList                0x20000030   Data           4  tasks.o(.data)
    uxDeletedTasksWaitingCleanUp             0x20000034   Data           4  tasks.o(.data)
    uxCurrentNumberOfTasks                   0x20000038   Data           4  tasks.o(.data)
    xTickCount                               0x2000003c   Data           4  tasks.o(.data)
    uxTopReadyPriority                       0x20000040   Data           4  tasks.o(.data)
    xSchedulerRunning                        0x20000044   Data           4  tasks.o(.data)
    uxPendedTicks                            0x20000048   Data           4  tasks.o(.data)
    xYieldPending                            0x2000004c   Data           4  tasks.o(.data)
    xNumOfOverflows                          0x20000050   Data           4  tasks.o(.data)
    uxTaskNumber                             0x20000054   Data           4  tasks.o(.data)
    xNextTaskUnblockTime                     0x20000058   Data           4  tasks.o(.data)
    xIdleTaskHandle                          0x2000005c   Data           4  tasks.o(.data)
    uxSchedulerSuspended                     0x20000060   Data           4  tasks.o(.data)
    .data                                    0x20000064   Section       24  heap_4.o(.data)
    pxEnd                                    0x20000064   Data           4  heap_4.o(.data)
    xFreeBytesRemaining                      0x20000068   Data           4  heap_4.o(.data)
    xMinimumEverFreeBytesRemaining           0x2000006c   Data           4  heap_4.o(.data)
    xBlockAllocatedBit                       0x20000070   Data           4  heap_4.o(.data)
    xStart                                   0x20000074   Data           8  heap_4.o(.data)
    .data                                    0x2000007c   Section       12  port.o(.data)
    ucMaxSysCallPriority                     0x2000007c   Data           1  port.o(.data)
    uxCriticalNesting                        0x20000080   Data           4  port.o(.data)
    ulMaxPRIGROUPValue                       0x20000084   Data           4  port.o(.data)
    .data                                    0x20000088   Section       24  control.o(.data)
    .data                                    0x200000a0   Section     2172  menu.o(.data)
    key_up                                   0x200000a2   Data           1  menu.o(.data)
    .data                                    0x2000091c   Section       24  dinogame.o(.data)
    height                                   0x2000091c   Data           1  dinogame.o(.data)
    dino_dir                                 0x2000091d   Data           1  dinogame.o(.data)
    speed_idx                                0x2000091e   Data           1  dinogame.o(.data)
    dir                                      0x2000091f   Data           1  dinogame.o(.data)
    pos                                      0x20000920   Data           4  dinogame.o(.data)
    pos                                      0x20000924   Data           4  dinogame.o(.data)
    pos                                      0x20000928   Data           4  dinogame.o(.data)
    pos                                      0x2000092c   Data           4  dinogame.o(.data)
    height                                   0x20000930   Data           4  dinogame.o(.data)
    .data                                    0x20000934   Section        1  modbus.o(.data)
    .data                                    0x20000938   Section        4  delay.o(.data)
    fac_us                                   0x20000938   Data           4  delay.o(.data)
    .data                                    0x2000093c   Section        4  rand.o(.data)
    _rand_state                              0x2000093c   Data           4  rand.o(.data)
    .data                                    0x20000940   Section        4  stdout.o(.data)
    .bss                                     0x20000944   Section      596  freertos.o(.bss)
    xIdleTaskTCBBuffer                       0x20000944   Data          84  freertos.o(.bss)
    xIdleStack                               0x20000998   Data         512  freertos.o(.bss)
    .bss                                     0x20000b98   Section       20  rtc.o(.bss)
    .bss                                     0x20000bac   Section      144  tim.o(.bss)
    .bss                                     0x20000c3c   Section      144  usart.o(.bss)
    .bss                                     0x20000ccc   Section       72  stm32f1xx_hal_timebase_tim.o(.bss)
    .bss                                     0x20000d14   Section      240  tasks.o(.bss)
    pxReadyTasksLists                        0x20000d14   Data         140  tasks.o(.bss)
    xDelayedTaskList1                        0x20000da0   Data          20  tasks.o(.bss)
    xDelayedTaskList2                        0x20000db4   Data          20  tasks.o(.bss)
    xPendingReadyList                        0x20000dc8   Data          20  tasks.o(.bss)
    xTasksWaitingTermination                 0x20000ddc   Data          20  tasks.o(.bss)
    xSuspendedTaskList                       0x20000df0   Data          20  tasks.o(.bss)
    .bss                                     0x20000e04   Section     4096  heap_4.o(.bss)
    ucHeap                                   0x20000e04   Data        4096  heap_4.o(.bss)
    .bss                                     0x20001e04   Section      244  modbus.o(.bss)
    STACK                                    0x20001ef8   Section     1024  startup_stm32f103xb.o(STACK)

    Global Symbols

    Symbol Name                              Value     Ov Type        Size  Object(Section)

    BuildAttributes$$THM_ISAv4$P$D$K$B$S$PE$A:L22UL41UL21$X:L11$S22US41US21$IEEE1$IW$USESV6$~STKCKD$USESV7$~SHL$OSPACE$ROPI$EBA8$MICROLIB$REQ8$PRES8$EABIv2 0x00000000   Number         0  anon$$obj.o ABSOLUTE
    __ARM_use_no_argv                        0x00000000   Number         0  main.o ABSOLUTE
    _printf_a                                0x00000000   Number         0  stubs.o ABSOLUTE
    _printf_c                                0x00000000   Number         0  stubs.o ABSOLUTE
    _printf_charcount                        0x00000000   Number         0  stubs.o ABSOLUTE
    _printf_d                                0x00000000   Number         0  stubs.o ABSOLUTE
    _printf_e                                0x00000000   Number         0  stubs.o ABSOLUTE
    _printf_f                                0x00000000   Number         0  stubs.o ABSOLUTE
    _printf_flags                            0x00000000   Number         0  stubs.o ABSOLUTE
    _printf_fp_dec                           0x00000000   Number         0  stubs.o ABSOLUTE
    _printf_fp_hex                           0x00000000   Number         0  stubs.o ABSOLUTE
    _printf_g                                0x00000000   Number         0  stubs.o ABSOLUTE
    _printf_i                                0x00000000   Number         0  stubs.o ABSOLUTE
    _printf_int_dec                          0x00000000   Number         0  stubs.o ABSOLUTE
    _printf_l                                0x00000000   Number         0  stubs.o ABSOLUTE
    _printf_lc                               0x00000000   Number         0  stubs.o ABSOLUTE
    _printf_ll                               0x00000000   Number         0  stubs.o ABSOLUTE
    _printf_lld                              0x00000000   Number         0  stubs.o ABSOLUTE
    _printf_lli                              0x00000000   Number         0  stubs.o ABSOLUTE
    _printf_llo                              0x00000000   Number         0  stubs.o ABSOLUTE
    _printf_llu                              0x00000000   Number         0  stubs.o ABSOLUTE
    _printf_llx                              0x00000000   Number         0  stubs.o ABSOLUTE
    _printf_longlong_dec                     0x00000000   Number         0  stubs.o ABSOLUTE
    _printf_longlong_hex                     0x00000000   Number         0  stubs.o ABSOLUTE
    _printf_longlong_oct                     0x00000000   Number         0  stubs.o ABSOLUTE
    _printf_ls                               0x00000000   Number         0  stubs.o ABSOLUTE
    _printf_mbtowc                           0x00000000   Number         0  stubs.o ABSOLUTE
    _printf_n                                0x00000000   Number         0  stubs.o ABSOLUTE
    _printf_o                                0x00000000   Number         0  stubs.o ABSOLUTE
    _printf_p                                0x00000000   Number         0  stubs.o ABSOLUTE
    _printf_percent                          0x00000000   Number         0  stubs.o ABSOLUTE
    _printf_pre_padding                      0x00000000   Number         0  stubs.o ABSOLUTE
    _printf_return_value                     0x00000000   Number         0  stubs.o ABSOLUTE
    _printf_s                                0x00000000   Number         0  stubs.o ABSOLUTE
    _printf_sizespec                         0x00000000   Number         0  stubs.o ABSOLUTE
    _printf_str                              0x00000000   Number         0  stubs.o ABSOLUTE
    _printf_truncate_signed                  0x00000000   Number         0  stubs.o ABSOLUTE
    _printf_truncate_unsigned                0x00000000   Number         0  stubs.o ABSOLUTE
    _printf_u                                0x00000000   Number         0  stubs.o ABSOLUTE
    _printf_wc                               0x00000000   Number         0  stubs.o ABSOLUTE
    _printf_wctomb                           0x00000000   Number         0  stubs.o ABSOLUTE
    _printf_widthprec                        0x00000000   Number         0  stubs.o ABSOLUTE
    _printf_x                                0x00000000   Number         0  stubs.o ABSOLUTE
    __arm_fini_                               - Undefined Weak Reference
    __cpp_initialize__aeabi_                  - Undefined Weak Reference
    __cxa_finalize                            - Undefined Weak Reference
    _clock_init                               - Undefined Weak Reference
    _microlib_exit                            - Undefined Weak Reference
    __Vectors_Size                           0x000000ec   Number         0  startup_stm32f103xb.o ABSOLUTE
    __Vectors                                0x08000000   Data           4  startup_stm32f103xb.o(RESET)
    __Vectors_End                            0x080000ec   Data           0  startup_stm32f103xb.o(RESET)
    __main                                   0x080000ed   Thumb Code     0  entry.o(.ARM.Collect$$$$00000000)
    _main_stk                                0x080000ed   Thumb Code     0  entry2.o(.ARM.Collect$$$$00000001)
    _main_scatterload                        0x080000f1   Thumb Code     0  entry5.o(.ARM.Collect$$$$00000004)
    __main_after_scatterload                 0x080000f5   Thumb Code     0  entry5.o(.ARM.Collect$$$$00000004)
    _main_clock                              0x080000f5   Thumb Code     0  entry7b.o(.ARM.Collect$$$$00000008)
    _main_cpp_init                           0x080000f5   Thumb Code     0  entry8b.o(.ARM.Collect$$$$0000000A)
    _main_init                               0x080000f5   Thumb Code     0  entry9a.o(.ARM.Collect$$$$0000000B)
    __rt_lib_shutdown_fini                   0x080000fd   Thumb Code     0  entry12b.o(.ARM.Collect$$$$0000000E)
    __rt_final_cpp                           0x08000101   Thumb Code     0  entry10a.o(.ARM.Collect$$$$0000000F)
    __rt_final_exit                          0x08000101   Thumb Code     0  entry11a.o(.ARM.Collect$$$$00000011)
    SVC_Handler                              0x08000105   Thumb Code    32  port.o(.emb_text)
    __asm___6_port_c_39a90d8d__prvStartFirstTask 0x08000129   Thumb Code    28  port.o(.emb_text)
    PendSV_Handler                           0x08000149   Thumb Code    72  port.o(.emb_text)
    vPortGetIPSR                             0x08000195   Thumb Code     6  port.o(.emb_text)
    Reset_Handler                            0x0800019d   Thumb Code     8  startup_stm32f103xb.o(.text)
    ADC1_2_IRQHandler                        0x080001b7   Thumb Code     0  startup_stm32f103xb.o(.text)
    CAN1_RX1_IRQHandler                      0x080001b7   Thumb Code     0  startup_stm32f103xb.o(.text)
    CAN1_SCE_IRQHandler                      0x080001b7   Thumb Code     0  startup_stm32f103xb.o(.text)
    DMA1_Channel1_IRQHandler                 0x080001b7   Thumb Code     0  startup_stm32f103xb.o(.text)
    DMA1_Channel2_IRQHandler                 0x080001b7   Thumb Code     0  startup_stm32f103xb.o(.text)
    DMA1_Channel3_IRQHandler                 0x080001b7   Thumb Code     0  startup_stm32f103xb.o(.text)
    DMA1_Channel4_IRQHandler                 0x080001b7   Thumb Code     0  startup_stm32f103xb.o(.text)
    DMA1_Channel5_IRQHandler                 0x080001b7   Thumb Code     0  startup_stm32f103xb.o(.text)
    DMA1_Channel6_IRQHandler                 0x080001b7   Thumb Code     0  startup_stm32f103xb.o(.text)
    DMA1_Channel7_IRQHandler                 0x080001b7   Thumb Code     0  startup_stm32f103xb.o(.text)
    EXTI0_IRQHandler                         0x080001b7   Thumb Code     0  startup_stm32f103xb.o(.text)
    EXTI15_10_IRQHandler                     0x080001b7   Thumb Code     0  startup_stm32f103xb.o(.text)
    EXTI1_IRQHandler                         0x080001b7   Thumb Code     0  startup_stm32f103xb.o(.text)
    EXTI2_IRQHandler                         0x080001b7   Thumb Code     0  startup_stm32f103xb.o(.text)
    EXTI3_IRQHandler                         0x080001b7   Thumb Code     0  startup_stm32f103xb.o(.text)
    EXTI4_IRQHandler                         0x080001b7   Thumb Code     0  startup_stm32f103xb.o(.text)
    EXTI9_5_IRQHandler                       0x080001b7   Thumb Code     0  startup_stm32f103xb.o(.text)
    FLASH_IRQHandler                         0x080001b7   Thumb Code     0  startup_stm32f103xb.o(.text)
    I2C1_ER_IRQHandler                       0x080001b7   Thumb Code     0  startup_stm32f103xb.o(.text)
    I2C1_EV_IRQHandler                       0x080001b7   Thumb Code     0  startup_stm32f103xb.o(.text)
    I2C2_ER_IRQHandler                       0x080001b7   Thumb Code     0  startup_stm32f103xb.o(.text)
    I2C2_EV_IRQHandler                       0x080001b7   Thumb Code     0  startup_stm32f103xb.o(.text)
    PVD_IRQHandler                           0x080001b7   Thumb Code     0  startup_stm32f103xb.o(.text)
    RCC_IRQHandler                           0x080001b7   Thumb Code     0  startup_stm32f103xb.o(.text)
    RTC_Alarm_IRQHandler                     0x080001b7   Thumb Code     0  startup_stm32f103xb.o(.text)
    RTC_IRQHandler                           0x080001b7   Thumb Code     0  startup_stm32f103xb.o(.text)
    SPI1_IRQHandler                          0x080001b7   Thumb Code     0  startup_stm32f103xb.o(.text)
    SPI2_IRQHandler                          0x080001b7   Thumb Code     0  startup_stm32f103xb.o(.text)
    TAMPER_IRQHandler                        0x080001b7   Thumb Code     0  startup_stm32f103xb.o(.text)
    TIM1_BRK_IRQHandler                      0x080001b7   Thumb Code     0  startup_stm32f103xb.o(.text)
    TIM1_CC_IRQHandler                       0x080001b7   Thumb Code     0  startup_stm32f103xb.o(.text)
    TIM1_TRG_COM_IRQHandler                  0x080001b7   Thumb Code     0  startup_stm32f103xb.o(.text)
    TIM1_UP_IRQHandler                       0x080001b7   Thumb Code     0  startup_stm32f103xb.o(.text)
    TIM3_IRQHandler                          0x080001b7   Thumb Code     0  startup_stm32f103xb.o(.text)
    USART3_IRQHandler                        0x080001b7   Thumb Code     0  startup_stm32f103xb.o(.text)
    USBWakeUp_IRQHandler                     0x080001b7   Thumb Code     0  startup_stm32f103xb.o(.text)
    USB_HP_CAN1_TX_IRQHandler                0x080001b7   Thumb Code     0  startup_stm32f103xb.o(.text)
    USB_LP_CAN1_RX0_IRQHandler               0x080001b7   Thumb Code     0  startup_stm32f103xb.o(.text)
    WWDG_IRQHandler                          0x080001b7   Thumb Code     0  startup_stm32f103xb.o(.text)
    __aeabi_llsr                             0x080001c1   Thumb Code    32  llushr.o(.text)
    _ll_ushift_r                             0x080001c1   Thumb Code     0  llushr.o(.text)
    rand                                     0x080001e1   Thumb Code    20  rand.o(.text)
    srand                                    0x080001f5   Thumb Code     6  rand.o(.text)
    __aeabi_memcpy                           0x08000205   Thumb Code    36  memcpya.o(.text)
    __aeabi_memcpy4                          0x08000205   Thumb Code     0  memcpya.o(.text)
    __aeabi_memcpy8                          0x08000205   Thumb Code     0  memcpya.o(.text)
    __aeabi_memset                           0x08000229   Thumb Code    14  memseta.o(.text)
    __aeabi_memset4                          0x08000229   Thumb Code     0  memseta.o(.text)
    __aeabi_memset8                          0x08000229   Thumb Code     0  memseta.o(.text)
    __aeabi_memclr                           0x08000237   Thumb Code     4  memseta.o(.text)
    __aeabi_memclr4                          0x08000237   Thumb Code     0  memseta.o(.text)
    __aeabi_memclr8                          0x08000237   Thumb Code     0  memseta.o(.text)
    memset                                   0x0800023b   Thumb Code    18  memseta.o(.text)
    __aeabi_f2d                              0x0800024d   Thumb Code    38  f2d.o(.text)
    __aeabi_uidiv                            0x08000273   Thumb Code     0  uidiv.o(.text)
    __aeabi_uidivmod                         0x08000273   Thumb Code    44  uidiv.o(.text)
    __aeabi_uldivmod                         0x0800029f   Thumb Code    98  uldiv.o(.text)
    __I$use$fp                               0x08000301   Thumb Code     0  iusefp.o(.text)
    __aeabi_dadd                             0x08000301   Thumb Code   322  dadd.o(.text)
    __aeabi_dsub                             0x08000443   Thumb Code     6  dadd.o(.text)
    __aeabi_drsub                            0x08000449   Thumb Code     6  dadd.o(.text)
    __aeabi_dmul                             0x0800044f   Thumb Code   228  dmul.o(.text)
    __aeabi_ddiv                             0x08000533   Thumb Code   222  ddiv.o(.text)
    __aeabi_d2ulz                            0x08000611   Thumb Code    48  dfixul.o(.text)
    __aeabi_cdrcmple                         0x08000641   Thumb Code    48  cdrcmple.o(.text)
    __scatterload                            0x08000671   Thumb Code    28  init.o(.text)
    __scatterload_rt2                        0x08000671   Thumb Code     0  init.o(.text)
    __aeabi_llsl                             0x08000695   Thumb Code    30  llshl.o(.text)
    _ll_shift_l                              0x08000695   Thumb Code     0  llshl.o(.text)
    __aeabi_lasr                             0x080006b3   Thumb Code    36  llsshr.o(.text)
    _ll_sshift_r                             0x080006b3   Thumb Code     0  llsshr.o(.text)
    _double_round                            0x080006d7   Thumb Code    30  depilogue.o(.text)
    _double_epilogue                         0x080006f5   Thumb Code   156  depilogue.o(.text)
    __decompress                             0x08000791   Thumb Code     0  __dczerorl2.o(.text)
    __decompress1                            0x08000791   Thumb Code    86  __dczerorl2.o(.text)
    BusFault_Handler                         0x080007e7   Thumb Code     2  stm32f1xx_it.o(i.BusFault_Handler)
    ConrtolGame                              0x080007e9   Thumb Code     4  menu.o(i.ConrtolGame)
    DHT11                                    0x080007ed   Thumb Code    16  dht11.o(i.DHT11)
    DHT11_Check                              0x080007fd   Thumb Code    26  dht11.o(i.DHT11_Check)
    DHT11_READ_BIT                           0x08000849   Thumb Code    50  dht11.o(i.DHT11_READ_BIT)
    DHT11_READ_BYTE                          0x08000881   Thumb Code    32  dht11.o(i.DHT11_READ_BYTE)
    DHT11_READ_DATA                          0x080008a1   Thumb Code   190  dht11.o(i.DHT11_READ_DATA)
    DHT11_START                              0x08000981   Thumb Code    34  dht11.o(i.DHT11_START)
    DataConvertFloat                         0x080009a9   Thumb Code    88  float_to_u32.o(i.DataConvertFloat)
    DebugMon_Handler                         0x08000a21   Thumb Code     2  stm32f1xx_it.o(i.DebugMon_Handler)
    Error_Handler                            0x08000a23   Thumb Code     4  main.o(i.Error_Handler)
    Game_control                             0x08000a29   Thumb Code   306  control.o(i.Game_control)
    HAL_DMA_Abort                            0x08000b65   Thumb Code    70  stm32f1xx_hal_dma.o(i.HAL_DMA_Abort)
    HAL_DMA_Abort_IT                         0x08000bad   Thumb Code   148  stm32f1xx_hal_dma.o(i.HAL_DMA_Abort_IT)
    HAL_Delay                                0x08000c45   Thumb Code    32  stm32f1xx_hal.o(i.HAL_Delay)
    HAL_GPIO_Init                            0x08000c69   Thumb Code   446  stm32f1xx_hal_gpio.o(i.HAL_GPIO_Init)
    HAL_GPIO_ReadPin                         0x08000e49   Thumb Code    10  stm32f1xx_hal_gpio.o(i.HAL_GPIO_ReadPin)
    HAL_GPIO_WritePin                        0x08000e53   Thumb Code    10  stm32f1xx_hal_gpio.o(i.HAL_GPIO_WritePin)
    HAL_GetTick                              0x08000e5d   Thumb Code     6  stm32f1xx_hal.o(i.HAL_GetTick)
    HAL_IncTick                              0x08000e69   Thumb Code    12  stm32f1xx_hal.o(i.HAL_IncTick)
    HAL_Init                                 0x08000e79   Thumb Code    32  stm32f1xx_hal.o(i.HAL_Init)
    HAL_InitTick                             0x08000e9d   Thumb Code   132  stm32f1xx_hal_timebase_tim.o(i.HAL_InitTick)
    HAL_MspInit                              0x08000f35   Thumb Code    62  stm32f1xx_hal_msp.o(i.HAL_MspInit)
    HAL_NVIC_EnableIRQ                       0x08000f7d   Thumb Code    26  stm32f1xx_hal_cortex.o(i.HAL_NVIC_EnableIRQ)
    HAL_NVIC_SetPriority                     0x08000f99   Thumb Code    60  stm32f1xx_hal_cortex.o(i.HAL_NVIC_SetPriority)
    HAL_NVIC_SetPriorityGrouping             0x08000fd9   Thumb Code    26  stm32f1xx_hal_cortex.o(i.HAL_NVIC_SetPriorityGrouping)
    HAL_PWR_EnableBkUpAccess                 0x08000ffd   Thumb Code     8  stm32f1xx_hal_pwr.o(i.HAL_PWR_EnableBkUpAccess)
    HAL_RCCEx_GetPeriphCLKFreq               0x08001009   Thumb Code   148  stm32f1xx_hal_rcc_ex.o(i.HAL_RCCEx_GetPeriphCLKFreq)
    HAL_RCCEx_PeriphCLKConfig                0x080010ad   Thumb Code   224  stm32f1xx_hal_rcc_ex.o(i.HAL_RCCEx_PeriphCLKConfig)
    HAL_RCC_ClockConfig                      0x08001199   Thumb Code   280  stm32f1xx_hal_rcc.o(i.HAL_RCC_ClockConfig)
    HAL_RCC_GetClockConfig                   0x080012c5   Thumb Code    54  stm32f1xx_hal_rcc.o(i.HAL_RCC_GetClockConfig)
    HAL_RCC_GetPCLK1Freq                     0x08001305   Thumb Code    20  stm32f1xx_hal_rcc.o(i.HAL_RCC_GetPCLK1Freq)
    HAL_RCC_GetPCLK2Freq                     0x08001325   Thumb Code    20  stm32f1xx_hal_rcc.o(i.HAL_RCC_GetPCLK2Freq)
    HAL_RCC_GetSysClockFreq                  0x08001345   Thumb Code    58  stm32f1xx_hal_rcc.o(i.HAL_RCC_GetSysClockFreq)
    HAL_RCC_OscConfig                        0x08001391   Thumb Code   778  stm32f1xx_hal_rcc.o(i.HAL_RCC_OscConfig)
    HAL_RTC_GetDate                          0x080016b1   Thumb Code    78  stm32f1xx_hal_rtc.o(i.HAL_RTC_GetDate)
    HAL_RTC_GetTime                          0x080016ff   Thumb Code   216  stm32f1xx_hal_rtc.o(i.HAL_RTC_GetTime)
    HAL_RTC_Init                             0x080017d9   Thumb Code   144  stm32f1xx_hal_rtc.o(i.HAL_RTC_Init)
    HAL_RTC_MspInit                          0x0800186d   Thumb Code    40  rtc.o(i.HAL_RTC_MspInit)
    HAL_RTC_SetDate                          0x080018a1   Thumb Code   192  stm32f1xx_hal_rtc.o(i.HAL_RTC_SetDate)
    HAL_RTC_SetTime                          0x08001965   Thumb Code   168  stm32f1xx_hal_rtc.o(i.HAL_RTC_SetTime)
    HAL_RTC_WaitForSynchro                   0x08001a11   Thumb Code    58  stm32f1xx_hal_rtc.o(i.HAL_RTC_WaitForSynchro)
    HAL_TIMEx_BreakCallback                  0x08001a4b   Thumb Code     2  stm32f1xx_hal_tim_ex.o(i.HAL_TIMEx_BreakCallback)
    HAL_TIMEx_CommutCallback                 0x08001a4d   Thumb Code     2  stm32f1xx_hal_tim_ex.o(i.HAL_TIMEx_CommutCallback)
    HAL_TIMEx_MasterConfigSynchronization    0x08001a51   Thumb Code    92  stm32f1xx_hal_tim_ex.o(i.HAL_TIMEx_MasterConfigSynchronization)
    HAL_TIM_Base_Init                        0x08001ab9   Thumb Code    90  stm32f1xx_hal_tim.o(i.HAL_TIM_Base_Init)
    HAL_TIM_Base_MspInit                     0x08001b15   Thumb Code    72  tim.o(i.HAL_TIM_Base_MspInit)
    HAL_TIM_Base_Start_IT                    0x08001b65   Thumb Code    76  stm32f1xx_hal_tim.o(i.HAL_TIM_Base_Start_IT)
    HAL_TIM_ConfigClockSource                0x08001bbd   Thumb Code   220  stm32f1xx_hal_tim.o(i.HAL_TIM_ConfigClockSource)
    HAL_TIM_IC_CaptureCallback               0x08001c99   Thumb Code     2  stm32f1xx_hal_tim.o(i.HAL_TIM_IC_CaptureCallback)
    HAL_TIM_IRQHandler                       0x08001c9b   Thumb Code   358  stm32f1xx_hal_tim.o(i.HAL_TIM_IRQHandler)
    HAL_TIM_OC_DelayElapsedCallback          0x08001e01   Thumb Code     2  stm32f1xx_hal_tim.o(i.HAL_TIM_OC_DelayElapsedCallback)
    HAL_TIM_PWM_PulseFinishedCallback        0x08001e03   Thumb Code     2  stm32f1xx_hal_tim.o(i.HAL_TIM_PWM_PulseFinishedCallback)
    HAL_TIM_PeriodElapsedCallback            0x08001e05   Thumb Code   106  main.o(i.HAL_TIM_PeriodElapsedCallback)
    HAL_TIM_TriggerCallback                  0x08001e79   Thumb Code     2  stm32f1xx_hal_tim.o(i.HAL_TIM_TriggerCallback)
    HAL_UARTEx_RxEventCallback               0x08001e7b   Thumb Code     2  stm32f1xx_hal_uart.o(i.HAL_UARTEx_RxEventCallback)
    HAL_UART_ErrorCallback                   0x08001e7d   Thumb Code     2  stm32f1xx_hal_uart.o(i.HAL_UART_ErrorCallback)
    HAL_UART_IRQHandler                      0x08001e81   Thumb Code   616  stm32f1xx_hal_uart.o(i.HAL_UART_IRQHandler)
    HAL_UART_Init                            0x080020ed   Thumb Code   100  stm32f1xx_hal_uart.o(i.HAL_UART_Init)
    HAL_UART_MspInit                         0x08002151   Thumb Code   198  usart.o(i.HAL_UART_MspInit)
    HAL_UART_RxCpltCallback                  0x08002229   Thumb Code     2  stm32f1xx_hal_uart.o(i.HAL_UART_RxCpltCallback)
    HAL_UART_Transmit                        0x0800222b   Thumb Code   154  stm32f1xx_hal_uart.o(i.HAL_UART_Transmit)
    HAL_UART_TxCpltCallback                  0x080022c5   Thumb Code     2  stm32f1xx_hal_uart.o(i.HAL_UART_TxCpltCallback)
    HOST_ModbusRX                            0x080022c9   Thumb Code    76  modbus.o(i.HOST_ModbusRX)
    HardFault_Handler                        0x08002319   Thumb Code     2  stm32f1xx_it.o(i.HardFault_Handler)
    Host_Func3                               0x0800231d   Thumb Code    52  modbus.o(i.Host_Func3)
    Host_Func6                               0x0800239d   Thumb Code    70  modbus.o(i.Host_Func6)
    Host_Read03_slave                        0x08002415   Thumb Code    84  modbus.o(i.Host_Read03_slave)
    Host_write06_slave                       0x0800246d   Thumb Code    78  modbus.o(i.Host_write06_slave)
    IIC_Start                                0x080024c1   Thumb Code    52  oled.o(i.IIC_Start)
    IIC_Stop                                 0x080024f9   Thumb Code    40  oled.o(i.IIC_Stop)
    IIC_WaitAck                              0x08002525   Thumb Code    30  oled.o(i.IIC_WaitAck)
    IIC_WriteByte                            0x08002549   Thumb Code    86  oled.o(i.IIC_WriteByte)
    IIC_WriteCommand                         0x080025a5   Thumb Code    46  oled.o(i.IIC_WriteCommand)
    IIC_WriteData                            0x080025d3   Thumb Code    46  oled.o(i.IIC_WriteData)
    Info                                     0x08002601   Thumb Code   146  menu.o(i.Info)
    Information                              0x080026a1   Thumb Code    74  menu.o(i.Information)
    Information1                             0x08002721   Thumb Code    74  menu.o(i.Information1)
    LED                                      0x08002799   Thumb Code    34  menu.o(i.LED)
    MX_FREERTOS_Init                         0x080027e1   Thumb Code   140  freertos.o(i.MX_FREERTOS_Init)
    MX_GPIO_Init                             0x08002875   Thumb Code   212  gpio.o(i.MX_GPIO_Init)
    MX_RTC_Init                              0x08002959   Thumb Code   106  rtc.o(i.MX_RTC_Init)
    MX_TIM2_Init                             0x080029cd   Thumb Code   102  tim.o(i.MX_TIM2_Init)
    MX_TIM3_Init                             0x08002a39   Thumb Code   100  tim.o(i.MX_TIM3_Init)
    MX_USART1_UART_Init                      0x08002aa5   Thumb Code    54  usart.o(i.MX_USART1_UART_Init)
    MX_USART2_UART_Init                      0x08002ae5   Thumb Code    48  usart.o(i.MX_USART2_UART_Init)
    MemManage_Handler                        0x08002b1d   Thumb Code     2  stm32f1xx_it.o(i.MemManage_Handler)
    Menu_key_set                             0x08002b21   Thumb Code   148  menu.o(i.Menu_key_set)
    Modbus_CRC16                             0x08002bb9   Thumb Code    40  modbus_crc.o(i.Modbus_CRC16)
    Modbus_Init                              0x08002be5   Thumb Code    18  modbus.o(i.Modbus_Init)
    Modbus_Send_Byte                         0x08002bfd   Thumb Code    16  usart.o(i.Modbus_Send_Byte)
    NMI_Handler                              0x08002c11   Thumb Code     2  stm32f1xx_it.o(i.NMI_Handler)
    OLED_Clear                               0x08002c13   Thumb Code    58  oled.o(i.OLED_Clear)
    OLED_DrawBMP                             0x08002c4d   Thumb Code    64  dinogame.o(i.OLED_DrawBMP)
    OLED_DrawCactusRandom                    0x08002c8d   Thumb Code   242  dinogame.o(i.OLED_DrawCactusRandom)
    OLED_DrawCloud                           0x08002d89   Thumb Code   162  dinogame.o(i.OLED_DrawCloud)
    OLED_DrawDino                            0x08002e35   Thumb Code   100  dinogame.o(i.OLED_DrawDino)
    OLED_DrawDinoJump                        0x08002ea1   Thumb Code   286  dinogame.o(i.OLED_DrawDinoJump)
    OLED_DrawGround                          0x08002fd5   Thumb Code    96  dinogame.o(i.OLED_DrawGround)
    OLED_DrawRestart                         0x0800303d   Thumb Code   104  dinogame.o(i.OLED_DrawRestart)
    OLED_FillPicture                         0x080030b9   Thumb Code    60  oled.o(i.OLED_FillPicture)
    OLED_Init                                0x080030f5   Thumb Code   240  oled.o(i.OLED_Init)
    OLED_SetPos                              0x080031e5   Thumb Code    42  oled.o(i.OLED_SetPos)
    OLED_ShowChar                            0x08003211   Thumb Code   128  oled.o(i.OLED_ShowChar)
    OLED_ShowNum                             0x08003299   Thumb Code   106  oled.o(i.OLED_ShowNum)
    OLED_ShowString                          0x08003303   Thumb Code    54  oled.o(i.OLED_ShowString)
    OLED_WR_Byte                             0x08003339   Thumb Code    12  oled.o(i.OLED_WR_Byte)
    Palygame                                 0x08003345   Thumb Code   146  menu.o(i.Palygame)
    RTC_display                              0x080035fd   Thumb Code    96  menu.o(i.RTC_display)
    Set                                      0x08003669   Thumb Code    34  menu.o(i.Set)
    Setting                                  0x080036b1   Thumb Code   152  menu.o(i.Setting)
    Start_ConvertFloat_Task                  0x08003759   Thumb Code    18  freertos.o(i.Start_ConvertFloat_Task)
    Start_LED_Task                           0x0800376d   Thumb Code    48  freertos.o(i.Start_LED_Task)
    Start_keyboard_scan                      0x080037a5   Thumb Code    68  freertos.o(i.Start_keyboard_scan)
    Start_menu_Task                          0x080037e9   Thumb Code    12  freertos.o(i.Start_menu_Task)
    Start_modbus_Task                        0x080037f5   Thumb Code    48  freertos.o(i.Start_modbus_Task)
    Start_pump_Task                          0x08003829   Thumb Code     8  freertos.o(i.Start_pump_Task)
    SysTick_Handler                          0x08003831   Thumb Code    38  port.o(i.SysTick_Handler)
    SystemClock_Config                       0x0800385d   Thumb Code   128  main.o(i.SystemClock_Config)
    SystemInit                               0x080038dd   Thumb Code     2  system_stm32f1xx.o(i.SystemInit)
    TIM2_IRQHandler                          0x080038e1   Thumb Code     6  stm32f1xx_it.o(i.TIM2_IRQHandler)
    TIM4_IRQHandler                          0x080038ed   Thumb Code     6  stm32f1xx_it.o(i.TIM4_IRQHandler)
    TIM_Base_SetConfig                       0x080038f9   Thumb Code    94  stm32f1xx_hal_tim.o(i.TIM_Base_SetConfig)
    TIM_ETR_SetConfig                        0x08003965   Thumb Code    20  stm32f1xx_hal_tim.o(i.TIM_ETR_SetConfig)
    Temperature                              0x080039d1   Thumb Code   148  menu.o(i.Temperature)
    TestTemperature                          0x08003a6d   Thumb Code    42  menu.o(i.TestTemperature)
    Tims_delay_us                            0x08003a9d   Thumb Code    54  dht11.o(i.Tims_delay_us)
    USART1_IRQHandler                        0x08003d29   Thumb Code    74  stm32f1xx_it.o(i.USART1_IRQHandler)
    USART2_IRQHandler                        0x08003d81   Thumb Code     6  stm32f1xx_it.o(i.USART2_IRQHandler)
    UsageFault_Handler                       0x08003d8d   Thumb Code     2  stm32f1xx_it.o(i.UsageFault_Handler)
    __0printf                                0x08003d91   Thumb Code    22  printfa.o(i.__0printf)
    __1printf                                0x08003d91   Thumb Code     0  printfa.o(i.__0printf)
    __2printf                                0x08003d91   Thumb Code     0  printfa.o(i.__0printf)
    __c89printf                              0x08003d91   Thumb Code     0  printfa.o(i.__0printf)
    printf                                   0x08003d91   Thumb Code     0  printfa.o(i.__0printf)
    __scatterload_copy                       0x08003dd1   Thumb Code    14  handlers.o(i.__scatterload_copy)
    __scatterload_null                       0x08003ddf   Thumb Code     2  handlers.o(i.__scatterload_null)
    __scatterload_zeroinit                   0x08003de1   Thumb Code    14  handlers.o(i.__scatterload_zeroinit)
    delay_ms                                 0x0800467b   Thumb Code    26  delay.o(i.delay_ms)
    delay_us                                 0x08004695   Thumb Code    48  delay.o(i.delay_us)
    fputc                                    0x080046c9   Thumb Code    20  usart.o(i.fputc)
    home                                     0x080046e1   Thumb Code   146  menu.o(i.home)
    keyboard_scan                            0x08004781   Thumb Code   392  matrix_key.o(i.keyboard_scan)
    main                                     0x0800490d   Thumb Code    54  main.o(i.main)
    oled_drawbmp_block_clear                 0x0800494f   Thumb Code    72  dinogame.o(i.oled_drawbmp_block_clear)
    oled_pow                                 0x08004997   Thumb Code    16  oled.o(i.oled_pow)
    osDelay                                  0x080049a7   Thumb Code    14  cmsis_os.o(i.osDelay)
    osKernelStart                            0x080049b5   Thumb Code    10  cmsis_os.o(i.osKernelStart)
    osThreadCreate                           0x080049bf   Thumb Code    84  cmsis_os.o(i.osThreadCreate)
    pvPortMalloc                             0x08004d59   Thumb Code   210  heap_4.o(i.pvPortMalloc)
    pxPortInitialiseStack                    0x08004e31   Thumb Code    32  port.o(i.pxPortInitialiseStack)
    uxListRemove                             0x08004e55   Thumb Code    38  list.o(i.uxListRemove)
    vApplicationGetIdleTaskMemory            0x08004e7d   Thumb Code    16  freertos.o(i.vApplicationGetIdleTaskMemory)
    vListInitialise                          0x08004e91   Thumb Code    22  list.o(i.vListInitialise)
    vListInitialiseItem                      0x08004ea7   Thumb Code     6  list.o(i.vListInitialiseItem)
    vListInsert                              0x08004ead   Thumb Code    48  list.o(i.vListInsert)
    vListInsertEnd                           0x08004edd   Thumb Code    24  list.o(i.vListInsertEnd)
    vPortEnterCritical                       0x08004ef5   Thumb Code    54  port.o(i.vPortEnterCritical)
    vPortExitCritical                        0x08004f35   Thumb Code    34  port.o(i.vPortExitCritical)
    vPortFree                                0x08004f5d   Thumb Code    88  heap_4.o(i.vPortFree)
    vPortSetupTimerInterrupt                 0x08004fb9   Thumb Code    32  port.o(i.vPortSetupTimerInterrupt)
    vTaskDelay                               0x08004fdd   Thumb Code    66  tasks.o(i.vTaskDelay)
    vTaskStartScheduler                      0x08005029   Thumb Code    90  tasks.o(i.vTaskStartScheduler)
    vTaskSuspendAll                          0x08005095   Thumb Code    10  tasks.o(i.vTaskSuspendAll)
    vTaskSwitchContext                       0x080050a5   Thumb Code    82  tasks.o(i.vTaskSwitchContext)
    xPortStartScheduler                      0x08005101   Thumb Code   154  port.o(i.xPortStartScheduler)
    xTaskCreate                              0x080051a9   Thumb Code    90  tasks.o(i.xTaskCreate)
    xTaskCreateStatic                        0x08005203   Thumb Code    86  tasks.o(i.xTaskCreateStatic)
    xTaskIncrementTick                       0x08005259   Thumb Code   192  tasks.o(i.xTaskIncrementTick)
    xTaskResumeAll                           0x08005321   Thumb Code   182  tasks.o(i.xTaskResumeAll)
    AHBPrescTable                            0x080054b0   Data          16  system_stm32f1xx.o(.constdata)
    APBPrescTable                            0x080054c0   Data           8  system_stm32f1xx.o(.constdata)
    F6x8                                     0x080054c8   Data         552  oled.o(.constdata)
    F8X16                                    0x080056f0   Data        1520  oled.o(.constdata)
    GROUND                                   0x08005ce0   Data         597  dinogame.o(.constdata)
    CLOUD                                    0x08005f35   Data          24  dinogame.o(.constdata)
    DINO                                     0x08005f4d   Data          64  dinogame.o(.constdata)
    DINO_JUMP                                0x08005f8d   Data         384  dinogame.o(.constdata)
    CACTUS_1                                 0x0800610d   Data          16  dinogame.o(.constdata)
    CACTUS_2                                 0x0800611d   Data          32  dinogame.o(.constdata)
    CACTUS_3                                 0x0800613d   Data          48  dinogame.o(.constdata)
    CACTUS_4                                 0x0800616d   Data          48  dinogame.o(.constdata)
    RESTART                                  0x0800619d   Data          72  dinogame.o(.constdata)
    COVER                                    0x080061e5   Data        1024  dinogame.o(.constdata)
    auchCRCHi                                0x080065e5   Data         256  modbus_crc.o(.constdata)
    auchCRCLo                                0x080066e5   Data         256  modbus_crc.o(.constdata)
    Region$$Table$$Base                      0x08006838   Number         0  anon$$obj.o(Region$$Table)
    Region$$Table$$Limit                     0x08006858   Number         0  anon$$obj.o(Region$$Table)
    LED_TaskHandle                           0x20000000   Data           4  freertos.o(.data)
    menu_TaskHandle                          0x20000004   Data           4  freertos.o(.data)
    modbus_TaskHandle                        0x20000008   Data           4  freertos.o(.data)
    keyboard_scanHandle                      0x2000000c   Data           4  freertos.o(.data)
    pump_TaskHandle                          0x20000010   Data           4  freertos.o(.data)
    ConvertFloat_TaHandle                    0x20000014   Data           4  freertos.o(.data)
    uwTickFreq                               0x20000018   Data           1  stm32f1xx_hal.o(.data)
    uwTickPrio                               0x2000001c   Data           4  stm32f1xx_hal.o(.data)
    uwTick                                   0x20000020   Data           4  stm32f1xx_hal.o(.data)
    SystemCoreClock                          0x20000024   Data           4  system_stm32f1xx.o(.data)
    pxCurrentTCB                             0x20000028   Data           4  tasks.o(.data)
    key_num                                  0x20000088   Data           1  control.o(.data)
    cactus_category                          0x20000089   Data           1  control.o(.data)
    cactus_length                            0x2000008a   Data           1  control.o(.data)
    cur_speed                                0x2000008b   Data           1  control.o(.data)
    failed                                   0x2000008c   Data           1  control.o(.data)
    reset                                    0x2000008d   Data           1  control.o(.data)
    score                                    0x20000090   Data           4  control.o(.data)
    highest_score                            0x20000094   Data           4  control.o(.data)
    height                                   0x20000098   Data           4  control.o(.data)
    cactus_pos                               0x2000009c   Data           4  control.o(.data)
    key_status                               0x200000a0   Data           1  menu.o(.data)
    func_index                               0x200000a1   Data           1  menu.o(.data)
    GetTime                                  0x200000a3   Data           3  menu.o(.data)
    GetData                                  0x200000a6   Data           4  menu.o(.data)
    current_operation_index                  0x200000ac   Data           4  menu.o(.data)
    gImage_home                              0x200000b0   Data         294  menu.o(.data)
    gImage_left                              0x200001d6   Data          38  menu.o(.data)
    gImage_right                             0x200001fc   Data          38  menu.o(.data)
    gImage_temp                              0x20000222   Data         288  menu.o(.data)
    gImage_playgame                          0x20000342   Data         288  menu.o(.data)
    gImage_setting                           0x20000462   Data         288  menu.o(.data)
    gImage_info                              0x20000582   Data         288  menu.o(.data)
    signal_BMP                               0x200006a2   Data          60  menu.o(.data)
    gImage_yes                               0x200006de   Data          38  menu.o(.data)
    gImage_back                              0x20000704   Data          38  menu.o(.data)
    gImage_engery                            0x2000072a   Data          38  menu.o(.data)
    gImage_bulethouch                        0x20000750   Data         100  menu.o(.data)
    table                                    0x200007b4   Data         360  menu.o(.data)
    RES                                      0x20000934   Data           1  modbus.o(.data)
    __stdout                                 0x20000940   Data           4  stdout.o(.data)
    hrtc                                     0x20000b98   Data          20  rtc.o(.bss)
    htim2                                    0x20000bac   Data          72  tim.o(.bss)
    htim3                                    0x20000bf4   Data          72  tim.o(.bss)
    huart1                                   0x20000c3c   Data          72  usart.o(.bss)
    huart2                                   0x20000c84   Data          72  usart.o(.bss)
    htim4                                    0x20000ccc   Data          72  stm32f1xx_hal_timebase_tim.o(.bss)
    modbus                                   0x20001e04   Data         244  modbus.o(.bss)
    __initial_sp                             0x200022f8   Data           0  startup_stm32f103xb.o(STACK)



==============================================================================

Memory Map of the image

  Image Entry point : 0x080000ed

  Load Region LR_IROM1 (Base: 0x08000000, Size: 0x0000719c, Max: 0x00010000, ABSOLUTE, COMPRESSED[0x00006be4])

    Execution Region ER_IROM1 (Exec base: 0x08000000, Load base: 0x08000000, Size: 0x00006858, Max: 0x00010000, ABSOLUTE)

    Exec Addr    Load Addr    Size         Type   Attr      Idx    E Section Name        Object

    0x08000000   0x08000000   0x000000ec   Data   RO            3    RESET               startup_stm32f103xb.o
    0x080000ec   0x080000ec   0x00000000   Code   RO         5293  * .ARM.Collect$$$$00000000  mc_w.l(entry.o)
    0x080000ec   0x080000ec   0x00000004   Code   RO         5572    .ARM.Collect$$$$00000001  mc_w.l(entry2.o)
    0x080000f0   0x080000f0   0x00000004   Code   RO         5575    .ARM.Collect$$$$00000004  mc_w.l(entry5.o)
    0x080000f4   0x080000f4   0x00000000   Code   RO         5577    .ARM.Collect$$$$00000008  mc_w.l(entry7b.o)
    0x080000f4   0x080000f4   0x00000000   Code   RO         5579    .ARM.Collect$$$$0000000A  mc_w.l(entry8b.o)
    0x080000f4   0x080000f4   0x00000008   Code   RO         5580    .ARM.Collect$$$$0000000B  mc_w.l(entry9a.o)
    0x080000fc   0x080000fc   0x00000004   Code   RO         5587    .ARM.Collect$$$$0000000E  mc_w.l(entry12b.o)
    0x08000100   0x08000100   0x00000000   Code   RO         5582    .ARM.Collect$$$$0000000F  mc_w.l(entry10a.o)
    0x08000100   0x08000100   0x00000000   Code   RO         5584    .ARM.Collect$$$$00000011  mc_w.l(entry11a.o)
    0x08000100   0x08000100   0x00000004   Code   RO         5573    .ARM.Collect$$$$00002712  mc_w.l(entry2.o)
    0x08000104   0x08000104   0x00000096   Code   RO         4486    .emb_text           port.o
    0x0800019a   0x0800019a   0x00000002   PAD
    0x0800019c   0x0800019c   0x00000024   Code   RO            4    .text               startup_stm32f103xb.o
    0x080001c0   0x080001c0   0x00000020   Code   RO         5296    .text               mc_w.l(llushr.o)
    0x080001e0   0x080001e0   0x00000024   Code   RO         5298    .text               mc_w.l(rand.o)
    0x08000204   0x08000204   0x00000024   Code   RO         5301    .text               mc_w.l(memcpya.o)
    0x08000228   0x08000228   0x00000024   Code   RO         5305    .text               mc_w.l(memseta.o)
    0x0800024c   0x0800024c   0x00000026   Code   RO         5570    .text               mf_w.l(f2d.o)
    0x08000272   0x08000272   0x0000002c   Code   RO         5589    .text               mc_w.l(uidiv.o)
    0x0800029e   0x0800029e   0x00000062   Code   RO         5591    .text               mc_w.l(uldiv.o)
    0x08000300   0x08000300   0x00000000   Code   RO         5593    .text               mc_w.l(iusefp.o)
    0x08000300   0x08000300   0x0000014e   Code   RO         5594    .text               mf_w.l(dadd.o)
    0x0800044e   0x0800044e   0x000000e4   Code   RO         5596    .text               mf_w.l(dmul.o)
    0x08000532   0x08000532   0x000000de   Code   RO         5598    .text               mf_w.l(ddiv.o)
    0x08000610   0x08000610   0x00000030   Code   RO         5600    .text               mf_w.l(dfixul.o)
    0x08000640   0x08000640   0x00000030   Code   RO         5602    .text               mf_w.l(cdrcmple.o)
    0x08000670   0x08000670   0x00000024   Code   RO         5604    .text               mc_w.l(init.o)
    0x08000694   0x08000694   0x0000001e   Code   RO         5606    .text               mc_w.l(llshl.o)
    0x080006b2   0x080006b2   0x00000024   Code   RO         5608    .text               mc_w.l(llsshr.o)
    0x080006d6   0x080006d6   0x000000ba   Code   RO         5610    .text               mf_w.l(depilogue.o)
    0x08000790   0x08000790   0x00000056   Code   RO         5620    .text               mc_w.l(__dczerorl2.o)
    0x080007e6   0x080007e6   0x00000002   Code   RO          491    i.BusFault_Handler  stm32f1xx_it.o
    0x080007e8   0x080007e8   0x00000004   Code   RO         4608    i.ConrtolGame       menu.o
    0x080007ec   0x080007ec   0x00000010   Code   RO         4956    i.DHT11             dht11.o
    0x080007fc   0x080007fc   0x00000020   Code   RO         4957    i.DHT11_Check       dht11.o
    0x0800081c   0x0800081c   0x0000002c   Code   RO         4958    i.DHT11_GPIO_MODE_SET  dht11.o
    0x08000848   0x08000848   0x00000038   Code   RO         4959    i.DHT11_READ_BIT    dht11.o
    0x08000880   0x08000880   0x00000020   Code   RO         4960    i.DHT11_READ_BYTE   dht11.o
    0x080008a0   0x080008a0   0x000000e0   Code   RO         4961    i.DHT11_READ_DATA   dht11.o
    0x08000980   0x08000980   0x00000028   Code   RO         4962    i.DHT11_START       dht11.o
    0x080009a8   0x080009a8   0x00000078   Code   RO         5182    i.DataConvertFloat  float_to_u32.o
    0x08000a20   0x08000a20   0x00000002   Code   RO          492    i.DebugMon_Handler  stm32f1xx_it.o
    0x08000a22   0x08000a22   0x00000004   Code   RO           13    i.Error_Handler     main.o
    0x08000a26   0x08000a26   0x00000002   PAD
    0x08000a28   0x08000a28   0x0000013c   Code   RO         4566    i.Game_control      control.o
    0x08000b64   0x08000b64   0x00000046   Code   RO         1057    i.HAL_DMA_Abort     stm32f1xx_hal_dma.o
    0x08000baa   0x08000baa   0x00000002   PAD
    0x08000bac   0x08000bac   0x00000098   Code   RO         1058    i.HAL_DMA_Abort_IT  stm32f1xx_hal_dma.o
    0x08000c44   0x08000c44   0x00000024   Code   RO          683    i.HAL_Delay         stm32f1xx_hal.o
    0x08000c68   0x08000c68   0x000001e0   Code   RO          993    i.HAL_GPIO_Init     stm32f1xx_hal_gpio.o
    0x08000e48   0x08000e48   0x0000000a   Code   RO          995    i.HAL_GPIO_ReadPin  stm32f1xx_hal_gpio.o
    0x08000e52   0x08000e52   0x0000000a   Code   RO          997    i.HAL_GPIO_WritePin  stm32f1xx_hal_gpio.o
    0x08000e5c   0x08000e5c   0x0000000c   Code   RO          687    i.HAL_GetTick       stm32f1xx_hal.o
    0x08000e68   0x08000e68   0x00000010   Code   RO          693    i.HAL_IncTick       stm32f1xx_hal.o
    0x08000e78   0x08000e78   0x00000024   Code   RO          694    i.HAL_Init          stm32f1xx_hal.o
    0x08000e9c   0x08000e9c   0x00000098   Code   RO          601    i.HAL_InitTick      stm32f1xx_hal_timebase_tim.o
    0x08000f34   0x08000f34   0x00000048   Code   RO          577    i.HAL_MspInit       stm32f1xx_hal_msp.o
    0x08000f7c   0x08000f7c   0x0000001a   Code   RO         1153    i.HAL_NVIC_EnableIRQ  stm32f1xx_hal_cortex.o
    0x08000f96   0x08000f96   0x00000002   PAD
    0x08000f98   0x08000f98   0x00000040   Code   RO         1159    i.HAL_NVIC_SetPriority  stm32f1xx_hal_cortex.o
    0x08000fd8   0x08000fd8   0x00000024   Code   RO         1160    i.HAL_NVIC_SetPriorityGrouping  stm32f1xx_hal_cortex.o
    0x08000ffc   0x08000ffc   0x0000000c   Code   RO         1275    i.HAL_PWR_EnableBkUpAccess  stm32f1xx_hal_pwr.o
    0x08001008   0x08001008   0x000000a4   Code   RO          954    i.HAL_RCCEx_GetPeriphCLKFreq  stm32f1xx_hal_rcc_ex.o
    0x080010ac   0x080010ac   0x000000ec   Code   RO          955    i.HAL_RCCEx_PeriphCLKConfig  stm32f1xx_hal_rcc_ex.o
    0x08001198   0x08001198   0x0000012c   Code   RO          851    i.HAL_RCC_ClockConfig  stm32f1xx_hal_rcc.o
    0x080012c4   0x080012c4   0x00000040   Code   RO          855    i.HAL_RCC_GetClockConfig  stm32f1xx_hal_rcc.o
    0x08001304   0x08001304   0x00000020   Code   RO          858    i.HAL_RCC_GetPCLK1Freq  stm32f1xx_hal_rcc.o
    0x08001324   0x08001324   0x00000020   Code   RO          859    i.HAL_RCC_GetPCLK2Freq  stm32f1xx_hal_rcc.o
    0x08001344   0x08001344   0x0000004c   Code   RO          860    i.HAL_RCC_GetSysClockFreq  stm32f1xx_hal_rcc.o
    0x08001390   0x08001390   0x00000320   Code   RO          863    i.HAL_RCC_OscConfig  stm32f1xx_hal_rcc.o
    0x080016b0   0x080016b0   0x0000004e   Code   RO         1658    i.HAL_RTC_GetDate   stm32f1xx_hal_rtc.o
    0x080016fe   0x080016fe   0x000000d8   Code   RO         1660    i.HAL_RTC_GetTime   stm32f1xx_hal_rtc.o
    0x080017d6   0x080017d6   0x00000002   PAD
    0x080017d8   0x080017d8   0x00000094   Code   RO         1661    i.HAL_RTC_Init      stm32f1xx_hal_rtc.o
    0x0800186c   0x0800186c   0x00000034   Code   RO          342    i.HAL_RTC_MspInit   rtc.o
    0x080018a0   0x080018a0   0x000000c4   Code   RO         1667    i.HAL_RTC_SetDate   stm32f1xx_hal_rtc.o
    0x08001964   0x08001964   0x000000ac   Code   RO         1668    i.HAL_RTC_SetTime   stm32f1xx_hal_rtc.o
    0x08001a10   0x08001a10   0x0000003a   Code   RO         1669    i.HAL_RTC_WaitForSynchro  stm32f1xx_hal_rtc.o
    0x08001a4a   0x08001a4a   0x00000002   Code   RO         2631    i.HAL_TIMEx_BreakCallback  stm32f1xx_hal_tim_ex.o
    0x08001a4c   0x08001a4c   0x00000002   Code   RO         2632    i.HAL_TIMEx_CommutCallback  stm32f1xx_hal_tim_ex.o
    0x08001a4e   0x08001a4e   0x00000002   PAD
    0x08001a50   0x08001a50   0x00000068   Code   RO         2650    i.HAL_TIMEx_MasterConfigSynchronization  stm32f1xx_hal_tim_ex.o
    0x08001ab8   0x08001ab8   0x0000005a   Code   RO         1927    i.HAL_TIM_Base_Init  stm32f1xx_hal_tim.o
    0x08001b12   0x08001b12   0x00000002   PAD
    0x08001b14   0x08001b14   0x00000050   Code   RO          384    i.HAL_TIM_Base_MspInit  tim.o
    0x08001b64   0x08001b64   0x00000058   Code   RO         1932    i.HAL_TIM_Base_Start_IT  stm32f1xx_hal_tim.o
    0x08001bbc   0x08001bbc   0x000000dc   Code   RO         1936    i.HAL_TIM_ConfigClockSource  stm32f1xx_hal_tim.o
    0x08001c98   0x08001c98   0x00000002   Code   RO         1961    i.HAL_TIM_IC_CaptureCallback  stm32f1xx_hal_tim.o
    0x08001c9a   0x08001c9a   0x00000166   Code   RO         1975    i.HAL_TIM_IRQHandler  stm32f1xx_hal_tim.o
    0x08001e00   0x08001e00   0x00000002   Code   RO         1978    i.HAL_TIM_OC_DelayElapsedCallback  stm32f1xx_hal_tim.o
    0x08001e02   0x08001e02   0x00000002   Code   RO         2005    i.HAL_TIM_PWM_PulseFinishedCallback  stm32f1xx_hal_tim.o
    0x08001e04   0x08001e04   0x00000074   Code   RO           14    i.HAL_TIM_PeriodElapsedCallback  main.o
    0x08001e78   0x08001e78   0x00000002   Code   RO         2018    i.HAL_TIM_TriggerCallback  stm32f1xx_hal_tim.o
    0x08001e7a   0x08001e7a   0x00000002   Code   RO         2910    i.HAL_UARTEx_RxEventCallback  stm32f1xx_hal_uart.o
    0x08001e7c   0x08001e7c   0x00000002   Code   RO         2924    i.HAL_UART_ErrorCallback  stm32f1xx_hal_uart.o
    0x08001e7e   0x08001e7e   0x00000002   PAD
    0x08001e80   0x08001e80   0x0000026c   Code   RO         2927    i.HAL_UART_IRQHandler  stm32f1xx_hal_uart.o
    0x080020ec   0x080020ec   0x00000064   Code   RO         2928    i.HAL_UART_Init     stm32f1xx_hal_uart.o
    0x08002150   0x08002150   0x000000d8   Code   RO          432    i.HAL_UART_MspInit  usart.o
    0x08002228   0x08002228   0x00000002   Code   RO         2934    i.HAL_UART_RxCpltCallback  stm32f1xx_hal_uart.o
    0x0800222a   0x0800222a   0x0000009a   Code   RO         2936    i.HAL_UART_Transmit  stm32f1xx_hal_uart.o
    0x080022c4   0x080022c4   0x00000002   Code   RO         2939    i.HAL_UART_TxCpltCallback  stm32f1xx_hal_uart.o
    0x080022c6   0x080022c6   0x00000002   PAD
    0x080022c8   0x080022c8   0x00000050   Code   RO         5054    i.HOST_ModbusRX     modbus.o
    0x08002318   0x08002318   0x00000002   Code   RO          493    i.HardFault_Handler  stm32f1xx_it.o
    0x0800231a   0x0800231a   0x00000002   PAD
    0x0800231c   0x0800231c   0x00000080   Code   RO         5056    i.Host_Func3        modbus.o
    0x0800239c   0x0800239c   0x00000078   Code   RO         5057    i.Host_Func6        modbus.o
    0x08002414   0x08002414   0x00000058   Code   RO         5058    i.Host_Read03_slave  modbus.o
    0x0800246c   0x0800246c   0x00000054   Code   RO         5059    i.Host_write06_slave  modbus.o
    0x080024c0   0x080024c0   0x00000038   Code   RO         4723    i.IIC_Start         oled.o
    0x080024f8   0x080024f8   0x0000002c   Code   RO         4724    i.IIC_Stop          oled.o
    0x08002524   0x08002524   0x00000024   Code   RO         4725    i.IIC_WaitAck       oled.o
    0x08002548   0x08002548   0x0000005c   Code   RO         4726    i.IIC_WriteByte     oled.o
    0x080025a4   0x080025a4   0x0000002e   Code   RO         4727    i.IIC_WriteCommand  oled.o
    0x080025d2   0x080025d2   0x0000002e   Code   RO         4728    i.IIC_WriteData     oled.o
    0x08002600   0x08002600   0x000000a0   Code   RO         4609    i.Info              menu.o
    0x080026a0   0x080026a0   0x00000080   Code   RO         4610    i.Information       menu.o
    0x08002720   0x08002720   0x00000078   Code   RO         4611    i.Information1      menu.o
    0x08002798   0x08002798   0x00000048   Code   RO         4613    i.LED               menu.o
    0x080027e0   0x080027e0   0x00000094   Code   RO          251    i.MX_FREERTOS_Init  freertos.o
    0x08002874   0x08002874   0x000000e4   Code   RO          227    i.MX_GPIO_Init      gpio.o
    0x08002958   0x08002958   0x00000074   Code   RO          343    i.MX_RTC_Init       rtc.o
    0x080029cc   0x080029cc   0x0000006c   Code   RO          385    i.MX_TIM2_Init      tim.o
    0x08002a38   0x08002a38   0x0000006c   Code   RO          386    i.MX_TIM3_Init      tim.o
    0x08002aa4   0x08002aa4   0x00000040   Code   RO          433    i.MX_USART1_UART_Init  usart.o
    0x08002ae4   0x08002ae4   0x00000038   Code   RO          434    i.MX_USART2_UART_Init  usart.o
    0x08002b1c   0x08002b1c   0x00000002   Code   RO          494    i.MemManage_Handler  stm32f1xx_it.o
    0x08002b1e   0x08002b1e   0x00000002   PAD
    0x08002b20   0x08002b20   0x00000098   Code   RO         4614    i.Menu_key_set      menu.o
    0x08002bb8   0x08002bb8   0x0000002c   Code   RO         5155    i.Modbus_CRC16      modbus_crc.o
    0x08002be4   0x08002be4   0x00000018   Code   RO         5065    i.Modbus_Init       modbus.o
    0x08002bfc   0x08002bfc   0x00000014   Code   RO          435    i.Modbus_Send_Byte  usart.o
    0x08002c10   0x08002c10   0x00000002   Code   RO          495    i.NMI_Handler       stm32f1xx_it.o
    0x08002c12   0x08002c12   0x0000003a   Code   RO         4729    i.OLED_Clear        oled.o
    0x08002c4c   0x08002c4c   0x00000040   Code   RO         4861    i.OLED_DrawBMP      dinogame.o
    0x08002c8c   0x08002c8c   0x000000fc   Code   RO         4864    i.OLED_DrawCactusRandom  dinogame.o
    0x08002d88   0x08002d88   0x000000ac   Code   RO         4865    i.OLED_DrawCloud    dinogame.o
    0x08002e34   0x08002e34   0x0000006c   Code   RO         4867    i.OLED_DrawDino     dinogame.o
    0x08002ea0   0x08002ea0   0x00000134   Code   RO         4868    i.OLED_DrawDinoJump  dinogame.o
    0x08002fd4   0x08002fd4   0x00000068   Code   RO         4869    i.OLED_DrawGround   dinogame.o
    0x0800303c   0x0800303c   0x0000007c   Code   RO         4870    i.OLED_DrawRestart  dinogame.o
    0x080030b8   0x080030b8   0x0000003c   Code   RO         4733    i.OLED_FillPicture  oled.o
    0x080030f4   0x080030f4   0x000000f0   Code   RO         4734    i.OLED_Init         oled.o
    0x080031e4   0x080031e4   0x0000002a   Code   RO         4736    i.OLED_SetPos       oled.o
    0x0800320e   0x0800320e   0x00000002   PAD
    0x08003210   0x08003210   0x00000088   Code   RO         4737    i.OLED_ShowChar     oled.o
    0x08003298   0x08003298   0x0000006a   Code   RO         4738    i.OLED_ShowNum      oled.o
    0x08003302   0x08003302   0x00000036   Code   RO         4739    i.OLED_ShowString   oled.o
    0x08003338   0x08003338   0x0000000c   Code   RO         4740    i.OLED_WR_Byte      oled.o
    0x08003344   0x08003344   0x000000a0   Code   RO         4615    i.Palygame          menu.o
    0x080033e4   0x080033e4   0x00000012   Code   RO         1670    i.RTC_Bcd2ToByte    stm32f1xx_hal_rtc.o
    0x080033f6   0x080033f6   0x00000016   Code   RO         1671    i.RTC_ByteToBcd2    stm32f1xx_hal_rtc.o
    0x0800340c   0x0800340c   0x000000ae   Code   RO         1672    i.RTC_DateUpdate    stm32f1xx_hal_rtc.o
    0x080034ba   0x080034ba   0x00000034   Code   RO         1673    i.RTC_EnterInitMode  stm32f1xx_hal_rtc.o
    0x080034ee   0x080034ee   0x00000002   PAD
    0x080034f0   0x080034f0   0x00000036   Code   RO         1674    i.RTC_ExitInitMode  stm32f1xx_hal_rtc.o
    0x08003526   0x08003526   0x0000000e   Code   RO         1675    i.RTC_ReadAlarmCounter  stm32f1xx_hal_rtc.o
    0x08003534   0x08003534   0x00000020   Code   RO         1676    i.RTC_ReadTimeCounter  stm32f1xx_hal_rtc.o
    0x08003554   0x08003554   0x00000056   Code   RO         1677    i.RTC_WeekDayNum    stm32f1xx_hal_rtc.o
    0x080035aa   0x080035aa   0x00000028   Code   RO         1678    i.RTC_WriteAlarmCounter  stm32f1xx_hal_rtc.o
    0x080035d2   0x080035d2   0x00000028   Code   RO         1679    i.RTC_WriteTimeCounter  stm32f1xx_hal_rtc.o
    0x080035fa   0x080035fa   0x00000002   PAD
    0x080035fc   0x080035fc   0x0000006c   Code   RO         4616    i.RTC_display       menu.o
    0x08003668   0x08003668   0x00000048   Code   RO         4617    i.Set               menu.o
    0x080036b0   0x080036b0   0x000000a8   Code   RO         4618    i.Setting           menu.o
    0x08003758   0x08003758   0x00000012   Code   RO          252    i.Start_ConvertFloat_Task  freertos.o
    0x0800376a   0x0800376a   0x00000002   PAD
    0x0800376c   0x0800376c   0x00000038   Code   RO          253    i.Start_LED_Task    freertos.o
    0x080037a4   0x080037a4   0x00000044   Code   RO          254    i.Start_keyboard_scan  freertos.o
    0x080037e8   0x080037e8   0x0000000c   Code   RO          255    i.Start_menu_Task   freertos.o
    0x080037f4   0x080037f4   0x00000034   Code   RO          256    i.Start_modbus_Task  freertos.o
    0x08003828   0x08003828   0x00000008   Code   RO          257    i.Start_pump_Task   freertos.o
    0x08003830   0x08003830   0x0000002c   Code   RO         4487    i.SysTick_Handler   port.o
    0x0800385c   0x0800385c   0x00000080   Code   RO           15    i.SystemClock_Config  main.o
    0x080038dc   0x080038dc   0x00000002   Code   RO         3262    i.SystemInit        system_stm32f1xx.o
    0x080038de   0x080038de   0x00000002   PAD
    0x080038e0   0x080038e0   0x0000000c   Code   RO          496    i.TIM2_IRQHandler   stm32f1xx_it.o
    0x080038ec   0x080038ec   0x0000000c   Code   RO          497    i.TIM4_IRQHandler   stm32f1xx_it.o
    0x080038f8   0x080038f8   0x0000006c   Code   RO         2020    i.TIM_Base_SetConfig  stm32f1xx_hal_tim.o
    0x08003964   0x08003964   0x00000014   Code   RO         2031    i.TIM_ETR_SetConfig  stm32f1xx_hal_tim.o
    0x08003978   0x08003978   0x00000010   Code   RO         2032    i.TIM_ITRx_SetConfig  stm32f1xx_hal_tim.o
    0x08003988   0x08003988   0x00000022   Code   RO         2038    i.TIM_TI1_ConfigInputStage  stm32f1xx_hal_tim.o
    0x080039aa   0x080039aa   0x00000024   Code   RO         2040    i.TIM_TI2_ConfigInputStage  stm32f1xx_hal_tim.o
    0x080039ce   0x080039ce   0x00000002   PAD
    0x080039d0   0x080039d0   0x0000009c   Code   RO         4619    i.Temperature       menu.o
    0x08003a6c   0x08003a6c   0x00000030   Code   RO         4620    i.TestTemperature   menu.o
    0x08003a9c   0x08003a9c   0x0000003c   Code   RO         4963    i.Tims_delay_us     dht11.o
    0x08003ad8   0x08003ad8   0x00000010   Code   RO         2941    i.UART_DMAAbortOnError  stm32f1xx_hal_uart.o
    0x08003ae8   0x08003ae8   0x0000004e   Code   RO         2951    i.UART_EndRxTransfer  stm32f1xx_hal_uart.o
    0x08003b36   0x08003b36   0x000000c2   Code   RO         2953    i.UART_Receive_IT   stm32f1xx_hal_uart.o
    0x08003bf8   0x08003bf8   0x000000b8   Code   RO         2954    i.UART_SetConfig    stm32f1xx_hal_uart.o
    0x08003cb0   0x08003cb0   0x00000078   Code   RO         2957    i.UART_WaitOnFlagUntilTimeout  stm32f1xx_hal_uart.o
    0x08003d28   0x08003d28   0x00000058   Code   RO          498    i.USART1_IRQHandler  stm32f1xx_it.o
    0x08003d80   0x08003d80   0x0000000c   Code   RO          499    i.USART2_IRQHandler  stm32f1xx_it.o
    0x08003d8c   0x08003d8c   0x00000002   Code   RO          500    i.UsageFault_Handler  stm32f1xx_it.o
    0x08003d8e   0x08003d8e   0x00000002   PAD
    0x08003d90   0x08003d90   0x00000020   Code   RO         5542    i.__0printf         mc_w.l(printfa.o)
    0x08003db0   0x08003db0   0x00000020   Code   RO         1166    i.__NVIC_SetPriority  stm32f1xx_hal_cortex.o
    0x08003dd0   0x08003dd0   0x0000000e   Code   RO         5614    i.__scatterload_copy  mc_w.l(handlers.o)
    0x08003dde   0x08003dde   0x00000002   Code   RO         5615    i.__scatterload_null  mc_w.l(handlers.o)
    0x08003de0   0x08003de0   0x0000000e   Code   RO         5616    i.__scatterload_zeroinit  mc_w.l(handlers.o)
    0x08003dee   0x08003dee   0x00000002   PAD
    0x08003df0   0x08003df0   0x00000184   Code   RO         5549    i._fp_digits        mc_w.l(printfa.o)
    0x08003f74   0x08003f74   0x000006b4   Code   RO         5550    i._printf_core      mc_w.l(printfa.o)
    0x08004628   0x08004628   0x00000024   Code   RO         5551    i._printf_post_padding  mc_w.l(printfa.o)
    0x0800464c   0x0800464c   0x0000002e   Code   RO         5552    i._printf_pre_padding  mc_w.l(printfa.o)
    0x0800467a   0x0800467a   0x0000001a   Code   RO         5212    i.delay_ms          delay.o
    0x08004694   0x08004694   0x00000034   Code   RO         5213    i.delay_us          delay.o
    0x080046c8   0x080046c8   0x00000018   Code   RO          436    i.fputc             usart.o
    0x080046e0   0x080046e0   0x000000a0   Code   RO         4621    i.home              menu.o
    0x08004780   0x08004780   0x0000018c   Code   RO         5027    i.keyboard_scan     matrix_key.o
    0x0800490c   0x0800490c   0x00000036   Code   RO           16    i.main              main.o
    0x08004942   0x08004942   0x0000000c   Code   RO         4058    i.makeFreeRtosPriority  cmsis_os.o
    0x0800494e   0x0800494e   0x00000048   Code   RO         4871    i.oled_drawbmp_block_clear  dinogame.o
    0x08004996   0x08004996   0x00000010   Code   RO         4741    i.oled_pow          oled.o
    0x080049a6   0x080049a6   0x0000000e   Code   RO         4060    i.osDelay           cmsis_os.o
    0x080049b4   0x080049b4   0x0000000a   Code   RO         4063    i.osKernelStart     cmsis_os.o
    0x080049be   0x080049be   0x00000054   Code   RO         4097    i.osThreadCreate    cmsis_os.o
    0x08004a12   0x08004a12   0x00000002   PAD
    0x08004a14   0x08004a14   0x00000070   Code   RO         3755    i.prvAddCurrentTaskToDelayedList  tasks.o
    0x08004a84   0x08004a84   0x000000d0   Code   RO         3756    i.prvAddNewTaskToReadyList  tasks.o
    0x08004b54   0x08004b54   0x00000034   Code   RO         3757    i.prvDeleteTCB      tasks.o
    0x08004b88   0x08004b88   0x0000004c   Code   RO         4425    i.prvHeapInit       heap_4.o
    0x08004bd4   0x08004bd4   0x00000060   Code   RO         3758    i.prvIdleTask       tasks.o
    0x08004c34   0x08004c34   0x0000008e   Code   RO         3759    i.prvInitialiseNewTask  tasks.o
    0x08004cc2   0x08004cc2   0x00000002   PAD
    0x08004cc4   0x08004cc4   0x0000004c   Code   RO         4426    i.prvInsertBlockIntoFreeList  heap_4.o
    0x08004d10   0x08004d10   0x00000020   Code   RO         3760    i.prvResetNextTaskUnblockTime  tasks.o
    0x08004d30   0x08004d30   0x00000028   Code   RO         4488    i.prvTaskExitError  port.o
    0x08004d58   0x08004d58   0x000000d8   Code   RO         4427    i.pvPortMalloc      heap_4.o
    0x08004e30   0x08004e30   0x00000024   Code   RO         4489    i.pxPortInitialiseStack  port.o
    0x08004e54   0x08004e54   0x00000026   Code   RO         3400    i.uxListRemove      list.o
    0x08004e7a   0x08004e7a   0x00000002   PAD
    0x08004e7c   0x08004e7c   0x00000014   Code   RO          258    i.vApplicationGetIdleTaskMemory  freertos.o
    0x08004e90   0x08004e90   0x00000016   Code   RO         3401    i.vListInitialise   list.o
    0x08004ea6   0x08004ea6   0x00000006   Code   RO         3402    i.vListInitialiseItem  list.o
    0x08004eac   0x08004eac   0x00000030   Code   RO         3403    i.vListInsert       list.o
    0x08004edc   0x08004edc   0x00000018   Code   RO         3404    i.vListInsertEnd    list.o
    0x08004ef4   0x08004ef4   0x00000040   Code   RO         4491    i.vPortEnterCritical  port.o
    0x08004f34   0x08004f34   0x00000028   Code   RO         4492    i.vPortExitCritical  port.o
    0x08004f5c   0x08004f5c   0x0000005c   Code   RO         4428    i.vPortFree         heap_4.o
    0x08004fb8   0x08004fb8   0x00000024   Code   RO         4493    i.vPortSetupTimerInterrupt  port.o
    0x08004fdc   0x08004fdc   0x0000004c   Code   RO         3768    i.vTaskDelay        tasks.o
    0x08005028   0x08005028   0x0000006c   Code   RO         3781    i.vTaskStartScheduler  tasks.o
    0x08005094   0x08005094   0x00000010   Code   RO         3783    i.vTaskSuspendAll   tasks.o
    0x080050a4   0x080050a4   0x0000005c   Code   RO         3784    i.vTaskSwitchContext  tasks.o
    0x08005100   0x08005100   0x000000a8   Code   RO         4495    i.xPortStartScheduler  port.o
    0x080051a8   0x080051a8   0x0000005a   Code   RO         3786    i.xTaskCreate       tasks.o
    0x08005202   0x08005202   0x00000056   Code   RO         3787    i.xTaskCreateStatic  tasks.o
    0x08005258   0x08005258   0x000000c8   Code   RO         3794    i.xTaskIncrementTick  tasks.o
    0x08005320   0x08005320   0x000000c4   Code   RO         3800    i.xTaskResumeAll    tasks.o
    0x080053e4   0x080053e4   0x000000a8   Data   RO          260    .constdata          freertos.o
    0x0800548c   0x0800548c   0x00000012   Data   RO          864    .constdata          stm32f1xx_hal_rcc.o
    0x0800549e   0x0800549e   0x00000012   Data   RO          956    .constdata          stm32f1xx_hal_rcc_ex.o
    0x080054b0   0x080054b0   0x00000010   Data   RO         3263    .constdata          system_stm32f1xx.o
    0x080054c0   0x080054c0   0x00000008   Data   RO         3264    .constdata          system_stm32f1xx.o
    0x080054c8   0x080054c8   0x00000818   Data   RO         4742    .constdata          oled.o
    0x08005ce0   0x08005ce0   0x00000905   Data   RO         4872    .constdata          dinogame.o
    0x080065e5   0x080065e5   0x00000200   Data   RO         5156    .constdata          modbus_crc.o
    0x080067e5   0x080067e5   0x00000003   PAD
    0x080067e8   0x080067e8   0x0000004e   Data   RO          261    .conststring        freertos.o
    0x08006836   0x08006836   0x00000002   PAD
    0x08006838   0x08006838   0x00000020   Data   RO         5612    Region$$Table       anon$$obj.o


    Execution Region RW_IRAM1 (Exec base: 0x20000000, Load base: 0x08006858, Size: 0x000022f8, Max: 0x00005000, ABSOLUTE, COMPRESSED[0x0000038c])

    Exec Addr    Load Addr    Size         Type   Attr      Idx    E Section Name        Object

    0x20000000   COMPRESSED   0x00000018   Data   RW          262    .data               freertos.o
    0x20000018   COMPRESSED   0x0000000c   Data   RW          701    .data               stm32f1xx_hal.o
    0x20000024   COMPRESSED   0x00000004   Data   RW         3265    .data               system_stm32f1xx.o
    0x20000028   COMPRESSED   0x0000003c   Data   RW         3803    .data               tasks.o
    0x20000064   COMPRESSED   0x00000018   Data   RW         4433    .data               heap_4.o
    0x2000007c   COMPRESSED   0x0000000c   Data   RW         4496    .data               port.o
    0x20000088   COMPRESSED   0x00000018   Data   RW         4568    .data               control.o
    0x200000a0   COMPRESSED   0x0000087c   Data   RW         4622    .data               menu.o
    0x2000091c   COMPRESSED   0x00000018   Data   RW         4873    .data               dinogame.o
    0x20000934   COMPRESSED   0x00000001   Data   RW         5068    .data               modbus.o
    0x20000935   COMPRESSED   0x00000003   PAD
    0x20000938   COMPRESSED   0x00000004   Data   RW         5214    .data               delay.o
    0x2000093c   COMPRESSED   0x00000004   Data   RW         5299    .data               mc_w.l(rand.o)
    0x20000940   COMPRESSED   0x00000004   Data   RW         5588    .data               mc_w.l(stdout.o)
    0x20000944        -       0x00000254   Zero   RW          259    .bss                freertos.o
    0x20000b98        -       0x00000014   Zero   RW          344    .bss                rtc.o
    0x20000bac        -       0x00000090   Zero   RW          387    .bss                tim.o
    0x20000c3c        -       0x00000090   Zero   RW          437    .bss                usart.o
    0x20000ccc        -       0x00000048   Zero   RW          604    .bss                stm32f1xx_hal_timebase_tim.o
    0x20000d14        -       0x000000f0   Zero   RW         3802    .bss                tasks.o
    0x20000e04        -       0x00001000   Zero   RW         4432    .bss                heap_4.o
    0x20001e04        -       0x000000f4   Zero   RW         5066    .bss                modbus.o
    0x20001ef8        -       0x00000400   Zero   RW            1    STACK               startup_stm32f103xb.o


==============================================================================

Image component sizes


      Code (inc. data)   RO Data    RW Data    ZI Data      Debug   Object Name

       120          0          0          0          0      23437   cmsis_os.o
       316         10          0         24          0       1536   control.o
        78          4          0          4          0       1702   delay.o
       504         62          0          0          0       5689   dht11.o
      1204         78       2309         24          0       9558   dinogame.o
         0          0          0          0          0      18664   event_groups.o
       120         32          0          0          0       1467   float_to_u32.o
       382         24        246         24        596       6809   freertos.o
       228         16          0          0          0       1223   gpio.o
       460         24          0         24       4096       8063   heap_4.o
       138          0          0          0          0       4106   list.o
       302         10          0          0          0     471360   main.o
       396          4          0          0          0       1072   matrix_key.o
      1508        264          0       2172          0      11112   menu.o
       524        146          0          1        244       6018   modbus.o
        44          4        512          0          0       1685   modbus_crc.o
      1044         28       2072          0          0      11909   oled.o
       578         60          0         12          0      11644   port.o
       168         22          0          0         20       2055   rtc.o
        36          8        236          0       1024        920   startup_stm32f103xb.o
       100         18          0         12          0       6074   stm32f1xx_hal.o
       158         14          0          0          0      28778   stm32f1xx_hal_cortex.o
       222          4          0          0          0       2127   stm32f1xx_hal_dma.o
       500         34          0          0          0       3991   stm32f1xx_hal_gpio.o
        72         10          0          0          0       1106   stm32f1xx_hal_msp.o
        12          4          0          0          0        631   stm32f1xx_hal_pwr.o
      1304         94         18          0          0       6577   stm32f1xx_hal_rcc.o
       400         28         18          0          0       2825   stm32f1xx_hal_rcc_ex.o
      1400         12          0          0          0      14728   stm32f1xx_hal_rtc.o
       978         26          0          0          0      11425   stm32f1xx_hal_tim.o
       108         12          0          0          0       2881   stm32f1xx_hal_tim_ex.o
       152         20          0          0         72       1835   stm32f1xx_hal_timebase_tim.o
      1474         10          0          0          0      11560   stm32f1xx_hal_uart.o
       136         32          0          0          0       5585   stm32f1xx_it.o
         0          0          0          0          0        384   stream_buffer.o
         2          0         24          4          0       1475   system_stm32f1xx.o
      1506        110          0         60        240      18006   tasks.o
       296         22          0          0        144       2931   tim.o
       380         44          0          0        144       4106   usart.o

    ----------------------------------------------------------------------
     17392       1290       5472       2364       6580     727054   Object Totals
         0          0         32          0          0          0   (incl. Generated)
        42          0          5          3          0          0   (incl. Padding)

    ----------------------------------------------------------------------

      Code (inc. data)   RO Data    RW Data    ZI Data      Debug   Library Member Name

        86          0          0          0          0          0   __dczerorl2.o
         0          0          0          0          0          0   entry.o
         0          0          0          0          0          0   entry10a.o
         0          0          0          0          0          0   entry11a.o
         4          0          0          0          0          0   entry12b.o
         8          4          0          0          0          0   entry2.o
         4          0          0          0          0          0   entry5.o
         0          0          0          0          0          0   entry7b.o
         0          0          0          0          0          0   entry8b.o
         8          4          0          0          0          0   entry9a.o
        30          0          0          0          0          0   handlers.o
        36          8          0          0          0         68   init.o
         0          0          0          0          0          0   iusefp.o
        30          0          0          0          0         68   llshl.o
        36          0          0          0          0         68   llsshr.o
        32          0          0          0          0         68   llushr.o
        36          0          0          0          0         68   memcpya.o
        36          0          0          0          0        108   memseta.o
      2218         90          0          0          0        464   printfa.o
        36         10          0          4          0        136   rand.o
         0          0          0          4          0          0   stdout.o
        44          0          0          0          0         80   uidiv.o
        98          0          0          0          0         92   uldiv.o
        48          0          0          0          0         68   cdrcmple.o
       334          0          0          0          0        148   dadd.o
       222          0          0          0          0        100   ddiv.o
       186          0          0          0          0        176   depilogue.o
        48          0          0          0          0         68   dfixul.o
       228          0          0          0          0         96   dmul.o
        38          0          0          0          0         68   f2d.o

    ----------------------------------------------------------------------
      3848        116          0          8          0       1944   Library Totals
         2          0          0          0          0          0   (incl. Padding)

    ----------------------------------------------------------------------

      Code (inc. data)   RO Data    RW Data    ZI Data      Debug   Library Name

      2742        116          0          8          0       1220   mc_w.l
      1104          0          0          0          0        724   mf_w.l

    ----------------------------------------------------------------------
      3848        116          0          8          0       1944   Library Totals

    ----------------------------------------------------------------------

==============================================================================


      Code (inc. data)   RO Data    RW Data    ZI Data      Debug   

     21240       1406       5472       2372       6580     718310   Grand Totals
     21240       1406       5472        908       6580     718310   ELF Image Totals (compressed)
     21240       1406       5472        908          0          0   ROM Totals

==============================================================================

    Total RO  Size (Code + RO Data)                26712 (  26.09kB)
    Total RW  Size (RW Data + ZI Data)              8952 (   8.74kB)
    Total ROM Size (Code + RO Data + RW Data)      27620 (  26.97kB)

==============================================================================

